Archive member included to satisfy reference by file (symbol)

d:/potableprogram/gcc-arm-none-eabi-5_4/bin/../lib/gcc/arm-none-eabi/5.4.1/../../../../arm-none-eabi/lib/armv7e-m/fpu\libg.a(lib_a-errno.o)
                              ./System/newlib/_sbrk.o (__errno)
d:/potableprogram/gcc-arm-none-eabi-5_4/bin/../lib/gcc/arm-none-eabi/5.4.1/../../../../arm-none-eabi/lib/armv7e-m/fpu\libg.a(lib_a-impure.o)
                              d:/potableprogram/gcc-arm-none-eabi-5_4/bin/../lib/gcc/arm-none-eabi/5.4.1/../../../../arm-none-eabi/lib/armv7e-m/fpu\libg.a(lib_a-errno.o) (_impure_ptr)
d:/potableprogram/gcc-arm-none-eabi-5_4/bin/../lib/gcc/arm-none-eabi/5.4.1/../../../../arm-none-eabi/lib/armv7e-m/fpu\libg.a(lib_a-memcpy.o)
                              ./Middlewares/Third_Party/FreeRTOS/Source/queue.o (memcpy)
d:/potableprogram/gcc-arm-none-eabi-5_4/bin/../lib/gcc/arm-none-eabi/5.4.1/../../../../arm-none-eabi/lib/armv7e-m/fpu\libg.a(lib_a-memset.o)
                              ./Middlewares/Third_Party/FreeRTOS/Source/CMSIS_RTOS/cmsis_os.o (memset)
d:/potableprogram/gcc-arm-none-eabi-5_4/bin/../lib/gcc/arm-none-eabi/5.4.1/../../../../arm-none-eabi/lib/armv7e-m/fpu\libg.a(lib_a-strlen.o)
                              ./System/newlib/diag/Trace.o (strlen)
d:/potableprogram/gcc-arm-none-eabi-5_4/bin/../lib/gcc/arm-none-eabi/5.4.1/../../../../arm-none-eabi/lib/armv7e-m/fpu\libg.a(lib_a-vsnprintf.o)
                              ./System/newlib/diag/Trace.o (vsnprintf)
d:/potableprogram/gcc-arm-none-eabi-5_4/bin/../lib/gcc/arm-none-eabi/5.4.1/../../../../arm-none-eabi/lib/armv7e-m/fpu\libg.a(lib_a-svfprintf.o)
                              d:/potableprogram/gcc-arm-none-eabi-5_4/bin/../lib/gcc/arm-none-eabi/5.4.1/../../../../arm-none-eabi/lib/armv7e-m/fpu\libg.a(lib_a-vsnprintf.o) (_svfprintf_r)
d:/potableprogram/gcc-arm-none-eabi-5_4/bin/../lib/gcc/arm-none-eabi/5.4.1/../../../../arm-none-eabi/lib/armv7e-m/fpu\libg.a(lib_a-dtoa.o)
                              d:/potableprogram/gcc-arm-none-eabi-5_4/bin/../lib/gcc/arm-none-eabi/5.4.1/../../../../arm-none-eabi/lib/armv7e-m/fpu\libg.a(lib_a-svfprintf.o) (_dtoa_r)
d:/potableprogram/gcc-arm-none-eabi-5_4/bin/../lib/gcc/arm-none-eabi/5.4.1/../../../../arm-none-eabi/lib/armv7e-m/fpu\libg.a(lib_a-localeconv.o)
                              d:/potableprogram/gcc-arm-none-eabi-5_4/bin/../lib/gcc/arm-none-eabi/5.4.1/../../../../arm-none-eabi/lib/armv7e-m/fpu\libg.a(lib_a-svfprintf.o) (_localeconv_r)
d:/potableprogram/gcc-arm-none-eabi-5_4/bin/../lib/gcc/arm-none-eabi/5.4.1/../../../../arm-none-eabi/lib/armv7e-m/fpu\libg.a(lib_a-mallocr.o)
                              d:/potableprogram/gcc-arm-none-eabi-5_4/bin/../lib/gcc/arm-none-eabi/5.4.1/../../../../arm-none-eabi/lib/armv7e-m/fpu\libg.a(lib_a-svfprintf.o) (_malloc_r)
d:/potableprogram/gcc-arm-none-eabi-5_4/bin/../lib/gcc/arm-none-eabi/5.4.1/../../../../arm-none-eabi/lib/armv7e-m/fpu\libg.a(lib_a-memchr.o)
                              d:/potableprogram/gcc-arm-none-eabi-5_4/bin/../lib/gcc/arm-none-eabi/5.4.1/../../../../arm-none-eabi/lib/armv7e-m/fpu\libg.a(lib_a-svfprintf.o) (memchr)
d:/potableprogram/gcc-arm-none-eabi-5_4/bin/../lib/gcc/arm-none-eabi/5.4.1/../../../../arm-none-eabi/lib/armv7e-m/fpu\libg.a(lib_a-mlock.o)
                              d:/potableprogram/gcc-arm-none-eabi-5_4/bin/../lib/gcc/arm-none-eabi/5.4.1/../../../../arm-none-eabi/lib/armv7e-m/fpu\libg.a(lib_a-mallocr.o) (__malloc_lock)
d:/potableprogram/gcc-arm-none-eabi-5_4/bin/../lib/gcc/arm-none-eabi/5.4.1/../../../../arm-none-eabi/lib/armv7e-m/fpu\libg.a(lib_a-mprec.o)
                              d:/potableprogram/gcc-arm-none-eabi-5_4/bin/../lib/gcc/arm-none-eabi/5.4.1/../../../../arm-none-eabi/lib/armv7e-m/fpu\libg.a(lib_a-dtoa.o) (_Balloc)
d:/potableprogram/gcc-arm-none-eabi-5_4/bin/../lib/gcc/arm-none-eabi/5.4.1/../../../../arm-none-eabi/lib/armv7e-m/fpu\libg.a(lib_a-sbrkr.o)
                              d:/potableprogram/gcc-arm-none-eabi-5_4/bin/../lib/gcc/arm-none-eabi/5.4.1/../../../../arm-none-eabi/lib/armv7e-m/fpu\libg.a(lib_a-mallocr.o) (_sbrk_r)
d:/potableprogram/gcc-arm-none-eabi-5_4/bin/../lib/gcc/arm-none-eabi/5.4.1/../../../../arm-none-eabi/lib/armv7e-m/fpu\libg.a(lib_a-svfiprintf.o)
                              d:/potableprogram/gcc-arm-none-eabi-5_4/bin/../lib/gcc/arm-none-eabi/5.4.1/../../../../arm-none-eabi/lib/armv7e-m/fpu\libg.a(lib_a-svfprintf.o) (__ssprint_r)
d:/potableprogram/gcc-arm-none-eabi-5_4/bin/../lib/gcc/arm-none-eabi/5.4.1/../../../../arm-none-eabi/lib/armv7e-m/fpu\libg.a(lib_a-callocr.o)
                              d:/potableprogram/gcc-arm-none-eabi-5_4/bin/../lib/gcc/arm-none-eabi/5.4.1/../../../../arm-none-eabi/lib/armv7e-m/fpu\libg.a(lib_a-mprec.o) (_calloc_r)
d:/potableprogram/gcc-arm-none-eabi-5_4/bin/../lib/gcc/arm-none-eabi/5.4.1/../../../../arm-none-eabi/lib/armv7e-m/fpu\libg.a(lib_a-freer.o)
[...]
Memory Configuration

Name             Origin             Length             Attributes
RAM              0x20000000         0x00030000         xrw
CCMRAM           0x10000000         0x00010000         xrw
FLASH            0x08000000         0x00100000         xr
FLASHB1          0x00000000         0x00000000         xr
EXTMEMB0         0x00000000         0x00000000         xr
EXTMEMB1         0x00000000         0x00000000         xr
EXTMEMB2         0x00000000         0x00000000         xr
EXTMEMB3         0x00000000         0x00000000         xr
MEMORY_ARRAY     0x20002000         0x00000020         xrw
*default*        0x00000000         0xffffffff

Linker script and memory map

LOAD ./System/newlib/diag/Trace.o
LOAD ./System/newlib/diag/trace_impl.o
LOAD ./System/newlib/_cxx.o
LOAD ./System/newlib/_exit.o
LOAD ./System/newlib/_sbrk.o
LOAD ./System/newlib/_startup.o
LOAD ./System/newlib/_syscalls.o
LOAD ./System/newlib/assert.o
LOAD ./System/_initialize_hardware.o
LOAD ./System/_reset_hardware.o
LOAD ./System/exception_handlers.o
LOAD ./System/vectors_stm32f427xx.o
LOAD ./Src/can.o
LOAD ./Src/dma.o
LOAD ./Src/freertos.o
LOAD ./Src/gpio.o
LOAD ./Src/main.o
LOAD ./Src/spi.o
LOAD ./Src/stm32f4xx_hal_msp.o
LOAD ./Src/stm32f4xx_hal_timebase_TIM.o
LOAD ./Src/stm32f4xx_it.o
LOAD ./Src/system_stm32f4xx.o
LOAD ./Src/tim.o
LOAD ./Src/usart.o
LOAD ./Middlewares/Third_Party/FreeRTOS/Source/portable/MemMang/heap_4.o
LOAD ./Middlewares/Third_Party/FreeRTOS/Source/portable/GCC/ARM_CM4F/port.o
LOAD ./Middlewares/Third_Party/FreeRTOS/Source/CMSIS_RTOS/cmsis_os.o
LOAD ./Middlewares/Third_Party/FreeRTOS/Source/croutine.o
LOAD ./Middlewares/Third_Party/FreeRTOS/Source/event_groups.o
LOAD ./Middlewares/Third_Party/FreeRTOS/Source/list.o
LOAD ./Middlewares/Third_Party/FreeRTOS/Source/queue.o
LOAD ./Middlewares/Third_Party/FreeRTOS/Source/tasks.o
LOAD ./Middlewares/Third_Party/FreeRTOS/Source/timers.o
LOAD ./Drivers/STM32F4xx_HAL_Driver/Src/stm32f4xx_hal.o
LOAD ./Drivers/STM32F4xx_HAL_Driver/Src/stm32f4xx_hal_can.o
LOAD ./Drivers/STM32F4xx_HAL_Driver/Src/stm32f4xx_hal_cortex.o
LOAD ./Drivers/STM32F4xx_HAL_Driver/Src/stm32f4xx_hal_dma.o
LOAD ./Drivers/STM32F4xx_HAL_Driver/Src/stm32f4xx_hal_dma_ex.o
LOAD ./Drivers/STM32F4xx_HAL_Driver/Src/stm32f4xx_hal_flash.o
LOAD ./Drivers/STM32F4xx_HAL_Driver/Src/stm32f4xx_hal_flash_ex.o
LOAD ./Drivers/STM32F4xx_HAL_Driver/Src/stm32f4xx_hal_flash_ramfunc.o
LOAD ./Drivers/STM32F4xx_HAL_Driver/Src/stm32f4xx_hal_gpio.o
LOAD ./Drivers/STM32F4xx_HAL_Driver/Src/stm32f4xx_hal_pwr.o
LOAD ./Drivers/STM32F4xx_HAL_Driver/Src/stm32f4xx_hal_pwr_ex.o
LOAD ./Drivers/STM32F4xx_HAL_Driver/Src/stm32f4xx_hal_rcc.o
LOAD ./Drivers/STM32F4xx_HAL_Driver/Src/stm32f4xx_hal_rcc_ex.o
LOAD ./Drivers/STM32F4xx_HAL_Driver/Src/stm32f4xx_hal_spi.o
LOAD ./Drivers/STM32F4xx_HAL_Driver/Src/stm32f4xx_hal_tim.o
LOAD ./Drivers/STM32F4xx_HAL_Driver/Src/stm32f4xx_hal_tim_ex.o
LOAD ./Drivers/STM32F4xx_HAL_Driver/Src/stm32f4xx_hal_uart.o
LOAD d:/potableprogram/gcc-arm-none-eabi-5_4/bin/../lib/gcc/arm-none-eabi/5.4.1/../../../../arm-none-eabi/lib/armv7e-m/fpu\libstdc++.a
LOAD d:/potableprogram/gcc-arm-none-eabi-5_4/bin/../lib/gcc/arm-none-eabi/5.4.1/../../../../arm-none-eabi/lib/armv7e-m/fpu\libm.a
START GROUP
LOAD d:/potableprogram/gcc-arm-none-eabi-5_4/bin/../lib/gcc/arm-none-eabi/5.4.1/armv7e-m/fpu\libgcc.a
LOAD d:/potableprogram/gcc-arm-none-eabi-5_4/bin/../lib/gcc/arm-none-eabi/5.4.1/../../../../arm-none-eabi/lib/armv7e-m/fpu\libg.a
LOAD d:/potableprogram/gcc-arm-none-eabi-5_4/bin/../lib/gcc/arm-none-eabi/5.4.1/../../../../arm-none-eabi/lib/armv7e-m/fpu\libc.a
END GROUP
                0x20030000                __stack = (ORIGIN (RAM) + LENGTH (RAM))
                0x20030000                _estack = __stack
                0x00000400                __Main_Stack_Size = 0x400
                [!provide]                PROVIDE (_Main_Stack_Size, __Main_Stack_Size)
                0x2002fc00                __Main_Stack_Limit = (__stack - __Main_Stack_Size)
                [!provide]                PROVIDE (_Main_Stack_Limit, __Main_Stack_Limit)
                0x00000100                _Minimum_Stack_Size = 0x100
                0x20004ce8                PROVIDE (_Heap_Begin, _end_noinit)
                0x2002fc00                PROVIDE (_Heap_Limit, (__stack - __Main_Stack_Size))

.isr_vector     0x08000000      0x3c8
 FILL mask 0xff
                0x08000000                __vectors_start = ABSOLUTE (.)
                0x08000000                __vectors_start__ = ABSOLUTE (.)
 *(.isr_vector)
 .isr_vector    0x08000000      0x1ac ./System/vectors_stm32f427xx.o
                0x08000000                __isr_vectors
 *(.cfmconfig)
 *(.after_vectors .after_vectors.*)
 .after_vectors
                0x080001ac      0x114 ./System/newlib/_startup.o
                0x080001ac                _start
 .after_vectors
                0x080002c0      0x104 ./System/exception_handlers.o
                0x080002c0                Reset_Handler
                0x080002e0                HardFault_Handler_C
                0x0800032c                BusFault_Handler_C
                0x08000374                UsageFault_Handler_C
 .after_vectors
                0x080003c4        0x4 ./System/vectors_stm32f427xx.o
                0x080003c4                RTC_Alarm_IRQHandler
                0x080003c4                HASH_RNG_IRQHandler
                0x080003c4                EXTI2_IRQHandler
                0x080003c4                TIM8_CC_IRQHandler
                0x080003c4                UART8_IRQHandler
                0x080003c4                SPI4_IRQHandler
                0x080003c4                TIM1_CC_IRQHandler
                0x080003c4                DMA2_Stream5_IRQHandler
                0x080003c4                PVD_IRQHandler
                0x080003c4                SDIO_IRQHandler
                0x080003c4                TAMP_STAMP_IRQHandler
                0x080003c4                CAN2_RX1_IRQHandler
                0x080003c4                EXTI3_IRQHandler
                0x080003c4                TIM8_TRG_COM_TIM14_IRQHandler
                0x080003c4                TIM1_UP_TIM10_IRQHandler
                0x080003c4                TIM8_UP_TIM13_IRQHandler
                0x080003c4                I2C3_ER_IRQHandler
                0x080003c4                EXTI0_IRQHandler
                0x080003c4                I2C2_EV_IRQHandler
                0x080003c4                DMA1_Stream2_IRQHandler
                0x080003c4                FPU_IRQHandler
                0x080003c4                OTG_HS_WKUP_IRQHandler
                0x080003c4                CAN2_SCE_IRQHandler
                0x080003c4                SPI1_IRQHandler
                0x080003c4                TIM1_BRK_TIM9_IRQHandler
                0x080003c4                DCMI_IRQHandler
                0x080003c4                DMA2_Stream3_IRQHandler
                0x080003c4                CAN1_RX1_IRQHandler
                0x080003c4                UART5_IRQHandler
                0x080003c4                DMA2_Stream0_IRQHandler
                0x080003c4                TIM4_IRQHandler
                0x080003c4                I2C1_EV_IRQHandler
                0x080003c4                DMA1_Stream6_IRQHandler
                0x080003c4                UART4_IRQHandler
                0x080003c4                TIM3_IRQHandler
                0x080003c4                RCC_IRQHandler
                0x080003c4                TIM8_BRK_TIM12_IRQHandler
                0x080003c4                Default_Handler
                0x080003c4                EXTI15_10_IRQHandler
                0x080003c4                ADC_IRQHandler
                0x080003c4                DMA1_Stream7_IRQHandler
                0x080003c4                SPI5_IRQHandler
                0x080003c4                TIM7_IRQHandler
                0x080003c4                TIM5_IRQHandler
                0x080003c4                DMA2_Stream7_IRQHandler
                0x080003c4                I2C3_EV_IRQHandler
                0x080003c4                EXTI9_5_IRQHandler
                0x080003c4                RTC_WKUP_IRQHandler
                0x080003c4                ETH_WKUP_IRQHandler
                0x080003c4                SPI2_IRQHandler
                0x080003c4                OTG_HS_EP1_IN_IRQHandler
                0x080003c4                DMA1_Stream0_IRQHandler
                0x080003c4                EXTI4_IRQHandler
                0x080003c4                ETH_IRQHandler
                0x080003c4                OTG_HS_EP1_OUT_IRQHandler
                0x080003c4                WWDG_IRQHandler
                0x080003c4                SPI6_IRQHandler
                0x080003c4                TIM2_IRQHandler
                0x080003c4                OTG_FS_WKUP_IRQHandler
                0x080003c4                TIM1_TRG_COM_TIM11_IRQHandler
                0x080003c4                OTG_HS_IRQHandler
                0x080003c4                DMA2D_IRQHandler
                0x080003c4                EXTI1_IRQHandler
                0x080003c4                UART7_IRQHandler
                0x080003c4                I2C2_ER_IRQHandler
                0x080003c4                CAN1_SCE_IRQHandler
                0x080003c4                FLASH_IRQHandler
                0x080003c4                DMA2_Stream4_IRQHandler
                0x080003c4                OTG_FS_IRQHandler
                0x080003c4                SPI3_IRQHandler
                0x080003c4                DMA1_Stream4_IRQHandler
                0x080003c4                I2C1_ER_IRQHandler
                0x080003c4                FMC_IRQHandler
                0x080003c4                DMA2_Stream6_IRQHandler
                0x080003c4                SAI1_IRQHandler
                0x080003c4                DMA1_Stream3_IRQHandler

.inits          0x080003c8       0x28
                0x080003c8                __data_regions_array_start = .
                0x080003c8        0x4 LONG 0x800a498 LOADADDR (.data)
                0x080003cc        0x4 LONG 0x20000000 ADDR (.data)
                0x080003d0        0x4 LONG 0x200009c4 (ADDR (.data) + SIZEOF (.data))
                0x080003d4        0x4 LONG 0x800a498 LOADADDR (.data_CCMRAM)
                0x080003d8        0x4 LONG 0x10000000 ADDR (.data_CCMRAM)
                0x080003dc        0x4 LONG 0x10000000 (ADDR (.data_CCMRAM) + SIZEOF (.data_CCMRAM))
                0x080003e0                __data_regions_array_end = .
                0x080003e0                __bss_regions_array_start = .
                0x080003e0        0x4 LONG 0x200009c4 ADDR (.bss)
                0x080003e4        0x4 LONG 0x20004ce8 (ADDR (.bss) + SIZEOF (.bss))
                0x080003e8        0x4 LONG 0x10000000 ADDR (.bss_CCMRAM)
                0x080003ec        0x4 LONG 0x10000000 (ADDR (.bss_CCMRAM) + SIZEOF (.bss_CCMRAM))
                0x080003f0                __bss_regions_array_end = .
 *(.init)
 *(.fini)
                0x080003f0                . = ALIGN (0x4)
                0x080003f0                PROVIDE (__preinit_array_start, .)
 *(.preinit_array_sysinit .preinit_array_sysinit.*)
 *(.preinit_array_platform .preinit_array_platform.*)
 *(.preinit_array .preinit_array.*)
                0x080003f0                PROVIDE (__preinit_array_end, .)
                0x080003f0                . = ALIGN (0x4)
                0x080003f0                PROVIDE (__init_array_start, .)
 *(SORT(.init_array.*))
 *(.init_array)
                0x080003f0                PROVIDE (__init_array_end, .)
                0x080003f0                . = ALIGN (0x4)
                0x080003f0                PROVIDE (__fini_array_start, .)
 *(SORT(.fini_array.*))
 *(.fini_array)
                0x080003f0                PROVIDE (__fini_array_end, .)

.flashtext
 *(.flashtext .flashtext.*)

.text           0x08000400     0xa08d
 *(.text .text.*)
 .text.trace_printf
                0x08000400       0x30 ./System/newlib/diag/Trace.o
                0x08000400                trace_printf
 .text._trace_write_itm
                0x08000430       0x48 ./System/newlib/diag/trace_impl.o
 .text.trace_write
                0x08000478        0x8 ./System/newlib/diag/trace_impl.o
                0x08000478                trace_write
 .text._exit    0x08000480        0x4 ./System/newlib/_exit.o
                0x08000480                _exit
 .text._sbrk    0x08000484       0x44 ./System/newlib/_sbrk.o
                0x08000484                _sbrk
 .text.__initialize_args
                0x080004c8       0x10 ./System/newlib/_syscalls.o
                0x080004c8                __initialize_args
 .text.__initialize_hardware_early
                0x080004d8       0x24 ./System/_initialize_hardware.o
                0x080004d8                __initialize_hardware_early
 .text.__initialize_hardware
                0x080004fc        0x8 ./System/_initialize_hardware.o
                0x080004fc                __initialize_hardware
 .text.dumpExceptionStack
                0x08000504       0xf0 ./System/exception_handlers.o
                0x08000504                dumpExceptionStack
 .text.MX_CAN1_Init
                0x080005f4       0x48 ./Src/can.o
                0x080005f4                MX_CAN1_Init
 .text.MX_CAN2_Init
                0x0800063c       0x4c ./Src/can.o
                0x0800063c                MX_CAN2_Init
 .text.HAL_CAN_MspInit
                0x08000688      0x108 ./Src/can.o
                0x08000688                HAL_CAN_MspInit
 .text.MX_DMA_Init
                0x08000790       0x78 ./Src/dma.o
                0x08000790                MX_DMA_Init
 .text.StartDefaultTask
                0x08000808        0xc ./Src/freertos.o
                0x08000808                StartDefaultTask
 .text.MX_FREERTOS_Init
                0x08000814       0x28 ./Src/freertos.o
                0x08000814                MX_FREERTOS_Init
 .text.MX_GPIO_Init
                0x0800083c      0x174 ./Src/gpio.o
                0x0800083c                MX_GPIO_Init
 .text.HAL_TIM_PeriodElapsedCallback
                0x080009b0       0x14 ./Src/main.o
                0x080009b0                HAL_TIM_PeriodElapsedCallback
 .text._Error_Handler
                0x080009c4        0x4 ./Src/main.o
                0x080009c4                _Error_Handler
 .text.SystemClock_Config
                0x080009c8       0xd4 ./Src/main.o
                0x080009c8                SystemClock_Config
 .text.main     0x08000a9c       0x50 ./Src/main.o
                0x08000a9c                main
 .text.assert_failed
                0x08000aec        0x4 ./Src/main.o
                0x08000aec                assert_failed
 .text.MX_SPI5_Init
                0x08000af0       0x48 ./Src/spi.o
                0x08000af0                MX_SPI5_Init
 .text.HAL_SPI_MspInit
                0x08000b38       0x54 ./Src/spi.o
                0x08000b38                HAL_SPI_MspInit
 .text.HAL_MspInit
                0x08000b8c       0x60 ./Src/stm32f4xx_hal_msp.o
                0x08000b8c                HAL_MspInit
 .text.HAL_InitTick
                0x08000bec       0x7c ./Src/stm32f4xx_hal_timebase_TIM.o
                0x08000bec                HAL_InitTick
 .text.NMI_Handler
                0x08000c68        0x4 ./Src/stm32f4xx_it.o
                0x08000c68                NMI_Handler
 .text.HardFault_Handler
                0x08000c6c        0x4 ./Src/stm32f4xx_it.o
                0x08000c6c                HardFault_Handler
 .text.MemManage_Handler
                0x08000c70        0x4 ./Src/stm32f4xx_it.o
                0x08000c70                MemManage_Handler
 .text.BusFault_Handler
                0x08000c74        0x4 ./Src/stm32f4xx_it.o
                0x08000c74                BusFault_Handler
 .text.UsageFault_Handler
                0x08000c78        0x4 ./Src/stm32f4xx_it.o
                0x08000c78                UsageFault_Handler
 .text.DebugMon_Handler
                0x08000c7c        0x4 ./Src/stm32f4xx_it.o
                0x08000c7c                DebugMon_Handler
 .text.SysTick_Handler
                0x08000c80        0x8 ./Src/stm32f4xx_it.o
                0x08000c80                SysTick_Handler
 .text.DMA1_Stream1_IRQHandler
                0x08000c88       0x10 ./Src/stm32f4xx_it.o
                0x08000c88                DMA1_Stream1_IRQHandler
 .text.DMA1_Stream5_IRQHandler
                0x08000c98       0x10 ./Src/stm32f4xx_it.o
                0x08000c98                DMA1_Stream5_IRQHandler
 .text.CAN1_TX_IRQHandler
                0x08000ca8       0x10 ./Src/stm32f4xx_it.o
                0x08000ca8                CAN1_TX_IRQHandler
 .text.CAN1_RX0_IRQHandler
                0x08000cb8       0x10 ./Src/stm32f4xx_it.o
                0x08000cb8                CAN1_RX0_IRQHandler
 .text.USART1_IRQHandler
                0x08000cc8       0x10 ./Src/stm32f4xx_it.o
                0x08000cc8                USART1_IRQHandler
 .text.USART2_IRQHandler
                0x08000cd8       0x10 ./Src/stm32f4xx_it.o
                0x08000cd8                USART2_IRQHandler
 .text.USART3_IRQHandler
                0x08000ce8       0x10 ./Src/stm32f4xx_it.o
                0x08000ce8                USART3_IRQHandler
 .text.TIM6_DAC_IRQHandler
                0x08000cf8       0x10 ./Src/stm32f4xx_it.o
                0x08000cf8                TIM6_DAC_IRQHandler
 .text.DMA2_Stream1_IRQHandler
                0x08000d08       0x10 ./Src/stm32f4xx_it.o
                0x08000d08                DMA2_Stream1_IRQHandler
 .text.DMA2_Stream2_IRQHandler
                0x08000d18       0x10 ./Src/stm32f4xx_it.o
                0x08000d18                DMA2_Stream2_IRQHandler
 .text.CAN2_TX_IRQHandler
                0x08000d28       0x10 ./Src/stm32f4xx_it.o
                0x08000d28                CAN2_TX_IRQHandler
 .text.CAN2_RX0_IRQHandler
                0x08000d38       0x10 ./Src/stm32f4xx_it.o
                0x08000d38                CAN2_RX0_IRQHandler
 .text.USART6_IRQHandler
                0x08000d48       0x10 ./Src/stm32f4xx_it.o
                0x08000d48                USART6_IRQHandler
 .text.SystemInit
                0x08000d58       0x4c ./Src/system_stm32f4xx.o
                0x08000d58                SystemInit
 .text.SystemCoreClockUpdate
                0x08000da4       0xa0 ./Src/system_stm32f4xx.o
                0x08000da4                SystemCoreClockUpdate
 .text.HAL_TIM_PWM_MspInit
                0x08000e44       0xe0 ./Src/tim.o
                0x08000e44                HAL_TIM_PWM_MspInit
 .text.HAL_TIM_MspPostInit
                0x08000f24      0x140 ./Src/tim.o
                0x08000f24                HAL_TIM_MspPostInit
 .text.MX_TIM2_Init
                0x08001064       0xac ./Src/tim.o
                0x08001064                MX_TIM2_Init
 .text.MX_TIM3_Init
                0x08001110       0x88 ./Src/tim.o
                0x08001110                MX_TIM3_Init
 .text.MX_TIM4_Init
                0x08001198       0xb0 ./Src/tim.o
                0x08001198                MX_TIM4_Init
 .text.MX_TIM5_Init
                0x08001248       0xbc ./Src/tim.o
                0x08001248                MX_TIM5_Init
 .text.MX_TIM8_Init
                0x08001304       0xe8 ./Src/tim.o
                0x08001304                MX_TIM8_Init
 .text.MX_TIM12_Init
                0x080013ec       0x80 ./Src/tim.o
                0x080013ec                MX_TIM12_Init
 .text.MX_USART1_UART_Init
                0x0800146c       0x40 ./Src/usart.o
                0x0800146c                MX_USART1_UART_Init
 .text.MX_USART2_UART_Init
                0x080014ac       0x3c ./Src/usart.o
                0x080014ac                MX_USART2_UART_Init
 .text.MX_USART3_UART_Init
                0x080014e8       0x3c ./Src/usart.o
                0x080014e8                MX_USART3_UART_Init
 .text.MX_USART6_UART_Init
                0x08001524       0x3c ./Src/usart.o
                0x08001524                MX_USART6_UART_Init
 .text.HAL_UART_MspInit
                0x08001560      0x258 ./Src/usart.o
                0x08001560                HAL_UART_MspInit
 .text.prvHeapInit
                0x080017b8       0x64 ./Middlewares/Third_Party/FreeRTOS/Source/portable/MemMang/heap_4.o
 .text.prvInsertBlockIntoFreeList
                0x0800181c       0x58 ./Middlewares/Third_Party/FreeRTOS/Source/portable/MemMang/heap_4.o
 .text.pvPortMalloc
                0x08001874      0x104 ./Middlewares/Third_Party/FreeRTOS/Source/portable/MemMang/heap_4.o
                0x08001874                pvPortMalloc
 .text.vPortFree
                0x08001978       0x78 ./Middlewares/Third_Party/FreeRTOS/Source/portable/MemMang/heap_4.o
                0x08001978                vPortFree
 .text.prvTaskExitError
                0x080019f0       0x34 ./Middlewares/Third_Party/FreeRTOS/Source/portable/GCC/ARM_CM4F/port.o
 .text.prvPortStartFirstTask
                0x08001a24       0x20 ./Middlewares/Third_Party/FreeRTOS/Source/portable/GCC/ARM_CM4F/port.o
 .text.vPortEnableVFP
                0x08001a44       0x14 ./Middlewares/Third_Party/FreeRTOS/Source/portable/GCC/ARM_CM4F/port.o
 .text.pxPortInitialiseStack
                0x08001a58       0x2c ./Middlewares/Third_Party/FreeRTOS/Source/portable/GCC/ARM_CM4F/port.o
                0x08001a58                pxPortInitialiseStack
 *fill*         0x08001a84        0xc 
 .text.SVC_Handler
                0x08001a90       0x24 ./Middlewares/Third_Party/FreeRTOS/Source/portable/GCC/ARM_CM4F/port.o
                0x08001a90                SVC_Handler
 .text.vPortEnterCritical
                0x08001ab4       0x44 ./Middlewares/Third_Party/FreeRTOS/Source/portable/GCC/ARM_CM4F/port.o
                0x08001ab4                vPortEnterCritical
 .text.vPortExitCritical
                0x08001af8       0x2c ./Middlewares/Third_Party/FreeRTOS/Source/portable/GCC/ARM_CM4F/port.o
                0x08001af8                vPortExitCritical
 *fill*         0x08001b24        0xc 
 .text.PendSV_Handler
                0x08001b30       0x64 ./Middlewares/Third_Party/FreeRTOS/Source/portable/GCC/ARM_CM4F/port.o
                0x08001b30                PendSV_Handler
 .text.xPortSysTickHandler
                0x08001b94       0x2c ./Middlewares/Third_Party/FreeRTOS/Source/portable/GCC/ARM_CM4F/port.o
                0x08001b94                xPortSysTickHandler
 .text.vPortSetupTimerInterrupt
                0x08001bc0       0x2c ./Middlewares/Third_Party/FreeRTOS/Source/portable/GCC/ARM_CM4F/port.o
                0x08001bc0                vPortSetupTimerInterrupt
 .text.xPortStartScheduler
                0x08001bec       0xec ./Middlewares/Third_Party/FreeRTOS/Source/portable/GCC/ARM_CM4F/port.o
                0x08001bec                xPortStartScheduler
 .text.makeFreeRtosPriority
                0x08001cd8        0xc ./Middlewares/Third_Party/FreeRTOS/Source/CMSIS_RTOS/cmsis_os.o
 .text.osKernelStart
                0x08001ce4        0xc ./Middlewares/Third_Party/FreeRTOS/Source/CMSIS_RTOS/cmsis_os.o
                0x08001ce4                osKernelStart
 .text.osThreadCreate
                0x08001cf0       0x34 ./Middlewares/Third_Party/FreeRTOS/Source/CMSIS_RTOS/cmsis_os.o
                0x08001cf0                osThreadCreate
 .text.osDelay  0x08001d24       0x10 ./Middlewares/Third_Party/FreeRTOS/Source/CMSIS_RTOS/cmsis_os.o
                0x08001d24                osDelay
 .text.osSystickHandler
                0x08001d34       0x10 ./Middlewares/Third_Party/FreeRTOS/Source/CMSIS_RTOS/cmsis_os.o
                0x08001d34                osSystickHandler
 .text.vListInitialise
                0x08001d44       0x18 ./Middlewares/Third_Party/FreeRTOS/Source/list.o
                0x08001d44                vListInitialise
 .text.vListInitialiseItem
                0x08001d5c        0x8 ./Middlewares/Third_Party/FreeRTOS/Source/list.o
                0x08001d5c                vListInitialiseItem
 .text.vListInsertEnd
                0x08001d64       0x18 ./Middlewares/Third_Party/FreeRTOS/Source/list.o
                0x08001d64                vListInsertEnd
 .text.vListInsert
                0x08001d7c       0x34 ./Middlewares/Third_Party/FreeRTOS/Source/list.o
                0x08001d7c                vListInsert
 .text.uxListRemove
                0x08001db0       0x24 ./Middlewares/Third_Party/FreeRTOS/Source/list.o
                0x08001db0                uxListRemove
 .text.prvResetNextTaskUnblockTime
                0x08001dd4       0x34 ./Middlewares/Third_Party/FreeRTOS/Source/tasks.o
 .text.prvDeleteTCB
                0x08001e08       0x14 ./Middlewares/Third_Party/FreeRTOS/Source/tasks.o
 .text.prvInitialiseNewTask
                0x08001e1c       0x80 ./Middlewares/Third_Party/FreeRTOS/Source/tasks.o
 .text.prvInitialiseTaskLists
                0x08001e9c       0x68 ./Middlewares/Third_Party/FreeRTOS/Source/tasks.o
 .text.prvAddNewTaskToReadyList
                0x08001f04       0xa8 ./Middlewares/Third_Party/FreeRTOS/Source/tasks.o
 .text.prvAddCurrentTaskToDelayedList
                0x08001fac       0x98 ./Middlewares/Third_Party/FreeRTOS/Source/tasks.o
 .text.xTaskCreate
                0x08002044       0x64 ./Middlewares/Third_Party/FreeRTOS/Source/tasks.o
                0x08002044                xTaskCreate
 .text.vTaskStartScheduler
                0x080020a8       0x7c ./Middlewares/Third_Party/FreeRTOS/Source/tasks.o
                0x080020a8                vTaskStartScheduler
 .text.vTaskSuspendAll
                0x08002124       0x10 ./Middlewares/Third_Party/FreeRTOS/Source/tasks.o
                0x08002124                vTaskSuspendAll
 .text.xTaskIncrementTick
                0x08002134      0x124 ./Middlewares/Third_Party/FreeRTOS/Source/tasks.o
                0x08002134                xTaskIncrementTick
 .text.xTaskResumeAll
                0x08002258       0xf8 ./Middlewares/Third_Party/FreeRTOS/Source/tasks.o
                0x08002258                xTaskResumeAll
 .text.vTaskDelay
                0x08002350       0x50 ./Middlewares/Third_Party/FreeRTOS/Source/tasks.o
                0x08002350                vTaskDelay
 .text.prvCheckTasksWaitingTermination
                0x080023a0       0x54 ./Middlewares/Third_Party/FreeRTOS/Source/tasks.o
 .text.prvIdleTask
                0x080023f4       0x28 ./Middlewares/Third_Party/FreeRTOS/Source/tasks.o
 .text.vTaskSwitchContext
                0x0800241c       0x94 ./Middlewares/Third_Party/FreeRTOS/Source/tasks.o
                0x0800241c                vTaskSwitchContext
 .text.xTaskGetSchedulerState
                0x080024b0       0x20 ./Middlewares/Third_Party/FreeRTOS/Source/tasks.o
                0x080024b0                xTaskGetSchedulerState
 .text.HAL_Init
                0x080024d0       0x34 ./Drivers/STM32F4xx_HAL_Driver/Src/stm32f4xx_hal.o
                0x080024d0                HAL_Init
 .text.HAL_IncTick
                0x08002504       0x10 ./Drivers/STM32F4xx_HAL_Driver/Src/stm32f4xx_hal.o
                0x08002504                HAL_IncTick
 .text.HAL_GetTick
                0x08002514        0xc ./Drivers/STM32F4xx_HAL_Driver/Src/stm32f4xx_hal.o
                0x08002514                HAL_GetTick
 .text.HAL_CAN_Init
                0x08002520      0x26c ./Drivers/STM32F4xx_HAL_Driver/Src/stm32f4xx_hal_can.o
                0x08002520                HAL_CAN_Init
 .text.HAL_CAN_TxCpltCallback
                0x0800278c        0x4 ./Drivers/STM32F4xx_HAL_Driver/Src/stm32f4xx_hal_can.o
                0x0800278c                HAL_CAN_TxCpltCallback
 .text.CAN_Transmit_IT
                0x08002790       0x58 ./Drivers/STM32F4xx_HAL_Driver/Src/stm32f4xx_hal_can.o
 .text.HAL_CAN_RxCpltCallback
                0x080027e8        0x4 ./Drivers/STM32F4xx_HAL_Driver/Src/stm32f4xx_hal_can.o
                0x080027e8                HAL_CAN_RxCpltCallback
 .text.CAN_Receive_IT
                0x080027ec      0x16c ./Drivers/STM32F4xx_HAL_Driver/Src/stm32f4xx_hal_can.o
 .text.HAL_CAN_ErrorCallback
                0x08002958        0x4 ./Drivers/STM32F4xx_HAL_Driver/Src/stm32f4xx_hal_can.o
                0x08002958                HAL_CAN_ErrorCallback
 .text.HAL_CAN_IRQHandler
                0x0800295c      0x1f4 ./Drivers/STM32F4xx_HAL_Driver/Src/stm32f4xx_hal_can.o
                0x0800295c                HAL_CAN_IRQHandler
 .text.HAL_NVIC_SetPriorityGrouping
                0x08002b50       0x3c ./Drivers/STM32F4xx_HAL_Driver/Src/stm32f4xx_hal_cortex.o
                0x08002b50                HAL_NVIC_SetPriorityGrouping
 .text.HAL_NVIC_SetPriority
                0x08002b8c       0x84 ./Drivers/STM32F4xx_HAL_Driver/Src/stm32f4xx_hal_cortex.o
                0x08002b8c                HAL_NVIC_SetPriority
 .text.HAL_NVIC_EnableIRQ
                0x08002c10       0x2c ./Drivers/STM32F4xx_HAL_Driver/Src/stm32f4xx_hal_cortex.o
                0x08002c10                HAL_NVIC_EnableIRQ
 .text.HAL_SYSTICK_Config
                0x08002c3c       0x2c ./Drivers/STM32F4xx_HAL_Driver/Src/stm32f4xx_hal_cortex.o
                0x08002c3c                HAL_SYSTICK_Config
 .text.HAL_SYSTICK_CLKSourceConfig
                0x08002c68       0x38 ./Drivers/STM32F4xx_HAL_Driver/Src/stm32f4xx_hal_cortex.o
                0x08002c68                HAL_SYSTICK_CLKSourceConfig
 .text.DMA_CalcBaseAndBitshift
                0x08002ca0       0x3c ./Drivers/STM32F4xx_HAL_Driver/Src/stm32f4xx_hal_dma.o
 .text.DMA_CheckFifoParam
                0x08002cdc       0x90 ./Drivers/STM32F4xx_HAL_Driver/Src/stm32f4xx_hal_dma.o
 .text.HAL_DMA_Init
                0x08002d6c      0x274 ./Drivers/STM32F4xx_HAL_Driver/Src/stm32f4xx_hal_dma.o
                0x08002d6c                HAL_DMA_Init
 .text.HAL_DMA_Abort_IT
                0x08002fe0       0x28 ./Drivers/STM32F4xx_HAL_Driver/Src/stm32f4xx_hal_dma.o
                0x08002fe0                HAL_DMA_Abort_IT
 .text.HAL_DMA_IRQHandler
                0x08003008      0x1e0 ./Drivers/STM32F4xx_HAL_Driver/Src/stm32f4xx_hal_dma.o
                0x08003008                HAL_DMA_IRQHandler
 .text.HAL_GPIO_Init
                0x080031e8      0x368 ./Drivers/STM32F4xx_HAL_Driver/Src/stm32f4xx_hal_gpio.o
                0x080031e8                HAL_GPIO_Init
 .text.HAL_GPIO_WritePin
                0x08003550       0x34 ./Drivers/STM32F4xx_HAL_Driver/Src/stm32f4xx_hal_gpio.o
                0x08003550                HAL_GPIO_WritePin
 .text.HAL_PWREx_EnableOverDrive
                0x08003584       0xa4 ./Drivers/STM32F4xx_HAL_Driver/Src/stm32f4xx_hal_pwr_ex.o
                0x08003584                HAL_PWREx_EnableOverDrive
 .text.HAL_RCC_OscConfig
                0x08003628      0x4b8 ./Drivers/STM32F4xx_HAL_Driver/Src/stm32f4xx_hal_rcc.o
                0x08003628                HAL_RCC_OscConfig
 .text.HAL_RCC_GetSysClockFreq
                0x08003ae0       0xa4 ./Drivers/STM32F4xx_HAL_Driver/Src/stm32f4xx_hal_rcc.o
                0x08003ae0                HAL_RCC_GetSysClockFreq
 .text.HAL_RCC_ClockConfig
                0x08003b84      0x264 ./Drivers/STM32F4xx_HAL_Driver/Src/stm32f4xx_hal_rcc.o
                0x08003b84                HAL_RCC_ClockConfig
 .text.HAL_RCC_GetHCLKFreq
                0x08003de8        0xc ./Drivers/STM32F4xx_HAL_Driver/Src/stm32f4xx_hal_rcc.o
                0x08003de8                HAL_RCC_GetHCLKFreq
 .text.HAL_RCC_GetPCLK1Freq
                0x08003df4       0x30 ./Drivers/STM32F4xx_HAL_Driver/Src/stm32f4xx_hal_rcc.o
                0x08003df4                HAL_RCC_GetPCLK1Freq
 .text.HAL_RCC_GetPCLK2Freq
                0x08003e24       0x30 ./Drivers/STM32F4xx_HAL_Driver/Src/stm32f4xx_hal_rcc.o
                0x08003e24                HAL_RCC_GetPCLK2Freq
 .text.HAL_RCC_GetClockConfig
                0x08003e54       0x3c ./Drivers/STM32F4xx_HAL_Driver/Src/stm32f4xx_hal_rcc.o
                0x08003e54                HAL_RCC_GetClockConfig
 .text.HAL_SPI_Init
                0x08003e90      0x198 ./Drivers/STM32F4xx_HAL_Driver/Src/stm32f4xx_hal_spi.o
                0x08003e90                HAL_SPI_Init
 .text.TIM_OC1_SetConfig
                0x08004028       0x68 ./Drivers/STM32F4xx_HAL_Driver/Src/stm32f4xx_hal_tim.o
 .text.TIM_OC3_SetConfig
                0x08004090       0xb4 ./Drivers/STM32F4xx_HAL_Driver/Src/stm32f4xx_hal_tim.o
 .text.TIM_OC4_SetConfig
                0x08004144       0x7c ./Drivers/STM32F4xx_HAL_Driver/Src/stm32f4xx_hal_tim.o
 .text.HAL_TIM_Base_MspInit
                0x080041c0        0x4 ./Drivers/STM32F4xx_HAL_Driver/Src/stm32f4xx_hal_tim.o
                0x080041c0                HAL_TIM_Base_MspInit
 .text.HAL_TIM_Base_Start_IT
                0x080041c4       0x9c ./Drivers/STM32F4xx_HAL_Driver/Src/stm32f4xx_hal_tim.o
                0x080041c4                HAL_TIM_Base_Start_IT
 .text.HAL_TIM_OC_DelayElapsedCallback
                0x08004260        0x4 ./Drivers/STM32F4xx_HAL_Driver/Src/stm32f4xx_hal_tim.o
                0x08004260                HAL_TIM_OC_DelayElapsedCallback
 .text.HAL_TIM_IC_CaptureCallback
                0x08004264        0x4 ./Drivers/STM32F4xx_HAL_Driver/Src/stm32f4xx_hal_tim.o
                0x08004264                HAL_TIM_IC_CaptureCallback
 .text.HAL_TIM_PWM_PulseFinishedCallback
                0x08004268        0x4 ./Drivers/STM32F4xx_HAL_Driver/Src/stm32f4xx_hal_tim.o
                0x08004268                HAL_TIM_PWM_PulseFinishedCallback
 .text.HAL_TIM_TriggerCallback
                0x0800426c        0x4 ./Drivers/STM32F4xx_HAL_Driver/Src/stm32f4xx_hal_tim.o
                0x0800426c                HAL_TIM_TriggerCallback
 .text.HAL_TIM_IRQHandler
                0x08004270      0x174 ./Drivers/STM32F4xx_HAL_Driver/Src/stm32f4xx_hal_tim.o
                0x08004270                HAL_TIM_IRQHandler
 .text.TIM_Base_SetConfig
                0x080043e4      0x11c ./Drivers/STM32F4xx_HAL_Driver/Src/stm32f4xx_hal_tim.o
                0x080043e4                TIM_Base_SetConfig
 .text.HAL_TIM_Base_Init
                0x08004500       0xec ./Drivers/STM32F4xx_HAL_Driver/Src/stm32f4xx_hal_tim.o
                0x08004500                HAL_TIM_Base_Init
 .text.HAL_TIM_PWM_Init
                0x080045ec       0xf4 ./Drivers/STM32F4xx_HAL_Driver/Src/stm32f4xx_hal_tim.o
                0x080045ec                HAL_TIM_PWM_Init
 .text.TIM_OC2_SetConfig
                0x080046e0       0x90 ./Drivers/STM32F4xx_HAL_Driver/Src/stm32f4xx_hal_tim.o
                0x080046e0                TIM_OC2_SetConfig
 .text.HAL_TIM_PWM_ConfigChannel
                0x08004770      0x274 ./Drivers/STM32F4xx_HAL_Driver/Src/stm32f4xx_hal_tim.o
                0x08004770                HAL_TIM_PWM_ConfigChannel
 .text.HAL_TIMEx_MasterConfigSynchronization
                0x080049e4       0xe0 ./Drivers/STM32F4xx_HAL_Driver/Src/stm32f4xx_hal_tim_ex.o
                0x080049e4                HAL_TIMEx_MasterConfigSynchronization
 .text.HAL_TIMEx_ConfigBreakDeadTime
                0x08004ac4      0x114 ./Drivers/STM32F4xx_HAL_Driver/Src/stm32f4xx_hal_tim_ex.o
                0x08004ac4                HAL_TIMEx_ConfigBreakDeadTime
 .text.HAL_TIMEx_CommutationCallback
                0x08004bd8        0x4 ./Drivers/STM32F4xx_HAL_Driver/Src/stm32f4xx_hal_tim_ex.o
                0x08004bd8                HAL_TIMEx_CommutationCallback
 .text.HAL_TIMEx_BreakCallback
                0x08004bdc        0x4 ./Drivers/STM32F4xx_HAL_Driver/Src/stm32f4xx_hal_tim_ex.o
                0x08004bdc                HAL_TIMEx_BreakCallback
 .text.UART_EndRxTransfer
                0x08004be0       0x1c ./Drivers/STM32F4xx_HAL_Driver/Src/stm32f4xx_hal_uart.o
 .text.UART_Transmit_IT
                0x08004bfc       0x6c ./Drivers/STM32F4xx_HAL_Driver/Src/stm32f4xx_hal_uart.o
 .text.UART_SetConfig
                0x08004c68      0x390 ./Drivers/STM32F4xx_HAL_Driver/Src/stm32f4xx_hal_uart.o
 .text.HAL_UART_Init
                0x08004ff8      0x134 ./Drivers/STM32F4xx_HAL_Driver/Src/stm32f4xx_hal_uart.o
                0x08004ff8                HAL_UART_Init
 .text.HAL_UART_TxCpltCallback
                0x0800512c        0x4 ./Drivers/STM32F4xx_HAL_Driver/Src/stm32f4xx_hal_uart.o
                0x0800512c                HAL_UART_TxCpltCallback
 .text.UART_EndTransmit_IT
                0x08005130       0x1c ./Drivers/STM32F4xx_HAL_Driver/Src/stm32f4xx_hal_uart.o
 .text.HAL_UART_RxCpltCallback
                0x0800514c        0x4 ./Drivers/STM32F4xx_HAL_Driver/Src/stm32f4xx_hal_uart.o
                0x0800514c                HAL_UART_RxCpltCallback
 .text.UART_Receive_IT
                0x08005150       0x94 ./Drivers/STM32F4xx_HAL_Driver/Src/stm32f4xx_hal_uart.o
 .text.HAL_UART_ErrorCallback
                0x080051e4        0x4 ./Drivers/STM32F4xx_HAL_Driver/Src/stm32f4xx_hal_uart.o
                0x080051e4                HAL_UART_ErrorCallback
 .text.HAL_UART_IRQHandler
                0x080051e8      0x11c ./Drivers/STM32F4xx_HAL_Driver/Src/stm32f4xx_hal_uart.o
                0x080051e8                HAL_UART_IRQHandler
 .text.UART_DMAAbortOnError
                0x08005304       0x10 ./Drivers/STM32F4xx_HAL_Driver/Src/stm32f4xx_hal_uart.o
 .text.__errno  0x08005314        0xc d:/potableprogram/gcc-arm-none-eabi-5_4/bin/../lib/gcc/arm-none-eabi/5.4.1/../../../../arm-none-eabi/lib/armv7e-m/fpu\libg.a(lib_a-errno.o)
                0x08005314                __errno
 .text          0x08005320      0x134 d:/potableprogram/gcc-arm-none-eabi-5_4/bin/../lib/gcc/arm-none-eabi/5.4.1/../../../../arm-none-eabi/lib/armv7e-m/fpu\libg.a(lib_a-memcpy.o)
                0x08005320                memcpy
 .text.memset   0x08005454       0x9c d:/potableprogram/gcc-arm-none-eabi-5_4/bin/../lib/gcc/arm-none-eabi/5.4.1/../../../../arm-none-eabi/lib/armv7e-m/fpu\libg.a(lib_a-memset.o)
                0x08005454                memset
 *fill*         0x080054f0       0x10 
 .text          0x08005500       0xdc d:/potableprogram/gcc-arm-none-eabi-5_4/bin/../lib/gcc/arm-none-eabi/5.4.1/../../../../arm-none-eabi/lib/armv7e-m/fpu\libg.a(lib_a-strlen.o)
                0x08005500                strlen
 .text._vsnprintf_r
                0x080055dc       0x74 d:/potableprogram/gcc-arm-none-eabi-5_4/bin/../lib/gcc/arm-none-eabi/5.4.1/../../../../arm-none-eabi/lib/armv7e-m/fpu\libg.a(lib_a-vsnprintf.o)
                0x080055dc                _vsnprintf_r
 .text.vsnprintf
                0x08005650       0x20 d:/potableprogram/gcc-arm-none-eabi-5_4/bin/../lib/gcc/arm-none-eabi/5.4.1/../../../../arm-none-eabi/lib/armv7e-m/fpu\libg.a(lib_a-vsnprintf.o)
                0x08005650                vsnprintf
 .text._svfprintf_r
                0x08005670     0x16e4 d:/potableprogram/gcc-arm-none-eabi-5_4/bin/../lib/gcc/arm-none-eabi/5.4.1/../../../../arm-none-eabi/lib/armv7e-m/fpu\libg.a(lib_a-svfprintf.o)
                0x08005670                _svfprintf_r
 .text.quorem   0x08006d54      0x128 d:/potableprogram/gcc-arm-none-eabi-5_4/bin/../lib/gcc/arm-none-eabi/5.4.1/../../../../arm-none-eabi/lib/armv7e-m/fpu\libg.a(lib_a-dtoa.o)
 *fill*         0x08006e7c        0x4 
 .text._dtoa_r  0x08006e80      0xe34 d:/potableprogram/gcc-arm-none-eabi-5_4/bin/../lib/gcc/arm-none-eabi/5.4.1/../../../../arm-none-eabi/lib/armv7e-m/fpu\libg.a(lib_a-dtoa.o)
                0x08006e80                _dtoa_r
 .text._localeconv_r
                0x08007cb4       0x1c d:/potableprogram/gcc-arm-none-eabi-5_4/bin/../lib/gcc/arm-none-eabi/5.4.1/../../../../arm-none-eabi/lib/armv7e-m/fpu\libg.a(lib_a-localeconv.o)
                0x08007cb4                _localeconv_r
 .text._malloc_r
                0x08007cd0      0x570 d:/potableprogram/gcc-arm-none-eabi-5_4/bin/../lib/gcc/arm-none-eabi/5.4.1/../../../../arm-none-eabi/lib/armv7e-m/fpu\libg.a(lib_a-mallocr.o)
                0x08007cd0                _malloc_r
 .text          0x08008240       0xa0 d:/potableprogram/gcc-arm-none-eabi-5_4/bin/../lib/gcc/arm-none-eabi/5.4.1/../../../../arm-none-eabi/lib/armv7e-m/fpu\libg.a(lib_a-memchr.o)
                0x08008240                memchr
 .text.__malloc_lock
                0x080082e0        0x4 d:/potableprogram/gcc-arm-none-eabi-5_4/bin/../lib/gcc/arm-none-eabi/5.4.1/../../../../arm-none-eabi/lib/armv7e-m/fpu\libg.a(lib_a-mlock.o)
                0x080082e0                __malloc_lock
 .text.__malloc_unlock
                0x080082e4        0x4 d:/potableprogram/gcc-arm-none-eabi-5_4/bin/../lib/gcc/arm-none-eabi/5.4.1/../../../../arm-none-eabi/lib/armv7e-m/fpu\libg.a(lib_a-mlock.o)
                0x080082e4                __malloc_unlock
 .text._Balloc  0x080082e8       0x4c d:/potableprogram/gcc-arm-none-eabi-5_4/bin/../lib/gcc/arm-none-eabi/5.4.1/../../../../arm-none-eabi/lib/armv7e-m/fpu\libg.a(lib_a-mprec.o)
                0x080082e8                _Balloc
 .text._Bfree   0x08008334       0x14 d:/potableprogram/gcc-arm-none-eabi-5_4/bin/../lib/gcc/arm-none-eabi/5.4.1/../../../../arm-none-eabi/lib/armv7e-m/fpu\libg.a(lib_a-mprec.o)
                0x08008334                _Bfree
 .text.__multadd
                0x08008348       0x80 d:/potableprogram/gcc-arm-none-eabi-5_4/bin/../lib/gcc/arm-none-eabi/5.4.1/../../../../arm-none-eabi/lib/armv7e-m/fpu\libg.a(lib_a-mprec.o)
                0x08008348                __multadd
 .text.__hi0bits
                0x080083c8       0x40 d:/potableprogram/gcc-arm-none-eabi-5_4/bin/../lib/gcc/arm-none-eabi/5.4.1/../../../../arm-none-eabi/lib/armv7e-m/fpu\libg.a(lib_a-mprec.o)
                0x080083c8                __hi0bits
 .text.__lo0bits
                0x08008408       0x5c d:/potableprogram/gcc-arm-none-eabi-5_4/bin/../lib/gcc/arm-none-eabi/5.4.1/../../../../arm-none-eabi/lib/armv7e-m/fpu\libg.a(lib_a-mprec.o)
                0x08008408                __lo0bits
 .text.__i2b    0x08008464       0x14 d:/potableprogram/gcc-arm-none-eabi-5_4/bin/../lib/gcc/arm-none-eabi/5.4.1/../../../../arm-none-eabi/lib/armv7e-m/fpu\libg.a(lib_a-mprec.o)
                0x08008464                __i2b
 .text.__multiply
                0x08008478      0x130 d:/potableprogram/gcc-arm-none-eabi-5_4/bin/../lib/gcc/arm-none-eabi/5.4.1/../../../../arm-none-eabi/lib/armv7e-m/fpu\libg.a(lib_a-mprec.o)
                0x08008478                __multiply
 .text.__pow5mult
                0x080085a8       0xa0 d:/potableprogram/gcc-arm-none-eabi-5_4/bin/../lib/gcc/arm-none-eabi/5.4.1/../../../../arm-none-eabi/lib/armv7e-m/fpu\libg.a(lib_a-mprec.o)
                0x080085a8                __pow5mult
 .text.__lshift
                0x08008648       0xb0 d:/potableprogram/gcc-arm-none-eabi-5_4/bin/../lib/gcc/arm-none-eabi/5.4.1/../../../../arm-none-eabi/lib/armv7e-m/fpu\libg.a(lib_a-mprec.o)
                0x08008648                __lshift
 .text.__mcmp   0x080086f8       0x44 d:/potableprogram/gcc-arm-none-eabi-5_4/bin/../lib/gcc/arm-none-eabi/5.4.1/../../../../arm-none-eabi/lib/armv7e-m/fpu\libg.a(lib_a-mprec.o)
                0x080086f8                __mcmp
 .text.__mdiff  0x0800873c      0x114 d:/potableprogram/gcc-arm-none-eabi-5_4/bin/../lib/gcc/arm-none-eabi/5.4.1/../../../../arm-none-eabi/lib/armv7e-m/fpu\libg.a(lib_a-mprec.o)
                0x0800873c                __mdiff
 .text.__d2b    0x08008850       0xbc d:/potableprogram/gcc-arm-none-eabi-5_4/bin/../lib/gcc/arm-none-eabi/5.4.1/../../../../arm-none-eabi/lib/armv7e-m/fpu\libg.a(lib_a-mprec.o)
                0x08008850                __d2b
 .text._sbrk_r  0x0800890c       0x24 d:/potableprogram/gcc-arm-none-eabi-5_4/bin/../lib/gcc/arm-none-eabi/5.4.1/../../../../arm-none-eabi/lib/armv7e-m/fpu\libg.a(lib_a-sbrkr.o)
                0x0800890c                _sbrk_r
 .text.__ssprint_r
                0x08008930      0x100 d:/potableprogram/gcc-arm-none-eabi-5_4/bin/../lib/gcc/arm-none-eabi/5.4.1/../../../../arm-none-eabi/lib/armv7e-m/fpu\libg.a(lib_a-svfiprintf.o)
                0x08008930                __ssprint_r
 .text._calloc_r
                0x08008a30       0x60 d:/potableprogram/gcc-arm-none-eabi-5_4/bin/../lib/gcc/arm-none-eabi/5.4.1/../../../../arm-none-eabi/lib/armv7e-m/fpu\libg.a(lib_a-callocr.o)
                0x08008a30                _calloc_r
 .text._malloc_trim_r
                0x08008a90       0x9c d:/potableprogram/gcc-arm-none-eabi-5_4/bin/../lib/gcc/arm-none-eabi/5.4.1/../../../../arm-none-eabi/lib/armv7e-m/fpu\libg.a(lib_a-freer.o)
                0x08008a90                _malloc_trim_r
 .text._free_r  0x08008b2c      0x1d0 d:/potableprogram/gcc-arm-none-eabi-5_4/bin/../lib/gcc/arm-none-eabi/5.4.1/../../../../arm-none-eabi/lib/armv7e-m/fpu\libg.a(lib_a-freer.o)
                0x08008b2c                _free_r
 .text.__ascii_mbtowc
                0x08008cfc       0x2c d:/potableprogram/gcc-arm-none-eabi-5_4/bin/../lib/gcc/arm-none-eabi/5.4.1/../../../../arm-none-eabi/lib/armv7e-m/fpu\libg.a(lib_a-mbtowc_r.o)
                0x08008cfc                __ascii_mbtowc
 .text.memmove  0x08008d28       0xc8 d:/potableprogram/gcc-arm-none-eabi-5_4/bin/../lib/gcc/arm-none-eabi/5.4.1/../../../../arm-none-eabi/lib/armv7e-m/fpu\libg.a(lib_a-memmove.o)
                0x08008d28                memmove
 .text._realloc_r
                0x08008df0      0x3e0 d:/potableprogram/gcc-arm-none-eabi-5_4/bin/../lib/gcc/arm-none-eabi/5.4.1/../../../../arm-none-eabi/lib/armv7e-m/fpu\libg.a(lib_a-reallocr.o)
                0x08008df0                _realloc_r
 .text.__ascii_wctomb
                0x080091d0       0x1c d:/potableprogram/gcc-arm-none-eabi-5_4/bin/../lib/gcc/arm-none-eabi/5.4.1/../../../../arm-none-eabi/lib/armv7e-m/fpu\libg.a(lib_a-wctomb_r.o)
                0x080091d0                __ascii_wctomb
 .text          0x080091ec      0x370 d:/potableprogram/gcc-arm-none-eabi-5_4/bin/../lib/gcc/arm-none-eabi/5.4.1/armv7e-m/fpu\libgcc.a(_arm_addsubdf3.o)
                0x080091ec                __aeabi_drsub
                0x080091f4                __aeabi_dsub
                0x080091f4                __subdf3
                0x080091f8                __aeabi_dadd
                0x080091f8                __adddf3
                0x08009470                __floatunsidf
                0x08009470                __aeabi_ui2d
                0x08009490                __floatsidf
                0x08009490                __aeabi_i2d
                0x080094b4                __aeabi_f2d
                0x080094b4                __extendsfdf2
                0x080094f0                __floatundidf
                0x080094f0                __aeabi_ul2d
                0x08009500                __floatdidf
                0x08009500                __aeabi_l2d
 .text          0x0800955c      0x424 d:/potableprogram/gcc-arm-none-eabi-5_4/bin/../lib/gcc/arm-none-eabi/5.4.1/armv7e-m/fpu\libgcc.a(_arm_muldivdf3.o)
                0x0800955c                __aeabi_dmul
                0x0800955c                __muldf3
                0x080097b0                __divdf3
                0x080097b0                __aeabi_ddiv
 .text          0x08009980      0x110 d:/potableprogram/gcc-arm-none-eabi-5_4/bin/../lib/gcc/arm-none-eabi/5.4.1/armv7e-m/fpu\libgcc.a(_arm_cmpdf2.o)
                0x08009980                __gtdf2
                0x08009980                __gedf2
                0x08009988                __ltdf2
                0x08009988                __ledf2
                0x08009990                __nedf2
                0x08009990                __eqdf2
                0x08009990                __cmpdf2
                0x08009a0c                __aeabi_cdrcmple
                0x08009a1c                __aeabi_cdcmpeq
                0x08009a1c                __aeabi_cdcmple
                0x08009a2c                __aeabi_dcmpeq
                0x08009a40                __aeabi_dcmplt
                0x08009a54                __aeabi_dcmple
                0x08009a68                __aeabi_dcmpge
                0x08009a7c                __aeabi_dcmpgt
 .text          0x08009a90       0x2c d:/potableprogram/gcc-arm-none-eabi-5_4/bin/../lib/gcc/arm-none-eabi/5.4.1/armv7e-m/fpu\libgcc.a(_arm_unorddf2.o)
                0x08009a90                __unorddf2
                0x08009a90                __aeabi_dcmpun
 .text          0x08009abc       0x50 d:/potableprogram/gcc-arm-none-eabi-5_4/bin/../lib/gcc/arm-none-eabi/5.4.1/armv7e-m/fpu\libgcc.a(_arm_fixdfsi.o)
                0x08009abc                __aeabi_d2iz
                0x08009abc                __fixdfsi
 .text          0x08009b0c       0x30 d:/potableprogram/gcc-arm-none-eabi-5_4/bin/../lib/gcc/arm-none-eabi/5.4.1/armv7e-m/fpu\libgcc.a(_aeabi_uldivmod.o)
                0x08009b0c                __aeabi_uldivmod
 .text          0x08009b3c      0x2e4 d:/potableprogram/gcc-arm-none-eabi-5_4/bin/../lib/gcc/arm-none-eabi/5.4.1/armv7e-m/fpu\libgcc.a(_udivmoddi4.o)
                0x08009b3c                __udivmoddi4
 .text          0x08009e20        0x4 d:/potableprogram/gcc-arm-none-eabi-5_4/bin/../lib/gcc/arm-none-eabi/5.4.1/armv7e-m/fpu\libgcc.a(_dvmd_tls.o)
                0x08009e20                __aeabi_idiv0
                0x08009e20                __aeabi_ldiv0
 *(.rodata .rodata.* .constdata .constdata.*)
 .rodata.str1.4
                0x08009e24      0x146 ./System/exception_handlers.o
 *fill*         0x08009f6a        0x2 
 .rodata.str1.4
                0x08009f6c        0xd ./Src/can.o
 *fill*         0x08009f79        0x3 
 .rodata        0x08009f7c       0x14 ./Src/freertos.o
 .rodata.str1.4
                0x08009f90        0xc ./Src/freertos.o
 .rodata.str1.4
                0x08009f9c        0xe ./Src/main.o
 *fill*         0x08009faa        0x2 
 .rodata.str1.4
                0x08009fac        0xd ./Src/spi.o
 *fill*         0x08009fb9        0x3 
 .rodata.AHBPrescTable
                0x08009fbc       0x10 ./Src/system_stm32f4xx.o
                0x08009fbc                AHBPrescTable
 .rodata.APBPrescTable
                0x08009fcc        0x8 ./Src/system_stm32f4xx.o
                0x08009fcc                APBPrescTable
 .rodata.str1.4
                0x08009fd4        0xd ./Src/tim.o
 *fill*         0x08009fe1        0x3 
 .rodata.str1.4
                0x08009fe4        0xf ./Src/usart.o
 *fill*         0x08009ff3        0x1 
 .rodata.str1.4
                0x08009ff4        0x5 ./Middlewares/Third_Party/FreeRTOS/Source/tasks.o
 *fill*         0x08009ff9        0x3 
 .rodata.str1.4
                0x08009ffc       0x38 ./Drivers/STM32F4xx_HAL_Driver/Src/stm32f4xx_hal_can.o
 .rodata.str1.4
                0x0800a034       0x3b ./Drivers/STM32F4xx_HAL_Driver/Src/stm32f4xx_hal_cortex.o
 *fill*         0x0800a06f        0x1 
 .rodata.flagBitshiftOffset.7587
                0x0800a070        0x8 ./Drivers/STM32F4xx_HAL_Driver/Src/stm32f4xx_hal_dma.o
 .rodata.str1.4
                0x0800a078       0x38 ./Drivers/STM32F4xx_HAL_Driver/Src/stm32f4xx_hal_dma.o
 .rodata.str1.4
                0x0800a0b0       0x39 ./Drivers/STM32F4xx_HAL_Driver/Src/stm32f4xx_hal_gpio.o
 *fill*         0x0800a0e9        0x3 
 .rodata.str1.4
                0x0800a0ec       0x38 ./Drivers/STM32F4xx_HAL_Driver/Src/stm32f4xx_hal_rcc.o
 .rodata.str1.4
                0x0800a124       0x38 ./Drivers/STM32F4xx_HAL_Driver/Src/stm32f4xx_hal_spi.o
 .rodata.str1.4
                0x0800a15c       0x38 ./Drivers/STM32F4xx_HAL_Driver/Src/stm32f4xx_hal_tim.o
 .rodata.str1.4
                0x0800a194       0x3b ./Drivers/STM32F4xx_HAL_Driver/Src/stm32f4xx_hal_tim_ex.o
 *fill*         0x0800a1cf        0x1 
 .rodata.str1.4
                0x0800a1d0       0x39 ./Drivers/STM32F4xx_HAL_Driver/Src/stm32f4xx_hal_uart.o
 *fill*         0x0800a209        0x3 
 .rodata.zeroes.7258
                0x0800a20c       0x10 d:/potableprogram/gcc-arm-none-eabi-5_4/bin/../lib/gcc/arm-none-eabi/5.4.1/../../../../arm-none-eabi/lib/armv7e-m/fpu\libg.a(lib_a-svfprintf.o)
 .rodata.str1.4
                0x0800a21c       0x42 d:/potableprogram/gcc-arm-none-eabi-5_4/bin/../lib/gcc/arm-none-eabi/5.4.1/../../../../arm-none-eabi/lib/armv7e-m/fpu\libg.a(lib_a-svfprintf.o)
 *fill*         0x0800a25e        0x2 
 .rodata.blanks.7257
                0x0800a260       0x10 d:/potableprogram/gcc-arm-none-eabi-5_4/bin/../lib/gcc/arm-none-eabi/5.4.1/../../../../arm-none-eabi/lib/armv7e-m/fpu\libg.a(lib_a-svfprintf.o)
 .rodata.str1.4
                0x0800a270       0x10 d:/potableprogram/gcc-arm-none-eabi-5_4/bin/../lib/gcc/arm-none-eabi/5.4.1/../../../../arm-none-eabi/lib/armv7e-m/fpu\libg.a(lib_a-dtoa.o)
                                 0x12 (size before relaxing)
 .rodata.__mprec_tens
                0x0800a280       0xc8 d:/potableprogram/gcc-arm-none-eabi-5_4/bin/../lib/gcc/arm-none-eabi/5.4.1/../../../../arm-none-eabi/lib/armv7e-m/fpu\libg.a(lib_a-mprec.o)
                0x0800a280                __mprec_tens
 .rodata.__mprec_bigtens
                0x0800a348       0x28 d:/potableprogram/gcc-arm-none-eabi-5_4/bin/../lib/gcc/arm-none-eabi/5.4.1/../../../../arm-none-eabi/lib/armv7e-m/fpu\libg.a(lib_a-mprec.o)
                0x0800a348                __mprec_bigtens
 .rodata.p05.6087
                0x0800a370        0xc d:/potableprogram/gcc-arm-none-eabi-5_4/bin/../lib/gcc/arm-none-eabi/5.4.1/../../../../arm-none-eabi/lib/armv7e-m/fpu\libg.a(lib_a-mprec.o)
 .rodata.str1.4
                0x0800a37c       0x10 d:/potableprogram/gcc-arm-none-eabi-5_4/bin/../lib/gcc/arm-none-eabi/5.4.1/../../../../arm-none-eabi/lib/armv7e-m/fpu\libg.a(lib_a-locale.o)
                                 0x12 (size before relaxing)
 .rodata._ctype_
                0x0800a38c      0x101 d:/potableprogram/gcc-arm-none-eabi-5_4/bin/../lib/gcc/arm-none-eabi/5.4.1/../../../../arm-none-eabi/lib/armv7e-m/fpu\libg.a(lib_a-ctype_.o)
                0x0800a38c                _ctype_
 *(vtable)
 *(.eh_frame*)
 *(.glue_7)
 .glue_7        0x0800a48d        0x0 linker stubs
 *(.glue_7t)
 .glue_7t       0x0800a48d        0x0 linker stubs

.vfp11_veneer   0x0800a490        0x0
 .vfp11_veneer  0x0800a490        0x0 linker stubs

.v4_bx          0x0800a490        0x0
 .v4_bx         0x0800a490        0x0 linker stubs

.iplt           0x0800a490        0x0
 .iplt          0x0800a490        0x0 ./System/newlib/diag/Trace.o

.ARM.extab
 *(.ARM.extab* .gnu.linkonce.armextab.*)
                0x0800a490                . = ALIGN (0x4)
                0x0800a490                __exidx_start = .

.ARM.exidx      0x0800a490        0x8
 *(.ARM.exidx* .gnu.linkonce.armexidx.*)
 .ARM.exidx     0x0800a490        0x8 d:/potableprogram/gcc-arm-none-eabi-5_4/bin/../lib/gcc/arm-none-eabi/5.4.1/armv7e-m/fpu\libgcc.a(_udivmoddi4.o)
                0x0800a498                __exidx_end = .

.rel.dyn        0x0800a498        0x0
 .rel.iplt      0x0800a498        0x0 ./System/newlib/diag/Trace.o
                0x0800a498                . = ALIGN (0x4)
                0x0800a498                _etext = .
                0x0800a498                __etext = .

.data_CCMRAM    0x10000000        0x0 load address 0x0800a498
 FILL mask 0xff
 *(.data.CCMRAM .data.CCMRAM.*)
                0x10000000                . = ALIGN (0x4)
                0x0800a498                _sidata = LOADADDR (.data)

.data           0x20000000      0x9c4 load address 0x0800a498
 FILL mask 0xff
                0x20000000                _sdata = .
                0x20000000                __data_start__ = .
 *(.data_begin .data_begin.*)
 .data_begin    0x20000000        0x4 ./System/newlib/_startup.o
 *(.data .data.*)
 .data.argv.4292
                0x20000004        0x8 ./System/newlib/_syscalls.o
 .data.SystemCoreClock
                0x2000000c        0x4 ./Src/system_stm32f4xx.o
                0x2000000c                SystemCoreClock
 .data.uxCriticalNesting
                0x20000010        0x4 ./Middlewares/Third_Party/FreeRTOS/Source/portable/GCC/ARM_CM4F/port.o
 *fill*         0x20000014        0x4 ff
 .data.impure_data
                0x20000018      0x428 d:/potableprogram/gcc-arm-none-eabi-5_4/bin/../lib/gcc/arm-none-eabi/5.4.1/../../../../arm-none-eabi/lib/armv7e-m/fpu\libg.a(lib_a-impure.o)
 .data._impure_ptr
                0x20000440        0x4 d:/potableprogram/gcc-arm-none-eabi-5_4/bin/../lib/gcc/arm-none-eabi/5.4.1/../../../../arm-none-eabi/lib/armv7e-m/fpu\libg.a(lib_a-impure.o)
                0x20000440                _impure_ptr
 .data.__malloc_av_
                0x20000444      0x408 d:/potableprogram/gcc-arm-none-eabi-5_4/bin/../lib/gcc/arm-none-eabi/5.4.1/../../../../arm-none-eabi/lib/armv7e-m/fpu\libg.a(lib_a-mallocr.o)
                0x20000444                __malloc_av_
 .data.__malloc_trim_threshold
                0x2000084c        0x4 d:/potableprogram/gcc-arm-none-eabi-5_4/bin/../lib/gcc/arm-none-eabi/5.4.1/../../../../arm-none-eabi/lib/armv7e-m/fpu\libg.a(lib_a-mallocr.o)
                0x2000084c                __malloc_trim_threshold
 .data.__malloc_sbrk_base
                0x20000850        0x4 d:/potableprogram/gcc-arm-none-eabi-5_4/bin/../lib/gcc/arm-none-eabi/5.4.1/../../../../arm-none-eabi/lib/armv7e-m/fpu\libg.a(lib_a-mallocr.o)
                0x20000850                __malloc_sbrk_base
 .data.__global_locale
                0x20000854      0x16c d:/potableprogram/gcc-arm-none-eabi-5_4/bin/../lib/gcc/arm-none-eabi/5.4.1/../../../../arm-none-eabi/lib/armv7e-m/fpu\libg.a(lib_a-locale.o)
                0x20000854                __global_locale
 *(.data_end .data_end.*)
 .data_end      0x200009c0        0x4 ./System/newlib/_startup.o
                0x200009c4                . = ALIGN (0x4)
                0x200009c4                _edata = .
                0x200009c4                __data_end__ = .

.igot.plt       0x200009c4        0x0 load address 0x0800ae5c
 .igot.plt      0x200009c4        0x0 ./System/newlib/diag/Trace.o

.bss_CCMRAM     0x10000000        0x0
 *(.bss.CCMRAM .bss.CCMRAM.*)

.bss            0x200009c4     0x4324
                0x200009c4                __bss_start__ = .
                0x200009c4                _sbss = .
 *(.bss_begin .bss_begin.*)
 .bss_begin     0x200009c4        0x4 ./System/newlib/_startup.o
 *(.bss .bss.*)
 .bss.buf.5181  0x200009c8       0x80 ./System/newlib/diag/Trace.o
 .bss.current_heap_end.3976
                0x20000a48        0x4 ./System/newlib/_sbrk.o
 .bss.name.4291
                0x20000a4c        0x1 ./System/newlib/_syscalls.o
 *fill*         0x20000a4d        0x3 
 .bss.HAL_RCC_CAN1_CLK_ENABLED
                0x20000a50        0x4 ./Src/can.o
 .bss.xFreeBytesRemaining
                0x20000a54        0x4 ./Middlewares/Third_Party/FreeRTOS/Source/portable/MemMang/heap_4.o
 .bss.pxEnd     0x20000a58        0x4 ./Middlewares/Third_Party/FreeRTOS/Source/portable/MemMang/heap_4.o
 .bss.xStart    0x20000a5c        0x8 ./Middlewares/Third_Party/FreeRTOS/Source/portable/MemMang/heap_4.o
 .bss.ucHeap    0x20000a64     0x3c00 ./Middlewares/Third_Party/FreeRTOS/Source/portable/MemMang/heap_4.o
 .bss.xBlockAllocatedBit
                0x20004664        0x4 ./Middlewares/Third_Party/FreeRTOS/Source/portable/MemMang/heap_4.o
 .bss.xMinimumEverFreeBytesRemaining
                0x20004668        0x4 ./Middlewares/Third_Party/FreeRTOS/Source/portable/MemMang/heap_4.o
 .bss.ucMaxSysCallPriority
                0x2000466c        0x1 ./Middlewares/Third_Party/FreeRTOS/Source/portable/GCC/ARM_CM4F/port.o
 *fill*         0x2000466d        0x3 
 .bss.ulMaxPRIGROUPValue
                0x20004670        0x4 ./Middlewares/Third_Party/FreeRTOS/Source/portable/GCC/ARM_CM4F/port.o
 .bss.xNumOfOverflows
                0x20004674        0x4 ./Middlewares/Third_Party/FreeRTOS/Source/tasks.o
 .bss.pxDelayedTaskList
                0x20004678        0x4 ./Middlewares/Third_Party/FreeRTOS/Source/tasks.o
 .bss.xSchedulerRunning
                0x2000467c        0x4 ./Middlewares/Third_Party/FreeRTOS/Source/tasks.o
 .bss.xTasksWaitingTermination
                0x20004680       0x14 ./Middlewares/Third_Party/FreeRTOS/Source/tasks.o
 .bss.pxOverflowDelayedTaskList
                0x20004694        0x4 ./Middlewares/Third_Party/FreeRTOS/Source/tasks.o
 .bss.uxPendedTicks
                0x20004698        0x4 ./Middlewares/Third_Party/FreeRTOS/Source/tasks.o
 .bss.pxReadyTasksLists
                0x2000469c       0x8c ./Middlewares/Third_Party/FreeRTOS/Source/tasks.o
 .bss.uxSchedulerSuspended
                0x20004728        0x4 ./Middlewares/Third_Party/FreeRTOS/Source/tasks.o
 .bss.uxDeletedTasksWaitingCleanUp
                0x2000472c        0x4 ./Middlewares/Third_Party/FreeRTOS/Source/tasks.o
 .bss.uxCurrentNumberOfTasks
                0x20004730        0x4 ./Middlewares/Third_Party/FreeRTOS/Source/tasks.o
 .bss.pxCurrentTCB
                0x20004734        0x4 ./Middlewares/Third_Party/FreeRTOS/Source/tasks.o
                0x20004734                pxCurrentTCB
 .bss.xPendingReadyList
                0x20004738       0x14 ./Middlewares/Third_Party/FreeRTOS/Source/tasks.o
 .bss.xIdleTaskHandle
                0x2000474c        0x4 ./Middlewares/Third_Party/FreeRTOS/Source/tasks.o
 .bss.xTickCount
                0x20004750        0x4 ./Middlewares/Third_Party/FreeRTOS/Source/tasks.o
 .bss.xNextTaskUnblockTime
                0x20004754        0x4 ./Middlewares/Third_Party/FreeRTOS/Source/tasks.o
 .bss.uxTaskNumber
                0x20004758        0x4 ./Middlewares/Third_Party/FreeRTOS/Source/tasks.o
 .bss.xDelayedTaskList1
                0x2000475c       0x14 ./Middlewares/Third_Party/FreeRTOS/Source/tasks.o
 .bss.xDelayedTaskList2
                0x20004770       0x14 ./Middlewares/Third_Party/FreeRTOS/Source/tasks.o
 .bss.xSuspendedTaskList
                0x20004784       0x14 ./Middlewares/Third_Party/FreeRTOS/Source/tasks.o
 .bss.uxTopReadyPriority
                0x20004798        0x4 ./Middlewares/Third_Party/FreeRTOS/Source/tasks.o
 .bss.xYieldPending
                0x2000479c        0x4 ./Middlewares/Third_Party/FreeRTOS/Source/tasks.o
 .bss.__malloc_max_total_mem
                0x200047a0        0x4 d:/potableprogram/gcc-arm-none-eabi-5_4/bin/../lib/gcc/arm-none-eabi/5.4.1/../../../../arm-none-eabi/lib/armv7e-m/fpu\libg.a(lib_a-mallocr.o)
                0x200047a0                __malloc_max_total_mem
 .bss.__malloc_max_sbrked_mem
                0x200047a4        0x4 d:/potableprogram/gcc-arm-none-eabi-5_4/bin/../lib/gcc/arm-none-eabi/5.4.1/../../../../arm-none-eabi/lib/armv7e-m/fpu\libg.a(lib_a-mallocr.o)
                0x200047a4                __malloc_max_sbrked_mem
 .bss.__malloc_top_pad
                0x200047a8        0x4 d:/potableprogram/gcc-arm-none-eabi-5_4/bin/../lib/gcc/arm-none-eabi/5.4.1/../../../../arm-none-eabi/lib/armv7e-m/fpu\libg.a(lib_a-mallocr.o)
                0x200047a8                __malloc_top_pad
 .bss.__malloc_current_mallinfo
                0x200047ac       0x28 d:/potableprogram/gcc-arm-none-eabi-5_4/bin/../lib/gcc/arm-none-eabi/5.4.1/../../../../arm-none-eabi/lib/armv7e-m/fpu\libg.a(lib_a-mallocr.o)
                0x200047ac                __malloc_current_mallinfo
 *(COMMON)
 COMMON         0x200047d4        0x4 ./System/newlib/_syscalls.o
                0x200047d4                errno
 COMMON         0x200047d8       0x88 ./Src/can.o
                0x200047d8                hcan2
                0x2000481c                hcan1
 COMMON         0x20004860        0x4 ./Src/freertos.o
                0x20004860                defaultTaskHandle
 COMMON         0x20004864       0x58 ./Src/spi.o
                0x20004864                hspi5
 COMMON         0x200048bc       0x3c ./Src/stm32f4xx_hal_timebase_TIM.o
                0x200048bc                htim6
 COMMON         0x200048f8      0x168 ./Src/tim.o
                0x200048f8                htim8
                0x20004934                htim4
                0x20004970                htim5
                0x200049ac                htim3
                0x200049e8                htim2
                0x20004a24                htim12
 COMMON         0x20004a60      0x280 ./Src/usart.o
                0x20004a60                hdma_usart2_rx
                0x20004ac0                hdma_usart6_rx
                0x20004b20                hdma_usart3_rx
                0x20004b80                huart3
                0x20004bc0                hdma_usart1_rx
                0x20004c20                huart1
                0x20004c60                huart6
                0x20004ca0                huart2
 COMMON         0x20004ce0        0x4 ./Drivers/STM32F4xx_HAL_Driver/Src/stm32f4xx_hal.o
                0x20004ce0                uwTick
 *(.bss_end .bss_end.*)
 .bss_end       0x20004ce4        0x4 ./System/newlib/_startup.o
                0x20004ce8                . = ALIGN (0x4)
                0x20004ce8                __bss_end__ = .
                0x20004ce8                _ebss = .

.noinit_CCMRAM
 *(.noinit.CCMRAM .noinit.CCMRAM.*)

.noinit         0x20004ce8        0x0
                0x20004ce8                _noinit = .
 *(.noinit .noinit.*)
                0x20004ce8                . = ALIGN (0x4)
                0x20004ce8                _end_noinit = .
                [!provide]                PROVIDE (end, _end_noinit)
                [!provide]                PROVIDE (_end, _end_noinit)
                [!provide]                PROVIDE (__end, _end_noinit)
                [!provide]                PROVIDE (__end__, _end_noinit)

._check_stack   0x20004ce8      0x100
                0x20004de8                . = (. + _Minimum_Stack_Size)
 *fill*         0x20004ce8      0x100 

.b1text
 *(.b1text)
 *(.b1rodata)
 *(.b1rodata.*)

.eb0text
 *(.eb0text)
 *(.eb0rodata)
 *(.eb0rodata.*)

.eb1text
 *(.eb1text)
 *(.eb1rodata)
 *(.eb1rodata.*)

.eb2text
 *(.eb2text)
 *(.eb2rodata)
 *(.eb2rodata.*)

.eb3text
 *(.eb3text)
 *(.eb3rodata)
 *(.eb3rodata.*)

.stab
 *(.stab)

.stabstr
 *(.stabstr)

.stab.excl
 *(.stab.excl)

.stab.exclstr
 *(.stab.exclstr)

.stab.index
 *(.stab.index)

.stab.indexstr
 *(.stab.indexstr)

.comment        0x00000000       0x6e
 *(.comment)
 .comment       0x00000000       0x6e ./System/newlib/diag/Trace.o
                                 0x6f (size before relaxing)
 .comment       0x0000006e       0x6f ./System/newlib/diag/trace_impl.o
 .comment       0x0000006e       0x6f ./System/newlib/_exit.o
 .comment       0x0000006e       0x6f ./System/newlib/_sbrk.o
 .comment       0x0000006e       0x6f ./System/newlib/_startup.o
 .comment       0x0000006e       0x6f ./System/newlib/_syscalls.o
 .comment       0x0000006e       0x6f ./System/_initialize_hardware.o
 .comment       0x0000006e       0x6f ./System/exception_handlers.o
 .comment       0x0000006e       0x6f ./System/vectors_stm32f427xx.o
 .comment       0x0000006e       0x6f ./Src/can.o
 .comment       0x0000006e       0x6f ./Src/dma.o
 .comment       0x0000006e       0x6f ./Src/freertos.o
 .comment       0x0000006e       0x6f ./Src/gpio.o
 .comment       0x0000006e       0x6f ./Src/main.o
 .comment       0x0000006e       0x6f ./Src/spi.o
 .comment       0x0000006e       0x6f ./Src/stm32f4xx_hal_msp.o
 .comment       0x0000006e       0x6f ./Src/stm32f4xx_hal_timebase_TIM.o
 .comment       0x0000006e       0x6f ./Src/stm32f4xx_it.o
 .comment       0x0000006e       0x6f ./Src/system_stm32f4xx.o
 .comment       0x0000006e       0x6f ./Src/tim.o
 .comment       0x0000006e       0x6f ./Src/usart.o
 .comment       0x0000006e       0x6f ./Middlewares/Third_Party/FreeRTOS/Source/portable/MemMang/heap_4.o
 .comment       0x0000006e       0x6f ./Middlewares/Third_Party/FreeRTOS/Source/portable/GCC/ARM_CM4F/port.o
 .comment       0x0000006e       0x6f ./Middlewares/Third_Party/FreeRTOS/Source/CMSIS_RTOS/cmsis_os.o
 .comment       0x0000006e       0x6f ./Middlewares/Third_Party/FreeRTOS/Source/list.o
 .comment       0x0000006e       0x6f ./Middlewares/Third_Party/FreeRTOS/Source/tasks.o
 .comment       0x0000006e       0x6f ./Drivers/STM32F4xx_HAL_Driver/Src/stm32f4xx_hal.o
 .comment       0x0000006e       0x6f ./Drivers/STM32F4xx_HAL_Driver/Src/stm32f4xx_hal_can.o
 .comment       0x0000006e       0x6f ./Drivers/STM32F4xx_HAL_Driver/Src/stm32f4xx_hal_cortex.o
 .comment       0x0000006e       0x6f ./Drivers/STM32F4xx_HAL_Driver/Src/stm32f4xx_hal_dma.o
 .comment       0x0000006e       0x6f ./Drivers/STM32F4xx_HAL_Driver/Src/stm32f4xx_hal_gpio.o
 .comment       0x0000006e       0x6f ./Drivers/STM32F4xx_HAL_Driver/Src/stm32f4xx_hal_pwr_ex.o
 .comment       0x0000006e       0x6f ./Drivers/STM32F4xx_HAL_Driver/Src/stm32f4xx_hal_rcc.o
 .comment       0x0000006e       0x6f ./Drivers/STM32F4xx_HAL_Driver/Src/stm32f4xx_hal_spi.o
 .comment       0x0000006e       0x6f ./Drivers/STM32F4xx_HAL_Driver/Src/stm32f4xx_hal_tim.o
 .comment       0x0000006e       0x6f ./Drivers/STM32F4xx_HAL_Driver/Src/stm32f4xx_hal_tim_ex.o
 .comment       0x0000006e       0x6f ./Drivers/STM32F4xx_HAL_Driver/Src/stm32f4xx_hal_uart.o

.ARM.attributes
                0x00000000       0x37
 .ARM.attributes
                0x00000000       0x39 ./System/newlib/diag/Trace.o
 .ARM.attributes
                0x00000039       0x39 ./System/newlib/diag/trace_impl.o
 .ARM.attributes
                0x00000072       0x39 ./System/newlib/_exit.o
 .ARM.attributes
                0x000000ab       0x39 ./System/newlib/_sbrk.o
 .ARM.attributes
                0x000000e4       0x39 ./System/newlib/_startup.o
 .ARM.attributes
                0x0000011d       0x39 ./System/newlib/_syscalls.o
 .ARM.attributes
                0x00000156       0x39 ./System/_initialize_hardware.o
 .ARM.attributes
                0x0000018f       0x39 ./System/exception_handlers.o
 .ARM.attributes
                0x000001c8       0x39 ./System/vectors_stm32f427xx.o
 .ARM.attributes
                0x00000201       0x39 ./Src/can.o
 .ARM.attributes
                0x0000023a       0x39 ./Src/dma.o
 .ARM.attributes
                0x00000273       0x39 ./Src/freertos.o
 .ARM.attributes
                0x000002ac       0x39 ./Src/gpio.o
 .ARM.attributes
                0x000002e5       0x39 ./Src/main.o
 .ARM.attributes
                0x0000031e       0x39 ./Src/spi.o
 .ARM.attributes
                0x00000357       0x39 ./Src/stm32f4xx_hal_msp.o
 .ARM.attributes
                0x00000390       0x39 ./Src/stm32f4xx_hal_timebase_TIM.o
 .ARM.attributes
                0x000003c9       0x39 ./Src/stm32f4xx_it.o
 .ARM.attributes
                0x00000402       0x39 ./Src/system_stm32f4xx.o
 .ARM.attributes
                0x0000043b       0x39 ./Src/tim.o
 .ARM.attributes
                0x00000474       0x39 ./Src/usart.o
 .ARM.attributes
                0x000004ad       0x39 ./Middlewares/Third_Party/FreeRTOS/Source/portable/MemMang/heap_4.o
 .ARM.attributes
                0x000004e6       0x39 ./Middlewares/Third_Party/FreeRTOS/Source/portable/GCC/ARM_CM4F/port.o
 .ARM.attributes
                0x0000051f       0x39 ./Middlewares/Third_Party/FreeRTOS/Source/CMSIS_RTOS/cmsis_os.o
 .ARM.attributes
                0x00000558       0x39 ./Middlewares/Third_Party/FreeRTOS/Source/list.o
 .ARM.attributes
                0x00000591       0x39 ./Middlewares/Third_Party/FreeRTOS/Source/tasks.o
 .ARM.attributes
                0x000005ca       0x39 ./Drivers/STM32F4xx_HAL_Driver/Src/stm32f4xx_hal.o
 .ARM.attributes
                0x00000603       0x39 ./Drivers/STM32F4xx_HAL_Driver/Src/stm32f4xx_hal_can.o
 .ARM.attributes
                0x0000063c       0x39 ./Drivers/STM32F4xx_HAL_Driver/Src/stm32f4xx_hal_cortex.o
 .ARM.attributes
                0x00000675       0x39 ./Drivers/STM32F4xx_HAL_Driver/Src/stm32f4xx_hal_dma.o
 .ARM.attributes
                0x000006ae       0x39 ./Drivers/STM32F4xx_HAL_Driver/Src/stm32f4xx_hal_gpio.o
 .ARM.attributes
                0x000006e7       0x39 ./Drivers/STM32F4xx_HAL_Driver/Src/stm32f4xx_hal_pwr_ex.o
 .ARM.attributes
                0x00000720       0x39 ./Drivers/STM32F4xx_HAL_Driver/Src/stm32f4xx_hal_rcc.o
 .ARM.attributes
                0x00000759       0x39 ./Drivers/STM32F4xx_HAL_Driver/Src/stm32f4xx_hal_spi.o
 .ARM.attributes
                0x00000792       0x39 ./Drivers/STM32F4xx_HAL_Driver/Src/stm32f4xx_hal_tim.o
 .ARM.attributes
                0x000007cb       0x39 ./Drivers/STM32F4xx_HAL_Driver/Src/stm32f4xx_hal_tim_ex.o
 .ARM.attributes
                0x00000804       0x39 ./Drivers/STM32F4xx_HAL_Driver/Src/stm32f4xx_hal_uart.o
 .ARM.attributes
                0x0000083d       0x34 d:/potableprogram/gcc-arm-none-eabi-5_4/bin/../lib/gcc/arm-none-eabi/5.4.1/../../../../arm-none-eabi/lib/armv7e-m/fpu\libg.a(lib_a-errno.o)
 .ARM.attributes
                0x00000871       0x34 d:/potableprogram/gcc-arm-none-eabi-5_4/bin/../lib/gcc/arm-none-eabi/5.4.1/../../../../arm-none-eabi/lib/armv7e-m/fpu\libg.a(lib_a-impure.o)
 .ARM.attributes
                0x000008a5       0x20 d:/potableprogram/gcc-arm-none-eabi-5_4/bin/../lib/gcc/arm-none-eabi/5.4.1/../../../../arm-none-eabi/lib/armv7e-m/fpu\libg.a(lib_a-memcpy.o)
 .ARM.attributes
                0x000008c5       0x34 d:/potableprogram/gcc-arm-none-eabi-5_4/bin/../lib/gcc/arm-none-eabi/5.4.1/../../../../arm-none-eabi/lib/armv7e-m/fpu\libg.a(lib_a-memset.o)
 .ARM.attributes
                0x000008f9       0x20 d:/potableprogram/gcc-arm-none-eabi-5_4/bin/../lib/gcc/arm-none-eabi/5.4.1/../../../../arm-none-eabi/lib/armv7e-m/fpu\libg.a(lib_a-strlen.o)
 .ARM.attributes
                0x00000919       0x34 d:/potableprogram/gcc-arm-none-eabi-5_4/bin/../lib/gcc/arm-none-eabi/5.4.1/../../../../arm-none-eabi/lib/armv7e-m/fpu\libg.a(lib_a-vsnprintf.o)
 .ARM.attributes
                0x0000094d       0x34 d:/potableprogram/gcc-arm-none-eabi-5_4/bin/../lib/gcc/arm-none-eabi/5.4.1/../../../../arm-none-eabi/lib/armv7e-m/fpu\libg.a(lib_a-svfprintf.o)
 .ARM.attributes
                0x00000981       0x34 d:/potableprogram/gcc-arm-none-eabi-5_4/bin/../lib/gcc/arm-none-eabi/5.4.1/../../../../arm-none-eabi/lib/armv7e-m/fpu\libg.a(lib_a-dtoa.o)
 .ARM.attributes
                0x000009b5       0x34 d:/potableprogram/gcc-arm-none-eabi-5_4/bin/../lib/gcc/arm-none-eabi/5.4.1/../../../../arm-none-eabi/lib/armv7e-m/fpu\libg.a(lib_a-localeconv.o)
 .ARM.attributes
                0x000009e9       0x34 d:/potableprogram/gcc-arm-none-eabi-5_4/bin/../lib/gcc/arm-none-eabi/5.4.1/../../../../arm-none-eabi/lib/armv7e-m/fpu\libg.a(lib_a-mallocr.o)
 .ARM.attributes
                0x00000a1d       0x20 d:/potableprogram/gcc-arm-none-eabi-5_4/bin/../lib/gcc/arm-none-eabi/5.4.1/../../../../arm-none-eabi/lib/armv7e-m/fpu\libg.a(lib_a-memchr.o)
 .ARM.attributes
                0x00000a3d       0x34 d:/potableprogram/gcc-arm-none-eabi-5_4/bin/../lib/gcc/arm-none-eabi/5.4.1/../../../../arm-none-eabi/lib/armv7e-m/fpu\libg.a(lib_a-mlock.o)
 .ARM.attributes
                0x00000a71       0x34 d:/potableprogram/gcc-arm-none-eabi-5_4/bin/../lib/gcc/arm-none-eabi/5.4.1/../../../../arm-none-eabi/lib/armv7e-m/fpu\libg.a(lib_a-mprec.o)
 .ARM.attributes
                0x00000aa5       0x34 d:/potableprogram/gcc-arm-none-eabi-5_4/bin/../lib/gcc/arm-none-eabi/5.4.1/../../../../arm-none-eabi/lib/armv7e-m/fpu\libg.a(lib_a-sbrkr.o)
 .ARM.attributes
                0x00000ad9       0x34 d:/potableprogram/gcc-arm-none-eabi-5_4/bin/../lib/gcc/arm-none-eabi/5.4.1/../../../../arm-none-eabi/lib/armv7e-m/fpu\libg.a(lib_a-svfiprintf.o)
 .ARM.attributes
                0x00000b0d       0x34 d:/potableprogram/gcc-arm-none-eabi-5_4/bin/../lib/gcc/arm-none-eabi/5.4.1/../../../../arm-none-eabi/lib/armv7e-m/fpu\libg.a(lib_a-callocr.o)
 .ARM.attributes
                0x00000b41       0x34 d:/potableprogram/gcc-arm-none-eabi-5_4/bin/../lib/gcc/arm-none-eabi/5.4.1/../../../../arm-none-eabi/lib/armv7e-m/fpu\libg.a(lib_a-freer.o)
 .ARM.attributes
                0x00000b75       0x34 d:/potableprogram/gcc-arm-none-eabi-5_4/bin/../lib/gcc/arm-none-eabi/5.4.1/../../../../arm-none-eabi/lib/armv7e-m/fpu\libg.a(lib_a-locale.o)
 .ARM.attributes
                0x00000ba9       0x34 d:/potableprogram/gcc-arm-none-eabi-5_4/bin/../lib/gcc/arm-none-eabi/5.4.1/../../../../arm-none-eabi/lib/armv7e-m/fpu\libg.a(lib_a-mbtowc_r.o)
 .ARM.attributes
                0x00000bdd       0x34 d:/potableprogram/gcc-arm-none-eabi-5_4/bin/../lib/gcc/arm-none-eabi/5.4.1/../../../../arm-none-eabi/lib/armv7e-m/fpu\libg.a(lib_a-memmove.o)
 .ARM.attributes
                0x00000c11       0x34 d:/potableprogram/gcc-arm-none-eabi-5_4/bin/../lib/gcc/arm-none-eabi/5.4.1/../../../../arm-none-eabi/lib/armv7e-m/fpu\libg.a(lib_a-reallocr.o)
 .ARM.attributes
                0x00000c45       0x34 d:/potableprogram/gcc-arm-none-eabi-5_4/bin/../lib/gcc/arm-none-eabi/5.4.1/../../../../arm-none-eabi/lib/armv7e-m/fpu\libg.a(lib_a-wctomb_r.o)
 .ARM.attributes
                0x00000c79       0x34 d:/potableprogram/gcc-arm-none-eabi-5_4/bin/../lib/gcc/arm-none-eabi/5.4.1/../../../../arm-none-eabi/lib/armv7e-m/fpu\libg.a(lib_a-ctype_.o)
 .ARM.attributes
                0x00000cad       0x22 d:/potableprogram/gcc-arm-none-eabi-5_4/bin/../lib/gcc/arm-none-eabi/5.4.1/armv7e-m/fpu\libgcc.a(_arm_addsubdf3.o)
 .ARM.attributes
                0x00000ccf       0x22 d:/potableprogram/gcc-arm-none-eabi-5_4/bin/../lib/gcc/arm-none-eabi/5.4.1/armv7e-m/fpu\libgcc.a(_arm_muldivdf3.o)
 .ARM.attributes
                0x00000cf1       0x22 d:/potableprogram/gcc-arm-none-eabi-5_4/bin/../lib/gcc/arm-none-eabi/5.4.1/armv7e-m/fpu\libgcc.a(_arm_cmpdf2.o)
 .ARM.attributes
                0x00000d13       0x22 d:/potableprogram/gcc-arm-none-eabi-5_4/bin/../lib/gcc/arm-none-eabi/5.4.1/armv7e-m/fpu\libgcc.a(_arm_unorddf2.o)
 .ARM.attributes
                0x00000d35       0x22 d:/potableprogram/gcc-arm-none-eabi-5_4/bin/../lib/gcc/arm-none-eabi/5.4.1/armv7e-m/fpu\libgcc.a(_arm_fixdfsi.o)
 .ARM.attributes
                0x00000d57       0x22 d:/potableprogram/gcc-arm-none-eabi-5_4/bin/../lib/gcc/arm-none-eabi/5.4.1/armv7e-m/fpu\libgcc.a(_aeabi_uldivmod.o)
 .ARM.attributes
                0x00000d79       0x34 d:/potableprogram/gcc-arm-none-eabi-5_4/bin/../lib/gcc/arm-none-eabi/5.4.1/armv7e-m/fpu\libgcc.a(_udivmoddi4.o)
 .ARM.attributes
                0x00000dad       0x22 d:/potableprogram/gcc-arm-none-eabi-5_4/bin/../lib/gcc/arm-none-eabi/5.4.1/armv7e-m/fpu\libgcc.a(_dvmd_tls.o)

.debug
 *(.debug)

.line
 *(.line)

.debug_srcinfo
 *(.debug_srcinfo)

.debug_sfnames
 *(.debug_sfnames)

.debug_aranges  0x00000000     0x1590
 *(.debug_aranges)
 .debug_aranges
                0x00000000       0x38 ./System/newlib/diag/Trace.o
 .debug_aranges
                0x00000038       0x30 ./System/newlib/diag/trace_impl.o
 .debug_aranges
                0x00000068       0x28 ./System/newlib/_exit.o
 .debug_aranges
                0x00000090       0x20 ./System/newlib/_sbrk.o
 .debug_aranges
                0x000000b0       0x40 ./System/newlib/_startup.o
 .debug_aranges
                0x000000f0       0x30 ./System/newlib/_syscalls.o
 .debug_aranges
                0x00000120       0x28 ./System/_initialize_hardware.o
 .debug_aranges
                0x00000148       0x88 ./System/exception_handlers.o
 .debug_aranges
                0x000001d0       0x20 ./System/vectors_stm32f427xx.o
 .debug_aranges
                0x000001f0       0x38 ./Src/can.o
 .debug_aranges
                0x00000228       0x20 ./Src/dma.o
 .debug_aranges
                0x00000248       0x28 ./Src/freertos.o
 .debug_aranges
                0x00000270       0x20 ./Src/gpio.o
 .debug_aranges
                0x00000290       0x40 ./Src/main.o
 .debug_aranges
                0x000002d0       0x30 ./Src/spi.o
 .debug_aranges
                0x00000300       0x20 ./Src/stm32f4xx_hal_msp.o
 .debug_aranges
                0x00000320       0x30 ./Src/stm32f4xx_hal_timebase_TIM.o
 .debug_aranges
                0x00000350       0xb8 ./Src/stm32f4xx_it.o
 .debug_aranges
                0x00000408       0x28 ./Src/system_stm32f4xx.o
 .debug_aranges
                0x00000430       0x60 ./Src/tim.o
 .debug_aranges
                0x00000490       0x48 ./Src/usart.o
 .debug_aranges
                0x000004d8       0x50 ./Middlewares/Third_Party/FreeRTOS/Source/portable/MemMang/heap_4.o
 .debug_aranges
                0x00000528       0x80 ./Middlewares/Third_Party/FreeRTOS/Source/portable/GCC/ARM_CM4F/port.o
 .debug_aranges
                0x000005a8      0x1d8 ./Middlewares/Third_Party/FreeRTOS/Source/CMSIS_RTOS/cmsis_os.o
 .debug_aranges
                0x00000780       0x40 ./Middlewares/Third_Party/FreeRTOS/Source/list.o
 .debug_aranges
                0x000007c0      0x190 ./Middlewares/Third_Party/FreeRTOS/Source/tasks.o
 .debug_aranges
                0x00000950       0xd8 ./Drivers/STM32F4xx_HAL_Driver/Src/stm32f4xx_hal.o
 .debug_aranges
                0x00000a28       0xb0 ./Drivers/STM32F4xx_HAL_Driver/Src/stm32f4xx_hal_can.o
 .debug_aranges
                0x00000ad8       0xa8 ./Drivers/STM32F4xx_HAL_Driver/Src/stm32f4xx_hal_cortex.o
 .debug_aranges
                0x00000b80       0x90 ./Drivers/STM32F4xx_HAL_Driver/Src/stm32f4xx_hal_dma.o
 .debug_aranges
                0x00000c10       0x58 ./Drivers/STM32F4xx_HAL_Driver/Src/stm32f4xx_hal_gpio.o
 .debug_aranges
                0x00000c68       0x60 ./Drivers/STM32F4xx_HAL_Driver/Src/stm32f4xx_hal_pwr_ex.o
 .debug_aranges
                0x00000cc8       0x88 ./Drivers/STM32F4xx_HAL_Driver/Src/stm32f4xx_hal_rcc.o
 .debug_aranges
                0x00000d50      0x1c8 ./Drivers/STM32F4xx_HAL_Driver/Src/stm32f4xx_hal_spi.o
 .debug_aranges
                0x00000f18      0x368 ./Drivers/STM32F4xx_HAL_Driver/Src/stm32f4xx_hal_tim.o
 .debug_aranges
                0x00001280      0x140 ./Drivers/STM32F4xx_HAL_Driver/Src/stm32f4xx_hal_tim_ex.o
 .debug_aranges
                0x000013c0      0x1d0 ./Drivers/STM32F4xx_HAL_Driver/Src/stm32f4xx_hal_uart.o

.debug_pubnames
 *(.debug_pubnames)

.debug_info     0x00000000    0x1c8c8
 *(.debug_info .gnu.linkonce.wi.*)
 .debug_info    0x00000000      0x2e7 ./System/newlib/diag/Trace.o
 .debug_info    0x000002e7      0x3d7 ./System/newlib/diag/trace_impl.o
 .debug_info    0x000006be       0xef ./System/newlib/_exit.o
 .debug_info    0x000007ad      0x11f ./System/newlib/_sbrk.o
 .debug_info    0x000008cc      0x455 ./System/newlib/_startup.o
 .debug_info    0x00000d21      0x1c7 ./System/newlib/_syscalls.o
 .debug_info    0x00000ee8      0x2bf ./System/_initialize_hardware.o
 .debug_info    0x000011a7      0x7b7 ./System/exception_handlers.o
 .debug_info    0x0000195e       0xd1 ./System/vectors_stm32f427xx.o
 .debug_info    0x00001a2f      0xe30 ./Src/can.o
 .debug_info    0x0000285f      0x5ed ./Src/dma.o
 .debug_info    0x00002e4c      0x211 ./Src/freertos.o
 .debug_info    0x0000305d      0x5c5 ./Src/gpio.o
 .debug_info    0x00003622      0xeb2 ./Src/main.o
 .debug_info    0x000044d4      0x97f ./Src/spi.o
 .debug_info    0x00004e53      0x3fd ./Src/stm32f4xx_hal_msp.o
 .debug_info    0x00005250      0xb84 ./Src/stm32f4xx_hal_timebase_TIM.o
 .debug_info    0x00005dd4      0xf00 ./Src/stm32f4xx_it.o
 .debug_info    0x00006cd4      0x4f9 ./Src/system_stm32f4xx.o
 .debug_info    0x000071cd     0x155d ./Src/tim.o
 .debug_info    0x0000872a     0x1000 ./Src/usart.o
 .debug_info    0x0000972a      0x433 ./Middlewares/Third_Party/FreeRTOS/Source/portable/MemMang/heap_4.o
 .debug_info    0x00009b5d      0x51e ./Middlewares/Third_Party/FreeRTOS/Source/portable/GCC/ARM_CM4F/port.o
 .debug_info    0x0000a07b     0x1b07 ./Middlewares/Third_Party/FreeRTOS/Source/CMSIS_RTOS/cmsis_os.o
 .debug_info    0x0000bb82      0x29a ./Middlewares/Third_Party/FreeRTOS/Source/list.o
 .debug_info    0x0000be1c     0x2103 ./Middlewares/Third_Party/FreeRTOS/Source/tasks.o
 .debug_info    0x0000df1f      0x9d6 ./Drivers/STM32F4xx_HAL_Driver/Src/stm32f4xx_hal.o
 .debug_info    0x0000e8f5      0xfad ./Drivers/STM32F4xx_HAL_Driver/Src/stm32f4xx_hal_can.o
 .debug_info    0x0000f8a2     0x119e ./Drivers/STM32F4xx_HAL_Driver/Src/stm32f4xx_hal_cortex.o
 .debug_info    0x00010a40      0xc1c ./Drivers/STM32F4xx_HAL_Driver/Src/stm32f4xx_hal_dma.o
 .debug_info    0x0001165c      0x884 ./Drivers/STM32F4xx_HAL_Driver/Src/stm32f4xx_hal_gpio.o
 .debug_info    0x00011ee0      0x97d ./Drivers/STM32F4xx_HAL_Driver/Src/stm32f4xx_hal_pwr_ex.o
 .debug_info    0x0001285d      0xf71 ./Drivers/STM32F4xx_HAL_Driver/Src/stm32f4xx_hal_rcc.o
 .debug_info    0x000137ce     0x1bc5 ./Drivers/STM32F4xx_HAL_Driver/Src/stm32f4xx_hal_spi.o
 .debug_info    0x00015393     0x4315 ./Drivers/STM32F4xx_HAL_Driver/Src/stm32f4xx_hal_tim.o
 .debug_info    0x000196a8     0x18aa ./Drivers/STM32F4xx_HAL_Driver/Src/stm32f4xx_hal_tim_ex.o
 .debug_info    0x0001af52     0x1976 ./Drivers/STM32F4xx_HAL_Driver/Src/stm32f4xx_hal_uart.o

.debug_abbrev   0x00000000     0x420a
 *(.debug_abbrev)
 .debug_abbrev  0x00000000      0x156 ./System/newlib/diag/Trace.o
 .debug_abbrev  0x00000156      0x188 ./System/newlib/diag/trace_impl.o
 .debug_abbrev  0x000002de       0x8e ./System/newlib/_exit.o
 .debug_abbrev  0x0000036c       0xb9 ./System/newlib/_sbrk.o
 .debug_abbrev  0x00000425      0x1ac ./System/newlib/_startup.o
 .debug_abbrev  0x000005d1       0xec ./System/newlib/_syscalls.o
 .debug_abbrev  0x000006bd       0xea ./System/_initialize_hardware.o
 .debug_abbrev  0x000007a7      0x1d4 ./System/exception_handlers.o
 .debug_abbrev  0x0000097b       0x9d ./System/vectors_stm32f427xx.o
 .debug_abbrev  0x00000a18      0x1b6 ./Src/can.o
 .debug_abbrev  0x00000bce      0x126 ./Src/dma.o
 .debug_abbrev  0x00000cf4      0x140 ./Src/freertos.o
 .debug_abbrev  0x00000e34      0x148 ./Src/gpio.o
 .debug_abbrev  0x00000f7c      0x22e ./Src/main.o
 .debug_abbrev  0x000011aa      0x1a8 ./Src/spi.o
 .debug_abbrev  0x00001352       0xc2 ./Src/stm32f4xx_hal_msp.o
 .debug_abbrev  0x00001414      0x1d4 ./Src/stm32f4xx_hal_timebase_TIM.o
 .debug_abbrev  0x000015e8      0x1dc ./Src/stm32f4xx_it.o
 .debug_abbrev  0x000017c4      0x104 ./Src/system_stm32f4xx.o
 .debug_abbrev  0x000018c8      0x1f8 ./Src/tim.o
 .debug_abbrev  0x00001ac0      0x1f4 ./Src/usart.o
 .debug_abbrev  0x00001cb4      0x1fe ./Middlewares/Third_Party/FreeRTOS/Source/portable/MemMang/heap_4.o
 .debug_abbrev  0x00001eb2      0x21c ./Middlewares/Third_Party/FreeRTOS/Source/portable/GCC/ARM_CM4F/port.o
 .debug_abbrev  0x000020ce      0x2fe ./Middlewares/Third_Party/FreeRTOS/Source/CMSIS_RTOS/cmsis_os.o
 .debug_abbrev  0x000023cc       0xdf ./Middlewares/Third_Party/FreeRTOS/Source/list.o
 .debug_abbrev  0x000024ab      0x309 ./Middlewares/Third_Party/FreeRTOS/Source/tasks.o
 .debug_abbrev  0x000027b4      0x25c ./Drivers/STM32F4xx_HAL_Driver/Src/stm32f4xx_hal.o
 .debug_abbrev  0x00002a10      0x233 ./Drivers/STM32F4xx_HAL_Driver/Src/stm32f4xx_hal_can.o
 .debug_abbrev  0x00002c43      0x324 ./Drivers/STM32F4xx_HAL_Driver/Src/stm32f4xx_hal_cortex.o
 .debug_abbrev  0x00002f67      0x29f ./Drivers/STM32F4xx_HAL_Driver/Src/stm32f4xx_hal_dma.o
 .debug_abbrev  0x00003206      0x204 ./Drivers/STM32F4xx_HAL_Driver/Src/stm32f4xx_hal_gpio.o
 .debug_abbrev  0x0000340a      0x25d ./Drivers/STM32F4xx_HAL_Driver/Src/stm32f4xx_hal_pwr_ex.o
 .debug_abbrev  0x00003667      0x2c1 ./Drivers/STM32F4xx_HAL_Driver/Src/stm32f4xx_hal_rcc.o
 .debug_abbrev  0x00003928      0x23d ./Drivers/STM32F4xx_HAL_Driver/Src/stm32f4xx_hal_spi.o
 .debug_abbrev  0x00003b65      0x21b ./Drivers/STM32F4xx_HAL_Driver/Src/stm32f4xx_hal_tim.o
 .debug_abbrev  0x00003d80      0x21b ./Drivers/STM32F4xx_HAL_Driver/Src/stm32f4xx_hal_tim_ex.o
 .debug_abbrev  0x00003f9b      0x26f ./Drivers/STM32F4xx_HAL_Driver/Src/stm32f4xx_hal_uart.o

.debug_line     0x00000000    0x1499e
 *(.debug_line)
 .debug_line    0x00000000      0x353 ./System/newlib/diag/Trace.o
 .debug_line    0x00000353      0x6fb ./System/newlib/diag/trace_impl.o
 .debug_line    0x00000a4e      0x2f4 ./System/newlib/_exit.o
 .debug_line    0x00000d42      0x2a6 ./System/newlib/_sbrk.o
 .debug_line    0x00000fe8      0x35c ./System/newlib/_startup.o
 .debug_line    0x00001344      0x3b0 ./System/newlib/_syscalls.o
 .debug_line    0x000016f4      0x68f ./System/_initialize_hardware.o
 .debug_line    0x00001d83      0x77b ./System/exception_handlers.o
 .debug_line    0x000024fe       0xd0 ./System/vectors_stm32f427xx.o
 .debug_line    0x000025ce      0x6ef ./Src/can.o
 .debug_line    0x00002cbd      0x67a ./Src/dma.o
 .debug_line    0x00003337      0x2c3 ./Src/freertos.o
 .debug_line    0x000035fa      0x699 ./Src/gpio.o
 .debug_line    0x00003c93      0x8d8 ./Src/main.o
 .debug_line    0x0000456b      0x6b5 ./Src/spi.o
 .debug_line    0x00004c20      0x67b ./Src/stm32f4xx_hal_msp.o
 .debug_line    0x0000529b      0x6ae ./Src/stm32f4xx_hal_timebase_TIM.o
 .debug_line    0x00005949      0x987 ./Src/stm32f4xx_it.o
 .debug_line    0x000062d0      0x69e ./Src/system_stm32f4xx.o
 .debug_line    0x0000696e      0x7e9 ./Src/tim.o
 .debug_line    0x00007157      0x76f ./Src/usart.o
 .debug_line    0x000078c6      0x4d9 ./Middlewares/Third_Party/FreeRTOS/Source/portable/MemMang/heap_4.o
 .debug_line    0x00007d9f      0x3b5 ./Middlewares/Third_Party/FreeRTOS/Source/portable/GCC/ARM_CM4F/port.o
 .debug_line    0x00008154      0xa3b ./Middlewares/Third_Party/FreeRTOS/Source/CMSIS_RTOS/cmsis_os.o
 .debug_line    0x00008b8f      0x420 ./Middlewares/Third_Party/FreeRTOS/Source/list.o
 .debug_line    0x00008faf      0xc6f ./Middlewares/Third_Party/FreeRTOS/Source/tasks.o
 .debug_line    0x00009c1e      0x855 ./Drivers/STM32F4xx_HAL_Driver/Src/stm32f4xx_hal.o
 .debug_line    0x0000a473      0xcbf ./Drivers/STM32F4xx_HAL_Driver/Src/stm32f4xx_hal_can.o
 .debug_line    0x0000b132      0x92b ./Drivers/STM32F4xx_HAL_Driver/Src/stm32f4xx_hal_cortex.o
 .debug_line    0x0000ba5d      0xb1f ./Drivers/STM32F4xx_HAL_Driver/Src/stm32f4xx_hal_dma.o
 .debug_line    0x0000c57c      0x9e5 ./Drivers/STM32F4xx_HAL_Driver/Src/stm32f4xx_hal_gpio.o
 .debug_line    0x0000cf61      0x806 ./Drivers/STM32F4xx_HAL_Driver/Src/stm32f4xx_hal_pwr_ex.o
 .debug_line    0x0000d767      0xaf4 ./Drivers/STM32F4xx_HAL_Driver/Src/stm32f4xx_hal_rcc.o
 .debug_line    0x0000e25b     0x1107 ./Drivers/STM32F4xx_HAL_Driver/Src/stm32f4xx_hal_spi.o
 .debug_line    0x0000f362     0x33d4 ./Drivers/STM32F4xx_HAL_Driver/Src/stm32f4xx_hal_tim.o
 .debug_line    0x00012736     0x111a ./Drivers/STM32F4xx_HAL_Driver/Src/stm32f4xx_hal_tim_ex.o
 .debug_line    0x00013850     0x114e ./Drivers/STM32F4xx_HAL_Driver/Src/stm32f4xx_hal_uart.o

.debug_frame    0x00000000     0x40b8
 *(.debug_frame)
 .debug_frame   0x00000000       0x94 ./System/newlib/diag/Trace.o
 .debug_frame   0x00000094       0x54 ./System/newlib/diag/trace_impl.o
 .debug_frame   0x000000e8       0x38 ./System/newlib/_exit.o
 .debug_frame   0x00000120       0x28 ./System/newlib/_sbrk.o
 .debug_frame   0x00000148       0x7c ./System/newlib/_startup.o
 .debug_frame   0x000001c4       0x50 ./System/newlib/_syscalls.o
 .debug_frame   0x00000214       0x40 ./System/_initialize_hardware.o
 .debug_frame   0x00000254      0x144 ./System/exception_handlers.o
 .debug_frame   0x00000398       0x20 ./System/vectors_stm32f427xx.o
 .debug_frame   0x000003b8       0x78 ./Src/can.o
 .debug_frame   0x00000430       0x30 ./Src/dma.o
 .debug_frame   0x00000460       0x48 ./Src/freertos.o
 .debug_frame   0x000004a8       0x38 ./Src/gpio.o
 .debug_frame   0x000004e0       0x7c ./Src/main.o
 .debug_frame   0x0000055c       0x60 ./Src/spi.o
 .debug_frame   0x000005bc       0x28 ./Src/stm32f4xx_hal_msp.o
 .debug_frame   0x000005e4       0x50 ./Src/stm32f4xx_hal_timebase_TIM.o
 .debug_frame   0x00000634      0x1c0 ./Src/stm32f4xx_it.o
 .debug_frame   0x000007f4       0x30 ./Src/system_stm32f4xx.o
 .debug_frame   0x00000824      0x104 ./Src/tim.o
 .debug_frame   0x00000928       0xac ./Src/usart.o
 .debug_frame   0x000009d4       0xac ./Middlewares/Third_Party/FreeRTOS/Source/portable/MemMang/heap_4.o
 .debug_frame   0x00000a80       0xf0 ./Middlewares/Third_Party/FreeRTOS/Source/portable/GCC/ARM_CM4F/port.o
 .debug_frame   0x00000b70      0x56c ./Middlewares/Third_Party/FreeRTOS/Source/CMSIS_RTOS/cmsis_os.o
 .debug_frame   0x000010dc       0x6c ./Middlewares/Third_Party/FreeRTOS/Source/list.o
 .debug_frame   0x00001148      0x4c4 ./Middlewares/Third_Party/FreeRTOS/Source/tasks.o
 .debug_frame   0x0000160c      0x1b8 ./Drivers/STM32F4xx_HAL_Driver/Src/stm32f4xx_hal.o
 .debug_frame   0x000017c4      0x1dc ./Drivers/STM32F4xx_HAL_Driver/Src/stm32f4xx_hal_can.o
 .debug_frame   0x000019a0      0x19c ./Drivers/STM32F4xx_HAL_Driver/Src/stm32f4xx_hal_cortex.o
 .debug_frame   0x00001b3c      0x18c ./Drivers/STM32F4xx_HAL_Driver/Src/stm32f4xx_hal_dma.o
 .debug_frame   0x00001cc8       0xf8 ./Drivers/STM32F4xx_HAL_Driver/Src/stm32f4xx_hal_gpio.o
 .debug_frame   0x00001dc0       0xf0 ./Drivers/STM32F4xx_HAL_Driver/Src/stm32f4xx_hal_pwr_ex.o
 .debug_frame   0x00001eb0      0x150 ./Drivers/STM32F4xx_HAL_Driver/Src/stm32f4xx_hal_rcc.o
 .debug_frame   0x00002000      0x558 ./Drivers/STM32F4xx_HAL_Driver/Src/stm32f4xx_hal_spi.o
 .debug_frame   0x00002558      0xa8c ./Drivers/STM32F4xx_HAL_Driver/Src/stm32f4xx_hal_tim.o
 .debug_frame   0x00002fe4      0x3e4 ./Drivers/STM32F4xx_HAL_Driver/Src/stm32f4xx_hal_tim_ex.o