Archive member included to satisfy reference by file (symbol)

d:/potableprogram/gcc-arm-none-eabi-5_4/bin/../lib/gcc/arm-none-eabi/5.4.1/../../../../arm-none-eabi/lib/armv7e-m/fpu\libm.a(lib_a-wf_atan2.o)
                              ./MDK-ARM/bsp/mpu.o (atan2f)
d:/potableprogram/gcc-arm-none-eabi-5_4/bin/../lib/gcc/arm-none-eabi/5.4.1/../../../../arm-none-eabi/lib/armv7e-m/fpu\libm.a(lib_a-ef_atan2.o)
                              d:/potableprogram/gcc-arm-none-eabi-5_4/bin/../lib/gcc/arm-none-eabi/5.4.1/../../../../arm-none-eabi/lib/armv7e-m/fpu\libm.a(lib_a-wf_atan2.o) (__ieee754_atan2f)
d:/potableprogram/gcc-arm-none-eabi-5_4/bin/../lib/gcc/arm-none-eabi/5.4.1/../../../../arm-none-eabi/lib/armv7e-m/fpu\libm.a(lib_a-sf_atan.o)
                              d:/potableprogram/gcc-arm-none-eabi-5_4/bin/../lib/gcc/arm-none-eabi/5.4.1/../../../../arm-none-eabi/lib/armv7e-m/fpu\libm.a(lib_a-ef_atan2.o) (atanf)
d:/potableprogram/gcc-arm-none-eabi-5_4/bin/../lib/gcc/arm-none-eabi/5.4.1/../../../../arm-none-eabi/lib/armv7e-m/fpu\libm.a(lib_a-sf_fabs.o)
                              d:/potableprogram/gcc-arm-none-eabi-5_4/bin/../lib/gcc/arm-none-eabi/5.4.1/../../../../arm-none-eabi/lib/armv7e-m/fpu\libm.a(lib_a-ef_atan2.o) (fabsf)
d:/potableprogram/gcc-arm-none-eabi-5_4/bin/../lib/gcc/arm-none-eabi/5.4.1/armv7e-m/fpu\libgcc.a(_arm_addsubdf3.o)
                              ./MDK-ARM/app/gimbal_task.o (__aeabi_dsub)
d:/potableprogram/gcc-arm-none-eabi-5_4/bin/../lib/gcc/arm-none-eabi/5.4.1/armv7e-m/fpu\libgcc.a(_arm_muldivdf3.o)
                              ./MDK-ARM/app/gimbal_task.o (__aeabi_dmul)
d:/potableprogram/gcc-arm-none-eabi-5_4/bin/../lib/gcc/arm-none-eabi/5.4.1/armv7e-m/fpu\libgcc.a(_arm_cmpdf2.o)
                              ./MDK-ARM/app/chassis_task.o (__aeabi_dcmplt)
d:/potableprogram/gcc-arm-none-eabi-5_4/bin/../lib/gcc/arm-none-eabi/5.4.1/armv7e-m/fpu\libgcc.a(_arm_truncdfsf2.o)
                              ./MDK-ARM/app/gimbal_task.o (__aeabi_d2f)
d:/potableprogram/gcc-arm-none-eabi-5_4/bin/../lib/gcc/arm-none-eabi/5.4.1/../../../../arm-none-eabi/lib/armv7e-m/fpu\libg.a(lib_a-errno.o)
                              ./System/newlib/_sbrk.o (__errno)
d:/potableprogram/gcc-arm-none-eabi-5_4/bin/../lib/gcc/arm-none-eabi/5.4.1/../../../../arm-none-eabi/lib/armv7e-m/fpu\libg.a(lib_a-impure.o)
                              d:/potableprogram/gcc-arm-none-eabi-5_4/bin/../lib/gcc/arm-none-eabi/5.4.1/../../../../arm-none-eabi/lib/armv7e-m/fpu\libg.a(lib_a-errno.o) (_impure_ptr)
d:/potableprogram/gcc-arm-none-eabi-5_4/bin/../lib/gcc/arm-none-eabi/5.4.1/../../../../arm-none-eabi/lib/armv7e-m/fpu\libg.a(lib_a-malloc.o)
                              ./MDK-ARM/bsp/fifo.o (malloc)
d:/potableprogram/gcc-arm-none-eabi-5_4/bin/../lib/gcc/arm-none-eabi/5.4.1/../../../../arm-none-eabi/lib/armv7e-m/fpu\libg.a(lib_a-mallocr.o)
                              d:/potableprogram/gcc-arm-none-eabi-5_4/bin/../lib/gcc/arm-none-eabi/5.4.1/../../../../arm-none-eabi/lib/armv7e-m/fpu\libg.a(lib_a-malloc.o) (_malloc_r)
d:/potableprogram/gcc-arm-none-eabi-5_4/bin/../lib/gcc/arm-none-eabi/5.4.1/../../../../arm-none-eabi/lib/armv7e-m/fpu\libg.a(lib_a-memcpy.o)
                              ./Middlewares/Third_Party/FreeRTOS/Source/queue.o (memcpy)
d:/potableprogram/gcc-arm-none-eabi-5_4/bin/../lib/gcc/arm-none-eabi/5.4.1/../../../../arm-none-eabi/lib/armv7e-m/fpu\libg.a(lib_a-memset.o)
                              ./Middlewares/Third_Party/FreeRTOS/Source/CMSIS_RTOS/cmsis_os.o (memset)
d:/potableprogram/gcc-arm-none-eabi-5_4/bin/../lib/gcc/arm-none-eabi/5.4.1/../../../../arm-none-eabi/lib/armv7e-m/fpu\libg.a(lib_a-mlock.o)
                              d:/potableprogram/gcc-arm-none-eabi-5_4/bin/../lib/gcc/arm-none-eabi/5.4.1/../../../../arm-none-eabi/lib/armv7e-m/fpu\libg.a(lib_a-mallocr.o) (__malloc_lock)
d:/potableprogram/gcc-arm-none-eabi-5_4/bin/../lib/gcc/arm-none-eabi/5.4.1/../../../../arm-none-eabi/lib/armv7e-m/fpu\libg.a(lib_a-sbrkr.o)
                              d:/potableprogram/gcc-arm-none-eabi-5_4/bin/../lib/gcc/arm-none-eabi/5.4.1/../../../../arm-none-eabi/lib/armv7e-m/fpu\libg.a(lib_a-mallocr.o) (_sbrk_r)
d:/potableprogram/gcc-arm-none-eabi-5_4/bin/../lib/gcc/arm-none-eabi/5.4.1/../../../../arm-none-eabi/lib/armv7e-m/fpu\libg.a(lib_a-sprintf.o)
                              ./MDK-ARM/bsp/bsp_uart.o (sprintf)
d:/potableprogram/gcc-arm-none-eabi-5_4/bin/../lib/gcc/arm-none-eabi/5.4.1/../../../../arm-none-eabi/lib/armv7e-m/fpu\libg.a(lib_a-strlen.o)
                              ./System/newlib/diag/Trace.o (strlen)
d:/potableprogram/gcc-arm-none-eabi-5_4/bin/../lib/gcc/arm-none-eabi/5.4.1/../../../../arm-none-eabi/lib/armv7e-m/fpu\libg.a(lib_a-svfprintf.o)
                              d:/potableprogram/gcc-arm-none-eabi-5_4/bin/../lib/gcc/arm-none-eabi/5.4.1/../../../../arm-none-eabi/lib/armv7e-m/fpu\libg.a(lib_a-sprintf.o) (_svfprintf_r)
[...]
Memory Configuration

Name             Origin             Length             Attributes
RAM              0x20000000         0x00030000         xrw
CCMRAM           0x10000000         0x00010000         xrw
FLASH            0x08000000         0x00100000         xr
FLASHB1          0x00000000         0x00000000         xr
EXTMEMB0         0x00000000         0x00000000         xr
EXTMEMB1         0x00000000         0x00000000         xr
EXTMEMB2         0x00000000         0x00000000         xr
EXTMEMB3         0x00000000         0x00000000         xr
MEMORY_ARRAY     0x20002000         0x00000020         xrw
*default*        0x00000000         0xffffffff

Linker script and memory map

LOAD ./System/newlib/diag/Trace.o
LOAD ./System/newlib/diag/trace_impl.o
LOAD ./System/newlib/_cxx.o
LOAD ./System/newlib/_exit.o
LOAD ./System/newlib/_sbrk.o
LOAD ./System/newlib/_startup.o
LOAD ./System/newlib/_syscalls.o
LOAD ./System/newlib/assert.o
LOAD ./System/_initialize_hardware.o
LOAD ./System/_reset_hardware.o
LOAD ./System/exception_handlers.o
LOAD ./System/vectors_stm32f427xx.o
LOAD ./Src/can.o
LOAD ./Src/dma.o
LOAD ./Src/freertos.o
LOAD ./Src/gpio.o
LOAD ./Src/main.o
LOAD ./Src/spi.o
LOAD ./Src/stm32f4xx_hal_msp.o
LOAD ./Src/stm32f4xx_hal_timebase_TIM.o
LOAD ./Src/stm32f4xx_it.o
LOAD ./Src/system_stm32f4xx.o
LOAD ./Src/tim.o
LOAD ./Src/usart.o
LOAD ./Middlewares/Third_Party/FreeRTOS/Source/portable/MemMang/heap_4.o
LOAD ./Middlewares/Third_Party/FreeRTOS/Source/portable/GCC/ARM_CM4F/port.o
LOAD ./Middlewares/Third_Party/FreeRTOS/Source/CMSIS_RTOS/cmsis_os.o
LOAD ./Middlewares/Third_Party/FreeRTOS/Source/croutine.o
LOAD ./Middlewares/Third_Party/FreeRTOS/Source/event_groups.o
LOAD ./Middlewares/Third_Party/FreeRTOS/Source/list.o
LOAD ./Middlewares/Third_Party/FreeRTOS/Source/queue.o
LOAD ./Middlewares/Third_Party/FreeRTOS/Source/tasks.o
LOAD ./Middlewares/Third_Party/FreeRTOS/Source/timers.o
LOAD ./MDK-ARM/bsp/ITM_printf.o
LOAD ./MDK-ARM/bsp/bsp_can.o
LOAD ./MDK-ARM/bsp/bsp_flash.o
LOAD ./MDK-ARM/bsp/bsp_uart.o
LOAD ./MDK-ARM/bsp/calibrate.o
LOAD ./MDK-ARM/bsp/fifo.o
LOAD ./MDK-ARM/bsp/judge_sys.o
LOAD ./MDK-ARM/bsp/keyboard.o
LOAD ./MDK-ARM/bsp/led.o
LOAD ./MDK-ARM/bsp/mpu.o
LOAD ./MDK-ARM/bsp/myiic.o
LOAD ./MDK-ARM/bsp/pid.o
LOAD ./MDK-ARM/app/chassis_task.o
LOAD ./MDK-ARM/app/cpu_utils.o
LOAD ./MDK-ARM/app/error_task.o
LOAD ./MDK-ARM/app/gimbal_task.o
LOAD ./MDK-ARM/shangweiji.o
LOAD ./Drivers/STM32F4xx_HAL_Driver/Src/stm32f4xx_hal.o
LOAD ./Drivers/STM32F4xx_HAL_Driver/Src/stm32f4xx_hal_can.o
LOAD ./Drivers/STM32F4xx_HAL_Driver/Src/stm32f4xx_hal_cortex.o
LOAD ./Drivers/STM32F4xx_HAL_Driver/Src/stm32f4xx_hal_dma.o
LOAD ./Drivers/STM32F4xx_HAL_Driver/Src/stm32f4xx_hal_dma_ex.o
LOAD ./Drivers/STM32F4xx_HAL_Driver/Src/stm32f4xx_hal_flash.o
LOAD ./Drivers/STM32F4xx_HAL_Driver/Src/stm32f4xx_hal_flash_ex.o
LOAD ./Drivers/STM32F4xx_HAL_Driver/Src/stm32f4xx_hal_flash_ramfunc.o
LOAD ./Drivers/STM32F4xx_HAL_Driver/Src/stm32f4xx_hal_gpio.o
LOAD ./Drivers/STM32F4xx_HAL_Driver/Src/stm32f4xx_hal_pwr.o
LOAD ./Drivers/STM32F4xx_HAL_Driver/Src/stm32f4xx_hal_pwr_ex.o
LOAD ./Drivers/STM32F4xx_HAL_Driver/Src/stm32f4xx_hal_rcc.o
LOAD ./Drivers/STM32F4xx_HAL_Driver/Src/stm32f4xx_hal_rcc_ex.o
LOAD ./Drivers/STM32F4xx_HAL_Driver/Src/stm32f4xx_hal_spi.o
LOAD ./Drivers/STM32F4xx_HAL_Driver/Src/stm32f4xx_hal_tim.o
LOAD ./Drivers/STM32F4xx_HAL_Driver/Src/stm32f4xx_hal_tim_ex.o
LOAD ./Drivers/STM32F4xx_HAL_Driver/Src/stm32f4xx_hal_uart.o
LOAD d:/potableprogram/gcc-arm-none-eabi-5_4/bin/../lib/gcc/arm-none-eabi/5.4.1/../../../../arm-none-eabi/lib/armv7e-m/fpu\libstdc++.a
LOAD d:/potableprogram/gcc-arm-none-eabi-5_4/bin/../lib/gcc/arm-none-eabi/5.4.1/../../../../arm-none-eabi/lib/armv7e-m/fpu\libm.a
START GROUP
LOAD d:/potableprogram/gcc-arm-none-eabi-5_4/bin/../lib/gcc/arm-none-eabi/5.4.1/armv7e-m/fpu\libgcc.a
LOAD d:/potableprogram/gcc-arm-none-eabi-5_4/bin/../lib/gcc/arm-none-eabi/5.4.1/../../../../arm-none-eabi/lib/armv7e-m/fpu\libg.a
LOAD d:/potableprogram/gcc-arm-none-eabi-5_4/bin/../lib/gcc/arm-none-eabi/5.4.1/../../../../arm-none-eabi/lib/armv7e-m/fpu\libc.a
END GROUP
                0x20030000                __stack = (ORIGIN (RAM) + LENGTH (RAM))
                0x20030000                _estack = __stack
                0x00000400                __Main_Stack_Size = 0x400
                [!provide]                PROVIDE (_Main_Stack_Size, __Main_Stack_Size)
                0x2002fc00                __Main_Stack_Limit = (__stack - __Main_Stack_Size)
                [!provide]                PROVIDE (_Main_Stack_Limit, __Main_Stack_Limit)
                0x00000100                _Minimum_Stack_Size = 0x100
                0x20004e4c                PROVIDE (_Heap_Begin, _end_noinit)
                0x2002fc00                PROVIDE (_Heap_Limit, (__stack - __Main_Stack_Size))

.isr_vector     0x08000000      0x3c8
 FILL mask 0xff
                0x08000000                __vectors_start = ABSOLUTE (.)
                0x08000000                __vectors_start__ = ABSOLUTE (.)
 *(.isr_vector)
 .isr_vector    0x08000000      0x1ac ./System/vectors_stm32f427xx.o
                0x08000000                __isr_vectors
 *(.cfmconfig)
 *(.after_vectors .after_vectors.*)
 .after_vectors
                0x080001ac      0x114 ./System/newlib/_startup.o
                0x080001ac                _start
 .after_vectors
                0x080002c0      0x104 ./System/exception_handlers.o
                0x080002c0                Reset_Handler
                0x080002e0                HardFault_Handler_C
                0x0800032c                BusFault_Handler_C
                0x08000374                UsageFault_Handler_C
 .after_vectors
                0x080003c4        0x4 ./System/vectors_stm32f427xx.o
                0x080003c4                RTC_Alarm_IRQHandler
                0x080003c4                HASH_RNG_IRQHandler
                0x080003c4                EXTI2_IRQHandler
                0x080003c4                TIM8_CC_IRQHandler
                0x080003c4                UART8_IRQHandler
                0x080003c4                SPI4_IRQHandler
                0x080003c4                TIM1_CC_IRQHandler
                0x080003c4                DMA2_Stream5_IRQHandler
                0x080003c4                PVD_IRQHandler
                0x080003c4                SDIO_IRQHandler
                0x080003c4                TAMP_STAMP_IRQHandler
                0x080003c4                CAN2_RX1_IRQHandler
                0x080003c4                EXTI3_IRQHandler
                0x080003c4                TIM8_TRG_COM_TIM14_IRQHandler
                0x080003c4                TIM1_UP_TIM10_IRQHandler
                0x080003c4                TIM8_UP_TIM13_IRQHandler
                0x080003c4                I2C3_ER_IRQHandler
                0x080003c4                EXTI0_IRQHandler
                0x080003c4                I2C2_EV_IRQHandler
                0x080003c4                DMA1_Stream2_IRQHandler
                0x080003c4                FPU_IRQHandler
                0x080003c4                OTG_HS_WKUP_IRQHandler
                0x080003c4                CAN2_SCE_IRQHandler
                0x080003c4                SPI1_IRQHandler
                0x080003c4                TIM1_BRK_TIM9_IRQHandler
                0x080003c4                DCMI_IRQHandler
                0x080003c4                DMA2_Stream3_IRQHandler
                0x080003c4                CAN1_RX1_IRQHandler
                0x080003c4                UART5_IRQHandler
                0x080003c4                DMA2_Stream0_IRQHandler
                0x080003c4                TIM4_IRQHandler
                0x080003c4                I2C1_EV_IRQHandler
                0x080003c4                DMA1_Stream6_IRQHandler
                0x080003c4                UART4_IRQHandler
                0x080003c4                TIM3_IRQHandler
                0x080003c4                RCC_IRQHandler
                0x080003c4                TIM8_BRK_TIM12_IRQHandler
                0x080003c4                Default_Handler
                0x080003c4                EXTI15_10_IRQHandler
                0x080003c4                ADC_IRQHandler
                0x080003c4                DMA1_Stream7_IRQHandler
                0x080003c4                SPI5_IRQHandler
                0x080003c4                TIM7_IRQHandler
                0x080003c4                TIM5_IRQHandler
                0x080003c4                DMA2_Stream7_IRQHandler
                0x080003c4                I2C3_EV_IRQHandler
                0x080003c4                EXTI9_5_IRQHandler
                0x080003c4                RTC_WKUP_IRQHandler
                0x080003c4                ETH_WKUP_IRQHandler
                0x080003c4                SPI2_IRQHandler
                0x080003c4                OTG_HS_EP1_IN_IRQHandler
                0x080003c4                DMA1_Stream0_IRQHandler
                0x080003c4                EXTI4_IRQHandler
                0x080003c4                ETH_IRQHandler
                0x080003c4                OTG_HS_EP1_OUT_IRQHandler
                0x080003c4                WWDG_IRQHandler
                0x080003c4                SPI6_IRQHandler
                0x080003c4                TIM2_IRQHandler
                0x080003c4                OTG_FS_WKUP_IRQHandler
                0x080003c4                TIM1_TRG_COM_TIM11_IRQHandler
                0x080003c4                OTG_HS_IRQHandler
                0x080003c4                DMA2D_IRQHandler
                0x080003c4                EXTI1_IRQHandler
                0x080003c4                UART7_IRQHandler
                0x080003c4                I2C2_ER_IRQHandler
                0x080003c4                CAN1_SCE_IRQHandler
                0x080003c4                FLASH_IRQHandler
                0x080003c4                DMA2_Stream4_IRQHandler
                0x080003c4                OTG_FS_IRQHandler
                0x080003c4                SPI3_IRQHandler
                0x080003c4                DMA1_Stream4_IRQHandler
                0x080003c4                I2C1_ER_IRQHandler
                0x080003c4                FMC_IRQHandler
                0x080003c4                DMA2_Stream6_IRQHandler
                0x080003c4                SAI1_IRQHandler
                0x080003c4                DMA1_Stream3_IRQHandler

.inits          0x080003c8       0x28
                0x080003c8                __data_regions_array_start = .
                0x080003c8        0x4 LONG 0x800a6a0 LOADADDR (.data)
                0x080003cc        0x4 LONG 0x20000000 ADDR (.data)
                0x080003d0        0x4 LONG 0x200009c4 (ADDR (.data) + SIZEOF (.data))
                0x080003d4        0x4 LONG 0x800a6a0 LOADADDR (.data_CCMRAM)
                0x080003d8        0x4 LONG 0x10000000 ADDR (.data_CCMRAM)
                0x080003dc        0x4 LONG 0x10000000 (ADDR (.data_CCMRAM) + SIZEOF (.data_CCMRAM))
                0x080003e0                __data_regions_array_end = .
                0x080003e0                __bss_regions_array_start = .
                0x080003e0        0x4 LONG 0x200009c4 ADDR (.bss)
                0x080003e4        0x4 LONG 0x20004e4c (ADDR (.bss) + SIZEOF (.bss))
                0x080003e8        0x4 LONG 0x10000000 ADDR (.bss_CCMRAM)
                0x080003ec        0x4 LONG 0x10000000 (ADDR (.bss_CCMRAM) + SIZEOF (.bss_CCMRAM))
                0x080003f0                __bss_regions_array_end = .
 *(.init)
 *(.fini)
                0x080003f0                . = ALIGN (0x4)
                0x080003f0                PROVIDE (__preinit_array_start, .)
 *(.preinit_array_sysinit .preinit_array_sysinit.*)
 *(.preinit_array_platform .preinit_array_platform.*)
 *(.preinit_array .preinit_array.*)
                0x080003f0                PROVIDE (__preinit_array_end, .)
                0x080003f0                . = ALIGN (0x4)
                0x080003f0                PROVIDE (__init_array_start, .)
 *(SORT(.init_array.*))
 *(.init_array)
                0x080003f0                PROVIDE (__init_array_end, .)
                0x080003f0                . = ALIGN (0x4)
                0x080003f0                PROVIDE (__fini_array_start, .)
 *(SORT(.fini_array.*))
 *(.fini_array)
                0x080003f0                PROVIDE (__fini_array_end, .)

.flashtext
 *(.flashtext .flashtext.*)

.text           0x08000400     0xa295
 *(.text .text.*)
 .text.trace_printf
                0x08000400       0x30 ./System/newlib/diag/Trace.o
                0x08000400                trace_printf
 .text._trace_write_itm
                0x08000430       0x48 ./System/newlib/diag/trace_impl.o
 .text.trace_write
                0x08000478        0x8 ./System/newlib/diag/trace_impl.o
                0x08000478                trace_write
 .text._exit    0x08000480        0x4 ./System/newlib/_exit.o
                0x08000480                _exit
 .text._sbrk    0x08000484       0x44 ./System/newlib/_sbrk.o
                0x08000484                _sbrk
 .text.__initialize_args
                0x080004c8       0x10 ./System/newlib/_syscalls.o
                0x080004c8                __initialize_args
 .text.__initialize_hardware_early
                0x080004d8       0x24 ./System/_initialize_hardware.o
                0x080004d8                __initialize_hardware_early
 .text.__initialize_hardware
                0x080004fc        0x8 ./System/_initialize_hardware.o
                0x080004fc                __initialize_hardware
 .text.dumpExceptionStack
                0x08000504       0xf0 ./System/exception_handlers.o
                0x08000504                dumpExceptionStack
 .text.MX_CAN1_Init
                0x080005f4       0x48 ./Src/can.o
                0x080005f4                MX_CAN1_Init
 .text.MX_CAN2_Init
                0x0800063c       0x4c ./Src/can.o
                0x0800063c                MX_CAN2_Init
 .text.HAL_CAN_MspInit
                0x08000688      0x108 ./Src/can.o
                0x08000688                HAL_CAN_MspInit
 .text.MX_DMA_Init
                0x08000790       0x78 ./Src/dma.o
                0x08000790                MX_DMA_Init
 .text.StartDefaultTask
                0x08000808        0xc ./Src/freertos.o
                0x08000808                StartDefaultTask
 .text.MX_FREERTOS_Init
                0x08000814       0x28 ./Src/freertos.o
                0x08000814                MX_FREERTOS_Init
 .text.MX_GPIO_Init
                0x0800083c      0x174 ./Src/gpio.o
                0x0800083c                MX_GPIO_Init
 .text.HAL_TIM_PeriodElapsedCallback
                0x080009b0       0x14 ./Src/main.o
                0x080009b0                HAL_TIM_PeriodElapsedCallback
 .text._Error_Handler
                0x080009c4        0x4 ./Src/main.o
                0x080009c4                _Error_Handler
 .text.SystemClock_Config
                0x080009c8       0xd4 ./Src/main.o
                0x080009c8                SystemClock_Config
 .text.main     0x08000a9c       0x50 ./Src/main.o
                0x08000a9c                main
 .text.assert_failed
                0x08000aec        0x4 ./Src/main.o
                0x08000aec                assert_failed
 .text.MX_SPI5_Init
                0x08000af0       0x48 ./Src/spi.o
                0x08000af0                MX_SPI5_Init
 .text.HAL_SPI_MspInit
                0x08000b38       0x54 ./Src/spi.o
                0x08000b38                HAL_SPI_MspInit
 .text.HAL_MspInit
                0x08000b8c       0x60 ./Src/stm32f4xx_hal_msp.o
                0x08000b8c                HAL_MspInit
 .text.HAL_InitTick
                0x08000bec       0x7c ./Src/stm32f4xx_hal_timebase_TIM.o
                0x08000bec                HAL_InitTick
 .text.NMI_Handler
                0x08000c68        0x4 ./Src/stm32f4xx_it.o
                0x08000c68                NMI_Handler
 .text.HardFault_Handler
                0x08000c6c        0x4 ./Src/stm32f4xx_it.o
                0x08000c6c                HardFault_Handler
 .text.MemManage_Handler
                0x08000c70        0x4 ./Src/stm32f4xx_it.o
                0x08000c70                MemManage_Handler
 .text.BusFault_Handler
                0x08000c74        0x4 ./Src/stm32f4xx_it.o
                0x08000c74                BusFault_Handler
 .text.UsageFault_Handler
                0x08000c78        0x4 ./Src/stm32f4xx_it.o
                0x08000c78                UsageFault_Handler
 .text.DebugMon_Handler
                0x08000c7c        0x4 ./Src/stm32f4xx_it.o
                0x08000c7c                DebugMon_Handler
 .text.SysTick_Handler
                0x08000c80        0x8 ./Src/stm32f4xx_it.o
                0x08000c80                SysTick_Handler
 .text.DMA1_Stream1_IRQHandler
                0x08000c88       0x10 ./Src/stm32f4xx_it.o
                0x08000c88                DMA1_Stream1_IRQHandler
 .text.DMA1_Stream5_IRQHandler
                0x08000c98       0x10 ./Src/stm32f4xx_it.o
                0x08000c98                DMA1_Stream5_IRQHandler
 .text.CAN1_TX_IRQHandler
                0x08000ca8       0x10 ./Src/stm32f4xx_it.o
                0x08000ca8                CAN1_TX_IRQHandler
 .text.CAN1_RX0_IRQHandler
                0x08000cb8       0x10 ./Src/stm32f4xx_it.o
                0x08000cb8                CAN1_RX0_IRQHandler
 .text.USART1_IRQHandler
                0x08000cc8       0x10 ./Src/stm32f4xx_it.o
                0x08000cc8                USART1_IRQHandler
 .text.USART2_IRQHandler
                0x08000cd8       0x10 ./Src/stm32f4xx_it.o
                0x08000cd8                USART2_IRQHandler
 .text.USART3_IRQHandler
                0x08000ce8       0x10 ./Src/stm32f4xx_it.o
                0x08000ce8                USART3_IRQHandler
 .text.TIM6_DAC_IRQHandler
                0x08000cf8       0x10 ./Src/stm32f4xx_it.o
                0x08000cf8                TIM6_DAC_IRQHandler
 .text.DMA2_Stream1_IRQHandler
                0x08000d08       0x10 ./Src/stm32f4xx_it.o
                0x08000d08                DMA2_Stream1_IRQHandler
 .text.DMA2_Stream2_IRQHandler
                0x08000d18       0x10 ./Src/stm32f4xx_it.o
                0x08000d18                DMA2_Stream2_IRQHandler
 .text.CAN2_TX_IRQHandler
                0x08000d28       0x10 ./Src/stm32f4xx_it.o
                0x08000d28                CAN2_TX_IRQHandler
 .text.CAN2_RX0_IRQHandler
                0x08000d38       0x10 ./Src/stm32f4xx_it.o
                0x08000d38                CAN2_RX0_IRQHandler
 .text.USART6_IRQHandler
                0x08000d48       0x10 ./Src/stm32f4xx_it.o
                0x08000d48                USART6_IRQHandler
 .text.SystemInit
                0x08000d58       0x4c ./Src/system_stm32f4xx.o
                0x08000d58                SystemInit
 .text.SystemCoreClockUpdate
                0x08000da4       0xa0 ./Src/system_stm32f4xx.o
                0x08000da4                SystemCoreClockUpdate
 .text.HAL_TIM_PWM_MspInit
                0x08000e44       0xe0 ./Src/tim.o
                0x08000e44                HAL_TIM_PWM_MspInit
 .text.HAL_TIM_MspPostInit
                0x08000f24      0x140 ./Src/tim.o
                0x08000f24                HAL_TIM_MspPostInit
 .text.MX_TIM2_Init
                0x08001064       0xac ./Src/tim.o
                0x08001064                MX_TIM2_Init
 .text.MX_TIM3_Init
                0x08001110       0x88 ./Src/tim.o
                0x08001110                MX_TIM3_Init
 .text.MX_TIM4_Init
                0x08001198       0xb0 ./Src/tim.o
                0x08001198                MX_TIM4_Init
 .text.MX_TIM5_Init
                0x08001248       0xbc ./Src/tim.o
                0x08001248                MX_TIM5_Init
 .text.MX_TIM8_Init
                0x08001304       0xe8 ./Src/tim.o
                0x08001304                MX_TIM8_Init
 .text.MX_TIM12_Init
                0x080013ec       0x80 ./Src/tim.o
                0x080013ec                MX_TIM12_Init
 .text.MX_USART1_UART_Init
                0x0800146c       0x40 ./Src/usart.o
                0x0800146c                MX_USART1_UART_Init
 .text.MX_USART2_UART_Init
                0x080014ac       0x3c ./Src/usart.o
                0x080014ac                MX_USART2_UART_Init
 .text.MX_USART3_UART_Init
                0x080014e8       0x3c ./Src/usart.o
                0x080014e8                MX_USART3_UART_Init
 .text.MX_USART6_UART_Init
                0x08001524       0x3c ./Src/usart.o
                0x08001524                MX_USART6_UART_Init
 .text.HAL_UART_MspInit
                0x08001560      0x258 ./Src/usart.o
                0x08001560                HAL_UART_MspInit
 .text.prvHeapInit
                0x080017b8       0x64 ./Middlewares/Third_Party/FreeRTOS/Source/portable/MemMang/heap_4.o
 .text.prvInsertBlockIntoFreeList
                0x0800181c       0x58 ./Middlewares/Third_Party/FreeRTOS/Source/portable/MemMang/heap_4.o
 .text.pvPortMalloc
                0x08001874      0x104 ./Middlewares/Third_Party/FreeRTOS/Source/portable/MemMang/heap_4.o
                0x08001874                pvPortMalloc
 .text.vPortFree
                0x08001978       0x78 ./Middlewares/Third_Party/FreeRTOS/Source/portable/MemMang/heap_4.o
                0x08001978                vPortFree
 .text.prvTaskExitError
                0x080019f0       0x34 ./Middlewares/Third_Party/FreeRTOS/Source/portable/GCC/ARM_CM4F/port.o
 .text.prvPortStartFirstTask
                0x08001a24       0x20 ./Middlewares/Third_Party/FreeRTOS/Source/portable/GCC/ARM_CM4F/port.o
 .text.vPortEnableVFP
                0x08001a44       0x14 ./Middlewares/Third_Party/FreeRTOS/Source/portable/GCC/ARM_CM4F/port.o
 .text.pxPortInitialiseStack
                0x08001a58       0x2c ./Middlewares/Third_Party/FreeRTOS/Source/portable/GCC/ARM_CM4F/port.o
                0x08001a58                pxPortInitialiseStack
 *fill*         0x08001a84        0xc 
 .text.SVC_Handler
                0x08001a90       0x24 ./Middlewares/Third_Party/FreeRTOS/Source/portable/GCC/ARM_CM4F/port.o
                0x08001a90                SVC_Handler
 .text.vPortEnterCritical
                0x08001ab4       0x44 ./Middlewares/Third_Party/FreeRTOS/Source/portable/GCC/ARM_CM4F/port.o
                0x08001ab4                vPortEnterCritical
 .text.vPortExitCritical
                0x08001af8       0x2c ./Middlewares/Third_Party/FreeRTOS/Source/portable/GCC/ARM_CM4F/port.o
                0x08001af8                vPortExitCritical
 *fill*         0x08001b24        0xc 
 .text.PendSV_Handler
                0x08001b30       0x64 ./Middlewares/Third_Party/FreeRTOS/Source/portable/GCC/ARM_CM4F/port.o
                0x08001b30                PendSV_Handler
 .text.xPortSysTickHandler
                0x08001b94       0x2c ./Middlewares/Third_Party/FreeRTOS/Source/portable/GCC/ARM_CM4F/port.o
                0x08001b94                xPortSysTickHandler
 .text.vPortSetupTimerInterrupt
                0x08001bc0       0x2c ./Middlewares/Third_Party/FreeRTOS/Source/portable/GCC/ARM_CM4F/port.o
                0x08001bc0                vPortSetupTimerInterrupt
 .text.xPortStartScheduler
                0x08001bec       0xec ./Middlewares/Third_Party/FreeRTOS/Source/portable/GCC/ARM_CM4F/port.o
                0x08001bec                xPortStartScheduler
 .text.makeFreeRtosPriority
                0x08001cd8        0xc ./Middlewares/Third_Party/FreeRTOS/Source/CMSIS_RTOS/cmsis_os.o
 .text.osKernelStart
                0x08001ce4        0xc ./Middlewares/Third_Party/FreeRTOS/Source/CMSIS_RTOS/cmsis_os.o
                0x08001ce4                osKernelStart
 .text.osThreadCreate
                0x08001cf0       0x34 ./Middlewares/Third_Party/FreeRTOS/Source/CMSIS_RTOS/cmsis_os.o
                0x08001cf0                osThreadCreate
 .text.osDelay  0x08001d24       0x10 ./Middlewares/Third_Party/FreeRTOS/Source/CMSIS_RTOS/cmsis_os.o
                0x08001d24                osDelay
 .text.osSystickHandler
                0x08001d34       0x10 ./Middlewares/Third_Party/FreeRTOS/Source/CMSIS_RTOS/cmsis_os.o
                0x08001d34                osSystickHandler
 .text.vListInitialise
                0x08001d44       0x18 ./Middlewares/Third_Party/FreeRTOS/Source/list.o
                0x08001d44                vListInitialise
 .text.vListInitialiseItem
                0x08001d5c        0x8 ./Middlewares/Third_Party/FreeRTOS/Source/list.o
                0x08001d5c                vListInitialiseItem
 .text.vListInsertEnd
                0x08001d64       0x18 ./Middlewares/Third_Party/FreeRTOS/Source/list.o
                0x08001d64                vListInsertEnd
 .text.vListInsert
                0x08001d7c       0x34 ./Middlewares/Third_Party/FreeRTOS/Source/list.o
                0x08001d7c                vListInsert
 .text.uxListRemove
                0x08001db0       0x24 ./Middlewares/Third_Party/FreeRTOS/Source/list.o
                0x08001db0                uxListRemove
 .text.prvResetNextTaskUnblockTime
                0x08001dd4       0x34 ./Middlewares/Third_Party/FreeRTOS/Source/tasks.o
 .text.prvDeleteTCB
                0x08001e08       0x14 ./Middlewares/Third_Party/FreeRTOS/Source/tasks.o
 .text.prvInitialiseNewTask
                0x08001e1c       0x80 ./Middlewares/Third_Party/FreeRTOS/Source/tasks.o
 .text.prvInitialiseTaskLists
                0x08001e9c       0x68 ./Middlewares/Third_Party/FreeRTOS/Source/tasks.o
 .text.prvAddNewTaskToReadyList
                0x08001f04       0xa8 ./Middlewares/Third_Party/FreeRTOS/Source/tasks.o
 .text.prvAddCurrentTaskToDelayedList
                0x08001fac       0x98 ./Middlewares/Third_Party/FreeRTOS/Source/tasks.o
 .text.xTaskCreate
                0x08002044       0x64 ./Middlewares/Third_Party/FreeRTOS/Source/tasks.o
                0x08002044                xTaskCreate
 .text.vTaskStartScheduler
                0x080020a8       0x7c ./Middlewares/Third_Party/FreeRTOS/Source/tasks.o
                0x080020a8                vTaskStartScheduler
 .text.vTaskSuspendAll
                0x08002124       0x10 ./Middlewares/Third_Party/FreeRTOS/Source/tasks.o
                0x08002124                vTaskSuspendAll
 .text.xTaskIncrementTick
                0x08002134      0x124 ./Middlewares/Third_Party/FreeRTOS/Source/tasks.o
                0x08002134                xTaskIncrementTick
 .text.xTaskResumeAll
                0x08002258       0xf8 ./Middlewares/Third_Party/FreeRTOS/Source/tasks.o
                0x08002258                xTaskResumeAll
 .text.vTaskDelay
                0x08002350       0x50 ./Middlewares/Third_Party/FreeRTOS/Source/tasks.o
                0x08002350                vTaskDelay
 .text.prvCheckTasksWaitingTermination
                0x080023a0       0x54 ./Middlewares/Third_Party/FreeRTOS/Source/tasks.o
 .text.prvIdleTask
                0x080023f4       0x28 ./Middlewares/Third_Party/FreeRTOS/Source/tasks.o
 .text.vTaskSwitchContext
                0x0800241c       0x94 ./Middlewares/Third_Party/FreeRTOS/Source/tasks.o
                0x0800241c                vTaskSwitchContext
 .text.xTaskGetSchedulerState
                0x080024b0       0x20 ./Middlewares/Third_Party/FreeRTOS/Source/tasks.o
                0x080024b0                xTaskGetSchedulerState
 .text.get_moto_measure
                0x080024d0       0x88 ./MDK-ARM/bsp/bsp_can.o
                0x080024d0                get_moto_measure
 .text.get_moto_offset
                0x08002558       0x10 ./MDK-ARM/bsp/bsp_can.o
                0x08002558                get_moto_offset
 .text.HAL_CAN_RxCpltCallback
                0x08002568      0x12c ./MDK-ARM/bsp/bsp_can.o
                0x08002568                HAL_CAN_RxCpltCallback
 .text.err_detector_hook
                0x08002694       0x30 ./MDK-ARM/app/error_task.o
                0x08002694                err_detector_hook
 .text.HAL_Init
                0x080026c4       0x34 ./Drivers/STM32F4xx_HAL_Driver/Src/stm32f4xx_hal.o
                0x080026c4                HAL_Init
 .text.HAL_IncTick
                0x080026f8       0x10 ./Drivers/STM32F4xx_HAL_Driver/Src/stm32f4xx_hal.o
                0x080026f8                HAL_IncTick
 .text.HAL_GetTick
                0x08002708        0xc ./Drivers/STM32F4xx_HAL_Driver/Src/stm32f4xx_hal.o
                0x08002708                HAL_GetTick
 .text.HAL_CAN_Init
                0x08002714      0x26c ./Drivers/STM32F4xx_HAL_Driver/Src/stm32f4xx_hal_can.o
                0x08002714                HAL_CAN_Init
 .text.HAL_CAN_TxCpltCallback
                0x08002980        0x4 ./Drivers/STM32F4xx_HAL_Driver/Src/stm32f4xx_hal_can.o
                0x08002980                HAL_CAN_TxCpltCallback
 .text.CAN_Transmit_IT
                0x08002984       0x58 ./Drivers/STM32F4xx_HAL_Driver/Src/stm32f4xx_hal_can.o
 .text.CAN_Receive_IT
                0x080029dc      0x16c ./Drivers/STM32F4xx_HAL_Driver/Src/stm32f4xx_hal_can.o
 .text.HAL_CAN_ErrorCallback
                0x08002b48        0x4 ./Drivers/STM32F4xx_HAL_Driver/Src/stm32f4xx_hal_can.o
                0x08002b48                HAL_CAN_ErrorCallback
 .text.HAL_CAN_IRQHandler
                0x08002b4c      0x1f4 ./Drivers/STM32F4xx_HAL_Driver/Src/stm32f4xx_hal_can.o
                0x08002b4c                HAL_CAN_IRQHandler
 .text.HAL_NVIC_SetPriorityGrouping
                0x08002d40       0x3c ./Drivers/STM32F4xx_HAL_Driver/Src/stm32f4xx_hal_cortex.o
                0x08002d40                HAL_NVIC_SetPriorityGrouping
 .text.HAL_NVIC_SetPriority
                0x08002d7c       0x84 ./Drivers/STM32F4xx_HAL_Driver/Src/stm32f4xx_hal_cortex.o
                0x08002d7c                HAL_NVIC_SetPriority
 .text.HAL_NVIC_EnableIRQ
                0x08002e00       0x2c ./Drivers/STM32F4xx_HAL_Driver/Src/stm32f4xx_hal_cortex.o
                0x08002e00                HAL_NVIC_EnableIRQ
 .text.HAL_SYSTICK_Config
                0x08002e2c       0x2c ./Drivers/STM32F4xx_HAL_Driver/Src/stm32f4xx_hal_cortex.o
                0x08002e2c                HAL_SYSTICK_Config
 .text.HAL_SYSTICK_CLKSourceConfig
                0x08002e58       0x38 ./Drivers/STM32F4xx_HAL_Driver/Src/stm32f4xx_hal_cortex.o
                0x08002e58                HAL_SYSTICK_CLKSourceConfig
 .text.DMA_CalcBaseAndBitshift
                0x08002e90       0x3c ./Drivers/STM32F4xx_HAL_Driver/Src/stm32f4xx_hal_dma.o
 .text.DMA_CheckFifoParam
                0x08002ecc       0x90 ./Drivers/STM32F4xx_HAL_Driver/Src/stm32f4xx_hal_dma.o
 .text.HAL_DMA_Init
                0x08002f5c      0x274 ./Drivers/STM32F4xx_HAL_Driver/Src/stm32f4xx_hal_dma.o
                0x08002f5c                HAL_DMA_Init
 .text.HAL_DMA_Abort_IT
                0x080031d0       0x28 ./Drivers/STM32F4xx_HAL_Driver/Src/stm32f4xx_hal_dma.o
                0x080031d0                HAL_DMA_Abort_IT
 .text.HAL_DMA_IRQHandler
                0x080031f8      0x1e0 ./Drivers/STM32F4xx_HAL_Driver/Src/stm32f4xx_hal_dma.o
                0x080031f8                HAL_DMA_IRQHandler
 .text.HAL_GPIO_Init
                0x080033d8      0x368 ./Drivers/STM32F4xx_HAL_Driver/Src/stm32f4xx_hal_gpio.o
                0x080033d8                HAL_GPIO_Init
 .text.HAL_GPIO_WritePin
                0x08003740       0x34 ./Drivers/STM32F4xx_HAL_Driver/Src/stm32f4xx_hal_gpio.o
                0x08003740                HAL_GPIO_WritePin
 .text.HAL_PWREx_EnableOverDrive
                0x08003774       0xa4 ./Drivers/STM32F4xx_HAL_Driver/Src/stm32f4xx_hal_pwr_ex.o
                0x08003774                HAL_PWREx_EnableOverDrive
 .text.HAL_RCC_OscConfig
                0x08003818      0x4b8 ./Drivers/STM32F4xx_HAL_Driver/Src/stm32f4xx_hal_rcc.o
                0x08003818                HAL_RCC_OscConfig
 .text.HAL_RCC_GetSysClockFreq
                0x08003cd0       0xa4 ./Drivers/STM32F4xx_HAL_Driver/Src/stm32f4xx_hal_rcc.o
                0x08003cd0                HAL_RCC_GetSysClockFreq
 .text.HAL_RCC_ClockConfig
                0x08003d74      0x264 ./Drivers/STM32F4xx_HAL_Driver/Src/stm32f4xx_hal_rcc.o
                0x08003d74                HAL_RCC_ClockConfig
 .text.HAL_RCC_GetHCLKFreq
                0x08003fd8        0xc ./Drivers/STM32F4xx_HAL_Driver/Src/stm32f4xx_hal_rcc.o
                0x08003fd8                HAL_RCC_GetHCLKFreq
 .text.HAL_RCC_GetPCLK1Freq
                0x08003fe4       0x30 ./Drivers/STM32F4xx_HAL_Driver/Src/stm32f4xx_hal_rcc.o
                0x08003fe4                HAL_RCC_GetPCLK1Freq
 .text.HAL_RCC_GetPCLK2Freq
                0x08004014       0x30 ./Drivers/STM32F4xx_HAL_Driver/Src/stm32f4xx_hal_rcc.o
                0x08004014                HAL_RCC_GetPCLK2Freq
 .text.HAL_RCC_GetClockConfig
                0x08004044       0x3c ./Drivers/STM32F4xx_HAL_Driver/Src/stm32f4xx_hal_rcc.o
                0x08004044                HAL_RCC_GetClockConfig
 .text.HAL_SPI_Init
                0x08004080      0x198 ./Drivers/STM32F4xx_HAL_Driver/Src/stm32f4xx_hal_spi.o
                0x08004080                HAL_SPI_Init
 .text.TIM_OC1_SetConfig
                0x08004218       0x68 ./Drivers/STM32F4xx_HAL_Driver/Src/stm32f4xx_hal_tim.o
 .text.TIM_OC3_SetConfig
                0x08004280       0xb4 ./Drivers/STM32F4xx_HAL_Driver/Src/stm32f4xx_hal_tim.o
 .text.TIM_OC4_SetConfig
                0x08004334       0x7c ./Drivers/STM32F4xx_HAL_Driver/Src/stm32f4xx_hal_tim.o
 .text.HAL_TIM_Base_MspInit
                0x080043b0        0x4 ./Drivers/STM32F4xx_HAL_Driver/Src/stm32f4xx_hal_tim.o
                0x080043b0                HAL_TIM_Base_MspInit
 .text.HAL_TIM_Base_Start_IT
                0x080043b4       0x9c ./Drivers/STM32F4xx_HAL_Driver/Src/stm32f4xx_hal_tim.o
                0x080043b4                HAL_TIM_Base_Start_IT
 .text.HAL_TIM_OC_DelayElapsedCallback
                0x08004450        0x4 ./Drivers/STM32F4xx_HAL_Driver/Src/stm32f4xx_hal_tim.o
                0x08004450                HAL_TIM_OC_DelayElapsedCallback
 .text.HAL_TIM_IC_CaptureCallback
                0x08004454        0x4 ./Drivers/STM32F4xx_HAL_Driver/Src/stm32f4xx_hal_tim.o
                0x08004454                HAL_TIM_IC_CaptureCallback
 .text.HAL_TIM_PWM_PulseFinishedCallback
                0x08004458        0x4 ./Drivers/STM32F4xx_HAL_Driver/Src/stm32f4xx_hal_tim.o
                0x08004458                HAL_TIM_PWM_PulseFinishedCallback
 .text.HAL_TIM_TriggerCallback
                0x0800445c        0x4 ./Drivers/STM32F4xx_HAL_Driver/Src/stm32f4xx_hal_tim.o
                0x0800445c                HAL_TIM_TriggerCallback
 .text.HAL_TIM_IRQHandler
                0x08004460      0x174 ./Drivers/STM32F4xx_HAL_Driver/Src/stm32f4xx_hal_tim.o
                0x08004460                HAL_TIM_IRQHandler
 .text.TIM_Base_SetConfig
                0x080045d4      0x11c ./Drivers/STM32F4xx_HAL_Driver/Src/stm32f4xx_hal_tim.o
                0x080045d4                TIM_Base_SetConfig
 .text.HAL_TIM_Base_Init
                0x080046f0       0xec ./Drivers/STM32F4xx_HAL_Driver/Src/stm32f4xx_hal_tim.o
                0x080046f0                HAL_TIM_Base_Init
 .text.HAL_TIM_PWM_Init
                0x080047dc       0xf4 ./Drivers/STM32F4xx_HAL_Driver/Src/stm32f4xx_hal_tim.o
                0x080047dc                HAL_TIM_PWM_Init
 .text.TIM_OC2_SetConfig
                0x080048d0       0x90 ./Drivers/STM32F4xx_HAL_Driver/Src/stm32f4xx_hal_tim.o
                0x080048d0                TIM_OC2_SetConfig
 .text.HAL_TIM_PWM_ConfigChannel
                0x08004960      0x274 ./Drivers/STM32F4xx_HAL_Driver/Src/stm32f4xx_hal_tim.o
                0x08004960                HAL_TIM_PWM_ConfigChannel
 .text.HAL_TIMEx_MasterConfigSynchronization
                0x08004bd4       0xe0 ./Drivers/STM32F4xx_HAL_Driver/Src/stm32f4xx_hal_tim_ex.o
                0x08004bd4                HAL_TIMEx_MasterConfigSynchronization
 .text.HAL_TIMEx_ConfigBreakDeadTime
                0x08004cb4      0x114 ./Drivers/STM32F4xx_HAL_Driver/Src/stm32f4xx_hal_tim_ex.o
                0x08004cb4                HAL_TIMEx_ConfigBreakDeadTime
 .text.HAL_TIMEx_CommutationCallback
                0x08004dc8        0x4 ./Drivers/STM32F4xx_HAL_Driver/Src/stm32f4xx_hal_tim_ex.o
                0x08004dc8                HAL_TIMEx_CommutationCallback
 .text.HAL_TIMEx_BreakCallback
                0x08004dcc        0x4 ./Drivers/STM32F4xx_HAL_Driver/Src/stm32f4xx_hal_tim_ex.o
                0x08004dcc                HAL_TIMEx_BreakCallback
 .text.UART_EndRxTransfer
                0x08004dd0       0x1c ./Drivers/STM32F4xx_HAL_Driver/Src/stm32f4xx_hal_uart.o
 .text.UART_Transmit_IT
                0x08004dec       0x6c ./Drivers/STM32F4xx_HAL_Driver/Src/stm32f4xx_hal_uart.o
 .text.UART_SetConfig
                0x08004e58      0x390 ./Drivers/STM32F4xx_HAL_Driver/Src/stm32f4xx_hal_uart.o
 .text.HAL_UART_Init
                0x080051e8      0x134 ./Drivers/STM32F4xx_HAL_Driver/Src/stm32f4xx_hal_uart.o
                0x080051e8                HAL_UART_Init
 .text.HAL_UART_TxCpltCallback
                0x0800531c        0x4 ./Drivers/STM32F4xx_HAL_Driver/Src/stm32f4xx_hal_uart.o
                0x0800531c                HAL_UART_TxCpltCallback
 .text.UART_EndTransmit_IT
                0x08005320       0x1c ./Drivers/STM32F4xx_HAL_Driver/Src/stm32f4xx_hal_uart.o
 .text.HAL_UART_RxCpltCallback
                0x0800533c        0x4 ./Drivers/STM32F4xx_HAL_Driver/Src/stm32f4xx_hal_uart.o
                0x0800533c                HAL_UART_RxCpltCallback
 .text.UART_Receive_IT
                0x08005340       0x94 ./Drivers/STM32F4xx_HAL_Driver/Src/stm32f4xx_hal_uart.o
 .text.HAL_UART_ErrorCallback
                0x080053d4        0x4 ./Drivers/STM32F4xx_HAL_Driver/Src/stm32f4xx_hal_uart.o
                0x080053d4                HAL_UART_ErrorCallback
 .text.HAL_UART_IRQHandler
                0x080053d8      0x11c ./Drivers/STM32F4xx_HAL_Driver/Src/stm32f4xx_hal_uart.o
                0x080053d8                HAL_UART_IRQHandler
 .text.UART_DMAAbortOnError
                0x080054f4       0x10 ./Drivers/STM32F4xx_HAL_Driver/Src/stm32f4xx_hal_uart.o
 .text          0x08005504      0x370 d:/potableprogram/gcc-arm-none-eabi-5_4/bin/../lib/gcc/arm-none-eabi/5.4.1/armv7e-m/fpu\libgcc.a(_arm_addsubdf3.o)
                0x08005504                __aeabi_drsub
                0x0800550c                __aeabi_dsub
                0x0800550c                __subdf3
                0x08005510                __aeabi_dadd
                0x08005510                __adddf3
                0x08005788                __floatunsidf
                0x08005788                __aeabi_ui2d
                0x080057a8                __floatsidf
                0x080057a8                __aeabi_i2d
                0x080057cc                __aeabi_f2d
                0x080057cc                __extendsfdf2
                0x08005808                __floatundidf
                0x08005808                __aeabi_ul2d
                0x08005818                __floatdidf
                0x08005818                __aeabi_l2d
 .text          0x08005874      0x424 d:/potableprogram/gcc-arm-none-eabi-5_4/bin/../lib/gcc/arm-none-eabi/5.4.1/armv7e-m/fpu\libgcc.a(_arm_muldivdf3.o)
                0x08005874                __aeabi_dmul
                0x08005874                __muldf3
                0x08005ac8                __divdf3
                0x08005ac8                __aeabi_ddiv
 .text          0x08005c98      0x110 d:/potableprogram/gcc-arm-none-eabi-5_4/bin/../lib/gcc/arm-none-eabi/5.4.1/armv7e-m/fpu\libgcc.a(_arm_cmpdf2.o)
                0x08005c98                __gtdf2
                0x08005c98                __gedf2
                0x08005ca0                __ltdf2
                0x08005ca0                __ledf2
                0x08005ca8                __nedf2
                0x08005ca8                __eqdf2
                0x08005ca8                __cmpdf2
                0x08005d24                __aeabi_cdrcmple
                0x08005d34                __aeabi_cdcmpeq
                0x08005d34                __aeabi_cdcmple
                0x08005d44                __aeabi_dcmpeq
                0x08005d58                __aeabi_dcmplt
                0x08005d6c                __aeabi_dcmple
                0x08005d80                __aeabi_dcmpge
                0x08005d94                __aeabi_dcmpgt
 .text.__errno  0x08005da8        0xc d:/potableprogram/gcc-arm-none-eabi-5_4/bin/../lib/gcc/arm-none-eabi/5.4.1/../../../../arm-none-eabi/lib/armv7e-m/fpu\libg.a(lib_a-errno.o)
                0x08005da8                __errno
 .text._malloc_r
                0x08005db4      0x570 d:/potableprogram/gcc-arm-none-eabi-5_4/bin/../lib/gcc/arm-none-eabi/5.4.1/../../../../arm-none-eabi/lib/armv7e-m/fpu\libg.a(lib_a-mallocr.o)
                0x08005db4                _malloc_r
 .text          0x08006324      0x134 d:/potableprogram/gcc-arm-none-eabi-5_4/bin/../lib/gcc/arm-none-eabi/5.4.1/../../../../arm-none-eabi/lib/armv7e-m/fpu\libg.a(lib_a-memcpy.o)
                0x08006324                memcpy
 .text.memset   0x08006458       0x9c d:/potableprogram/gcc-arm-none-eabi-5_4/bin/../lib/gcc/arm-none-eabi/5.4.1/../../../../arm-none-eabi/lib/armv7e-m/fpu\libg.a(lib_a-memset.o)
                0x08006458                memset
 .text.__malloc_lock
                0x080064f4        0x4 d:/potableprogram/gcc-arm-none-eabi-5_4/bin/../lib/gcc/arm-none-eabi/5.4.1/../../../../arm-none-eabi/lib/armv7e-m/fpu\libg.a(lib_a-mlock.o)
                0x080064f4                __malloc_lock
 .text.__malloc_unlock
                0x080064f8        0x4 d:/potableprogram/gcc-arm-none-eabi-5_4/bin/../lib/gcc/arm-none-eabi/5.4.1/../../../../arm-none-eabi/lib/armv7e-m/fpu\libg.a(lib_a-mlock.o)
                0x080064f8                __malloc_unlock
 .text._sbrk_r  0x080064fc       0x24 d:/potableprogram/gcc-arm-none-eabi-5_4/bin/../lib/gcc/arm-none-eabi/5.4.1/../../../../arm-none-eabi/lib/armv7e-m/fpu\libg.a(lib_a-sbrkr.o)
                0x080064fc                _sbrk_r
 *fill*         0x08006520       0x20 
 .text          0x08006540       0xdc d:/potableprogram/gcc-arm-none-eabi-5_4/bin/../lib/gcc/arm-none-eabi/5.4.1/../../../../arm-none-eabi/lib/armv7e-m/fpu\libg.a(lib_a-strlen.o)
                0x08006540                strlen
 *fill*         0x0800661c        0x4 
 .text._svfprintf_r
                0x08006620     0x16e4 d:/potableprogram/gcc-arm-none-eabi-5_4/bin/../lib/gcc/arm-none-eabi/5.4.1/../../../../arm-none-eabi/lib/armv7e-m/fpu\libg.a(lib_a-svfprintf.o)
                0x08006620                _svfprintf_r
 .text._vsnprintf_r
                0x08007d04       0x74 d:/potableprogram/gcc-arm-none-eabi-5_4/bin/../lib/gcc/arm-none-eabi/5.4.1/../../../../arm-none-eabi/lib/armv7e-m/fpu\libg.a(lib_a-vsnprintf.o)
                0x08007d04                _vsnprintf_r
 .text.vsnprintf
                0x08007d78       0x20 d:/potableprogram/gcc-arm-none-eabi-5_4/bin/../lib/gcc/arm-none-eabi/5.4.1/../../../../arm-none-eabi/lib/armv7e-m/fpu\libg.a(lib_a-vsnprintf.o)
                0x08007d78                vsnprintf
 .text.quorem   0x08007d98      0x128 d:/potableprogram/gcc-arm-none-eabi-5_4/bin/../lib/gcc/arm-none-eabi/5.4.1/../../../../arm-none-eabi/lib/armv7e-m/fpu\libg.a(lib_a-dtoa.o)
 .text._dtoa_r  0x08007ec0      0xe34 d:/potableprogram/gcc-arm-none-eabi-5_4/bin/../lib/gcc/arm-none-eabi/5.4.1/../../../../arm-none-eabi/lib/armv7e-m/fpu\libg.a(lib_a-dtoa.o)
                0x08007ec0                _dtoa_r
 .text._malloc_trim_r
                0x08008cf4       0x9c d:/potableprogram/gcc-arm-none-eabi-5_4/bin/../lib/gcc/arm-none-eabi/5.4.1/../../../../arm-none-eabi/lib/armv7e-m/fpu\libg.a(lib_a-freer.o)
                0x08008cf4                _malloc_trim_r
 .text._free_r  0x08008d90      0x1d0 d:/potableprogram/gcc-arm-none-eabi-5_4/bin/../lib/gcc/arm-none-eabi/5.4.1/../../../../arm-none-eabi/lib/armv7e-m/fpu\libg.a(lib_a-freer.o)
                0x08008d90                _free_r
 .text._localeconv_r
                0x08008f60       0x1c d:/potableprogram/gcc-arm-none-eabi-5_4/bin/../lib/gcc/arm-none-eabi/5.4.1/../../../../arm-none-eabi/lib/armv7e-m/fpu\libg.a(lib_a-localeconv.o)
                0x08008f60                _localeconv_r
 *fill*         0x08008f7c        0x4 
 .text          0x08008f80       0xa0 d:/potableprogram/gcc-arm-none-eabi-5_4/bin/../lib/gcc/arm-none-eabi/5.4.1/../../../../arm-none-eabi/lib/armv7e-m/fpu\libg.a(lib_a-memchr.o)
                0x08008f80                memchr
 .text._Balloc  0x08009020       0x4c d:/potableprogram/gcc-arm-none-eabi-5_4/bin/../lib/gcc/arm-none-eabi/5.4.1/../../../../arm-none-eabi/lib/armv7e-m/fpu\libg.a(lib_a-mprec.o)
                0x08009020                _Balloc
 .text._Bfree   0x0800906c       0x14 d:/potableprogram/gcc-arm-none-eabi-5_4/bin/../lib/gcc/arm-none-eabi/5.4.1/../../../../arm-none-eabi/lib/armv7e-m/fpu\libg.a(lib_a-mprec.o)
                0x0800906c                _Bfree
 .text.__multadd
                0x08009080       0x80 d:/potableprogram/gcc-arm-none-eabi-5_4/bin/../lib/gcc/arm-none-eabi/5.4.1/../../../../arm-none-eabi/lib/armv7e-m/fpu\libg.a(lib_a-mprec.o)
                0x08009080                __multadd
 .text.__hi0bits
                0x08009100       0x40 d:/potableprogram/gcc-arm-none-eabi-5_4/bin/../lib/gcc/arm-none-eabi/5.4.1/../../../../arm-none-eabi/lib/armv7e-m/fpu\libg.a(lib_a-mprec.o)
                0x08009100                __hi0bits
 .text.__lo0bits
                0x08009140       0x5c d:/potableprogram/gcc-arm-none-eabi-5_4/bin/../lib/gcc/arm-none-eabi/5.4.1/../../../../arm-none-eabi/lib/armv7e-m/fpu\libg.a(lib_a-mprec.o)
                0x08009140                __lo0bits
 .text.__i2b    0x0800919c       0x14 d:/potableprogram/gcc-arm-none-eabi-5_4/bin/../lib/gcc/arm-none-eabi/5.4.1/../../../../arm-none-eabi/lib/armv7e-m/fpu\libg.a(lib_a-mprec.o)
                0x0800919c                __i2b
 .text.__multiply
                0x080091b0      0x130 d:/potableprogram/gcc-arm-none-eabi-5_4/bin/../lib/gcc/arm-none-eabi/5.4.1/../../../../arm-none-eabi/lib/armv7e-m/fpu\libg.a(lib_a-mprec.o)
                0x080091b0                __multiply
 .text.__pow5mult
                0x080092e0       0xa0 d:/potableprogram/gcc-arm-none-eabi-5_4/bin/../lib/gcc/arm-none-eabi/5.4.1/../../../../arm-none-eabi/lib/armv7e-m/fpu\libg.a(lib_a-mprec.o)
                0x080092e0                __pow5mult
 .text.__lshift
                0x08009380       0xb0 d:/potableprogram/gcc-arm-none-eabi-5_4/bin/../lib/gcc/arm-none-eabi/5.4.1/../../../../arm-none-eabi/lib/armv7e-m/fpu\libg.a(lib_a-mprec.o)
                0x08009380                __lshift
 .text.__mcmp   0x08009430       0x44 d:/potableprogram/gcc-arm-none-eabi-5_4/bin/../lib/gcc/arm-none-eabi/5.4.1/../../../../arm-none-eabi/lib/armv7e-m/fpu\libg.a(lib_a-mprec.o)
                0x08009430                __mcmp
 .text.__mdiff  0x08009474      0x114 d:/potableprogram/gcc-arm-none-eabi-5_4/bin/../lib/gcc/arm-none-eabi/5.4.1/../../../../arm-none-eabi/lib/armv7e-m/fpu\libg.a(lib_a-mprec.o)
                0x08009474                __mdiff
 .text.__d2b    0x08009588       0xbc d:/potableprogram/gcc-arm-none-eabi-5_4/bin/../lib/gcc/arm-none-eabi/5.4.1/../../../../arm-none-eabi/lib/armv7e-m/fpu\libg.a(lib_a-mprec.o)
                0x08009588                __d2b
 .text.__ssprint_r
                0x08009644      0x100 d:/potableprogram/gcc-arm-none-eabi-5_4/bin/../lib/gcc/arm-none-eabi/5.4.1/../../../../arm-none-eabi/lib/armv7e-m/fpu\libg.a(lib_a-svfiprintf.o)
                0x08009644                __ssprint_r
 .text._calloc_r
                0x08009744       0x60 d:/potableprogram/gcc-arm-none-eabi-5_4/bin/../lib/gcc/arm-none-eabi/5.4.1/../../../../arm-none-eabi/lib/armv7e-m/fpu\libg.a(lib_a-callocr.o)
                0x08009744                _calloc_r
 .text.__ascii_mbtowc
                0x080097a4       0x2c d:/potableprogram/gcc-arm-none-eabi-5_4/bin/../lib/gcc/arm-none-eabi/5.4.1/../../../../arm-none-eabi/lib/armv7e-m/fpu\libg.a(lib_a-mbtowc_r.o)
                0x080097a4                __ascii_mbtowc
 .text.memmove  0x080097d0       0xc8 d:/potableprogram/gcc-arm-none-eabi-5_4/bin/../lib/gcc/arm-none-eabi/5.4.1/../../../../arm-none-eabi/lib/armv7e-m/fpu\libg.a(lib_a-memmove.o)
                0x080097d0                memmove
 .text._realloc_r
                0x08009898      0x3e0 d:/potableprogram/gcc-arm-none-eabi-5_4/bin/../lib/gcc/arm-none-eabi/5.4.1/../../../../arm-none-eabi/lib/armv7e-m/fpu\libg.a(lib_a-reallocr.o)
                0x08009898                _realloc_r
 .text.__ascii_wctomb
                0x08009c78       0x1c d:/potableprogram/gcc-arm-none-eabi-5_4/bin/../lib/gcc/arm-none-eabi/5.4.1/../../../../arm-none-eabi/lib/armv7e-m/fpu\libg.a(lib_a-wctomb_r.o)
                0x08009c78                __ascii_wctomb
 .text          0x08009c94       0x2c d:/potableprogram/gcc-arm-none-eabi-5_4/bin/../lib/gcc/arm-none-eabi/5.4.1/armv7e-m/fpu\libgcc.a(_arm_unorddf2.o)
                0x08009c94                __unorddf2
                0x08009c94                __aeabi_dcmpun
 .text          0x08009cc0       0x50 d:/potableprogram/gcc-arm-none-eabi-5_4/bin/../lib/gcc/arm-none-eabi/5.4.1/armv7e-m/fpu\libgcc.a(_arm_fixdfsi.o)
                0x08009cc0                __aeabi_d2iz
                0x08009cc0                __fixdfsi
 .text          0x08009d10       0x30 d:/potableprogram/gcc-arm-none-eabi-5_4/bin/../lib/gcc/arm-none-eabi/5.4.1/armv7e-m/fpu\libgcc.a(_aeabi_uldivmod.o)
                0x08009d10                __aeabi_uldivmod
 .text          0x08009d40      0x2e4 d:/potableprogram/gcc-arm-none-eabi-5_4/bin/../lib/gcc/arm-none-eabi/5.4.1/armv7e-m/fpu\libgcc.a(_udivmoddi4.o)
                0x08009d40                __udivmoddi4
 .text          0x0800a024        0x4 d:/potableprogram/gcc-arm-none-eabi-5_4/bin/../lib/gcc/arm-none-eabi/5.4.1/armv7e-m/fpu\libgcc.a(_dvmd_tls.o)
                0x0800a024                __aeabi_idiv0
                0x0800a024                __aeabi_ldiv0
 *(.rodata .rodata.* .constdata .constdata.*)
 .rodata.str1.4
                0x0800a028      0x146 ./System/exception_handlers.o
 *fill*         0x0800a16e        0x2 
 .rodata.str1.4
                0x0800a170        0xd ./Src/can.o
 *fill*         0x0800a17d        0x3 
 .rodata        0x0800a180       0x14 ./Src/freertos.o
 .rodata.str1.4
                0x0800a194        0xc ./Src/freertos.o
 .rodata.str1.4
                0x0800a1a0        0xe ./Src/main.o
 *fill*         0x0800a1ae        0x2 
 .rodata.str1.4
                0x0800a1b0        0xd ./Src/spi.o
 *fill*         0x0800a1bd        0x3 
 .rodata.AHBPrescTable
                0x0800a1c0       0x10 ./Src/system_stm32f4xx.o
                0x0800a1c0                AHBPrescTable
 .rodata.APBPrescTable
                0x0800a1d0        0x8 ./Src/system_stm32f4xx.o
                0x0800a1d0                APBPrescTable
 .rodata.str1.4
                0x0800a1d8        0xd ./Src/tim.o
 *fill*         0x0800a1e5        0x3 
 .rodata.str1.4
                0x0800a1e8        0xf ./Src/usart.o
 *fill*         0x0800a1f7        0x1 
 .rodata.str1.4
                0x0800a1f8        0x5 ./Middlewares/Third_Party/FreeRTOS/Source/tasks.o
 *fill*         0x0800a1fd        0x3 
 .rodata.str1.4
                0x0800a200       0x38 ./Drivers/STM32F4xx_HAL_Driver/Src/stm32f4xx_hal_can.o
 .rodata.str1.4
                0x0800a238       0x3b ./Drivers/STM32F4xx_HAL_Driver/Src/stm32f4xx_hal_cortex.o
 *fill*         0x0800a273        0x1 
 .rodata.flagBitshiftOffset.7587
                0x0800a274        0x8 ./Drivers/STM32F4xx_HAL_Driver/Src/stm32f4xx_hal_dma.o
 .rodata.str1.4
                0x0800a27c       0x38 ./Drivers/STM32F4xx_HAL_Driver/Src/stm32f4xx_hal_dma.o
 .rodata.str1.4
                0x0800a2b4       0x39 ./Drivers/STM32F4xx_HAL_Driver/Src/stm32f4xx_hal_gpio.o
 *fill*         0x0800a2ed        0x3 
 .rodata.str1.4
                0x0800a2f0       0x38 ./Drivers/STM32F4xx_HAL_Driver/Src/stm32f4xx_hal_rcc.o
 .rodata.str1.4
                0x0800a328       0x38 ./Drivers/STM32F4xx_HAL_Driver/Src/stm32f4xx_hal_spi.o
 .rodata.str1.4
                0x0800a360       0x38 ./Drivers/STM32F4xx_HAL_Driver/Src/stm32f4xx_hal_tim.o
 .rodata.str1.4
                0x0800a398       0x3b ./Drivers/STM32F4xx_HAL_Driver/Src/stm32f4xx_hal_tim_ex.o
 *fill*         0x0800a3d3        0x1 
 .rodata.str1.4
                0x0800a3d4       0x39 ./Drivers/STM32F4xx_HAL_Driver/Src/stm32f4xx_hal_uart.o
 *fill*         0x0800a40d        0x3 
 .rodata.zeroes.7258
                0x0800a410       0x10 d:/potableprogram/gcc-arm-none-eabi-5_4/bin/../lib/gcc/arm-none-eabi/5.4.1/../../../../arm-none-eabi/lib/armv7e-m/fpu\libg.a(lib_a-svfprintf.o)
 .rodata.str1.4
                0x0800a420       0x42 d:/potableprogram/gcc-arm-none-eabi-5_4/bin/../lib/gcc/arm-none-eabi/5.4.1/../../../../arm-none-eabi/lib/armv7e-m/fpu\libg.a(lib_a-svfprintf.o)
 *fill*         0x0800a462        0x2 
 .rodata.blanks.7257
                0x0800a464       0x10 d:/potableprogram/gcc-arm-none-eabi-5_4/bin/../lib/gcc/arm-none-eabi/5.4.1/../../../../arm-none-eabi/lib/armv7e-m/fpu\libg.a(lib_a-svfprintf.o)
 .rodata.str1.4
                0x0800a474       0x10 d:/potableprogram/gcc-arm-none-eabi-5_4/bin/../lib/gcc/arm-none-eabi/5.4.1/../../../../arm-none-eabi/lib/armv7e-m/fpu\libg.a(lib_a-dtoa.o)
                                 0x12 (size before relaxing)
 *fill*         0x0800a484        0x4 
 .rodata.__mprec_tens
                0x0800a488       0xc8 d:/potableprogram/gcc-arm-none-eabi-5_4/bin/../lib/gcc/arm-none-eabi/5.4.1/../../../../arm-none-eabi/lib/armv7e-m/fpu\libg.a(lib_a-mprec.o)
                0x0800a488                __mprec_tens
 .rodata.__mprec_bigtens
                0x0800a550       0x28 d:/potableprogram/gcc-arm-none-eabi-5_4/bin/../lib/gcc/arm-none-eabi/5.4.1/../../../../arm-none-eabi/lib/armv7e-m/fpu\libg.a(lib_a-mprec.o)
                0x0800a550                __mprec_bigtens
 .rodata.p05.6087
                0x0800a578        0xc d:/potableprogram/gcc-arm-none-eabi-5_4/bin/../lib/gcc/arm-none-eabi/5.4.1/../../../../arm-none-eabi/lib/armv7e-m/fpu\libg.a(lib_a-mprec.o)
 .rodata.str1.4
                0x0800a584       0x10 d:/potableprogram/gcc-arm-none-eabi-5_4/bin/../lib/gcc/arm-none-eabi/5.4.1/../../../../arm-none-eabi/lib/armv7e-m/fpu\libg.a(lib_a-locale.o)
                                 0x12 (size before relaxing)
 .rodata._ctype_
                0x0800a594      0x101 d:/potableprogram/gcc-arm-none-eabi-5_4/bin/../lib/gcc/arm-none-eabi/5.4.1/../../../../arm-none-eabi/lib/armv7e-m/fpu\libg.a(lib_a-ctype_.o)
                0x0800a594                _ctype_
 *(vtable)
 *(.eh_frame*)
 *(.glue_7)
 .glue_7        0x0800a695        0x0 linker stubs
 *(.glue_7t)
 .glue_7t       0x0800a695        0x0 linker stubs

.vfp11_veneer   0x0800a698        0x0
 .vfp11_veneer  0x0800a698        0x0 linker stubs

.v4_bx          0x0800a698        0x0
 .v4_bx         0x0800a698        0x0 linker stubs

.iplt           0x0800a698        0x0
 .iplt          0x0800a698        0x0 ./System/newlib/diag/Trace.o

.ARM.extab
 *(.ARM.extab* .gnu.linkonce.armextab.*)
                0x0800a698                . = ALIGN (0x4)
                0x0800a698                __exidx_start = .

.ARM.exidx      0x0800a698        0x8
 *(.ARM.exidx* .gnu.linkonce.armexidx.*)
 .ARM.exidx     0x0800a698        0x8 d:/potableprogram/gcc-arm-none-eabi-5_4/bin/../lib/gcc/arm-none-eabi/5.4.1/armv7e-m/fpu\libgcc.a(_udivmoddi4.o)
                0x0800a6a0                __exidx_end = .

.rel.dyn        0x0800a6a0        0x0
 .rel.iplt      0x0800a6a0        0x0 ./System/newlib/diag/Trace.o
                0x0800a6a0                . = ALIGN (0x4)
                0x0800a6a0                _etext = .
                0x0800a6a0                __etext = .

.data_CCMRAM    0x10000000        0x0 load address 0x0800a6a0
 FILL mask 0xff
 *(.data.CCMRAM .data.CCMRAM.*)
                0x10000000                . = ALIGN (0x4)
                0x0800a6a0                _sidata = LOADADDR (.data)

.data           0x20000000      0x9c4 load address 0x0800a6a0
 FILL mask 0xff
                0x20000000                _sdata = .
                0x20000000                __data_start__ = .
 *(.data_begin .data_begin.*)
 .data_begin    0x20000000        0x4 ./System/newlib/_startup.o
 *(.data .data.*)
 .data.argv.4292
                0x20000004        0x8 ./System/newlib/_syscalls.o
 .data.SystemCoreClock
                0x2000000c        0x4 ./Src/system_stm32f4xx.o
                0x2000000c                SystemCoreClock
 .data.uxCriticalNesting
                0x20000010        0x4 ./Middlewares/Third_Party/FreeRTOS/Source/portable/GCC/ARM_CM4F/port.o
 *fill*         0x20000014        0x4 ff
 .data.impure_data
                0x20000018      0x428 d:/potableprogram/gcc-arm-none-eabi-5_4/bin/../lib/gcc/arm-none-eabi/5.4.1/../../../../arm-none-eabi/lib/armv7e-m/fpu\libg.a(lib_a-impure.o)
 .data._impure_ptr
                0x20000440        0x4 d:/potableprogram/gcc-arm-none-eabi-5_4/bin/../lib/gcc/arm-none-eabi/5.4.1/../../../../arm-none-eabi/lib/armv7e-m/fpu\libg.a(lib_a-impure.o)
                0x20000440                _impure_ptr
 .data.__malloc_av_
                0x20000444      0x408 d:/potableprogram/gcc-arm-none-eabi-5_4/bin/../lib/gcc/arm-none-eabi/5.4.1/../../../../arm-none-eabi/lib/armv7e-m/fpu\libg.a(lib_a-mallocr.o)
                0x20000444                __malloc_av_
 .data.__malloc_trim_threshold
                0x2000084c        0x4 d:/potableprogram/gcc-arm-none-eabi-5_4/bin/../lib/gcc/arm-none-eabi/5.4.1/../../../../arm-none-eabi/lib/armv7e-m/fpu\libg.a(lib_a-mallocr.o)
                0x2000084c                __malloc_trim_threshold
 .data.__malloc_sbrk_base
                0x20000850        0x4 d:/potableprogram/gcc-arm-none-eabi-5_4/bin/../lib/gcc/arm-none-eabi/5.4.1/../../../../arm-none-eabi/lib/armv7e-m/fpu\libg.a(lib_a-mallocr.o)
                0x20000850                __malloc_sbrk_base
 .data.__global_locale
                0x20000854      0x16c d:/potableprogram/gcc-arm-none-eabi-5_4/bin/../lib/gcc/arm-none-eabi/5.4.1/../../../../arm-none-eabi/lib/armv7e-m/fpu\libg.a(lib_a-locale.o)
                0x20000854                __global_locale
 *(.data_end .data_end.*)
 .data_end      0x200009c0        0x4 ./System/newlib/_startup.o
                0x200009c4                . = ALIGN (0x4)
                0x200009c4                _edata = .
                0x200009c4                __data_end__ = .

.igot.plt       0x200009c4        0x0 load address 0x0800b064
 .igot.plt      0x200009c4        0x0 ./System/newlib/diag/Trace.o

.bss_CCMRAM     0x10000000        0x0
 *(.bss.CCMRAM .bss.CCMRAM.*)

.bss            0x200009c4     0x4488
                0x200009c4                __bss_start__ = .
                0x200009c4                _sbss = .
 *(.bss_begin .bss_begin.*)
 .bss_begin     0x200009c4        0x4 ./System/newlib/_startup.o
 *(.bss .bss.*)
 .bss.buf.5181  0x200009c8       0x80 ./System/newlib/diag/Trace.o
 .bss.current_heap_end.3976
                0x20000a48        0x4 ./System/newlib/_sbrk.o
 .bss.name.4291
                0x20000a4c        0x1 ./System/newlib/_syscalls.o
 *fill*         0x20000a4d        0x3 
 .bss.HAL_RCC_CAN1_CLK_ENABLED
                0x20000a50        0x4 ./Src/can.o
 .bss.xFreeBytesRemaining
                0x20000a54        0x4 ./Middlewares/Third_Party/FreeRTOS/Source/portable/MemMang/heap_4.o
 .bss.pxEnd     0x20000a58        0x4 ./Middlewares/Third_Party/FreeRTOS/Source/portable/MemMang/heap_4.o
 .bss.xStart    0x20000a5c        0x8 ./Middlewares/Third_Party/FreeRTOS/Source/portable/MemMang/heap_4.o
 .bss.ucHeap    0x20000a64     0x3c00 ./Middlewares/Third_Party/FreeRTOS/Source/portable/MemMang/heap_4.o
 .bss.xBlockAllocatedBit
                0x20004664        0x4 ./Middlewares/Third_Party/FreeRTOS/Source/portable/MemMang/heap_4.o
 .bss.xMinimumEverFreeBytesRemaining
                0x20004668        0x4 ./Middlewares/Third_Party/FreeRTOS/Source/portable/MemMang/heap_4.o
 .bss.ucMaxSysCallPriority
                0x2000466c        0x1 ./Middlewares/Third_Party/FreeRTOS/Source/portable/GCC/ARM_CM4F/port.o
 *fill*         0x2000466d        0x3 
 .bss.ulMaxPRIGROUPValue
                0x20004670        0x4 ./Middlewares/Third_Party/FreeRTOS/Source/portable/GCC/ARM_CM4F/port.o
 .bss.xNumOfOverflows
                0x20004674        0x4 ./Middlewares/Third_Party/FreeRTOS/Source/tasks.o
 .bss.pxDelayedTaskList
                0x20004678        0x4 ./Middlewares/Third_Party/FreeRTOS/Source/tasks.o
 .bss.xSchedulerRunning
                0x2000467c        0x4 ./Middlewares/Third_Party/FreeRTOS/Source/tasks.o
 .bss.xTasksWaitingTermination
                0x20004680       0x14 ./Middlewares/Third_Party/FreeRTOS/Source/tasks.o
 .bss.pxOverflowDelayedTaskList
                0x20004694        0x4 ./Middlewares/Third_Party/FreeRTOS/Source/tasks.o
 .bss.uxPendedTicks
                0x20004698        0x4 ./Middlewares/Third_Party/FreeRTOS/Source/tasks.o
 .bss.pxReadyTasksLists
                0x2000469c       0x8c ./Middlewares/Third_Party/FreeRTOS/Source/tasks.o
 .bss.uxSchedulerSuspended
                0x20004728        0x4 ./Middlewares/Third_Party/FreeRTOS/Source/tasks.o
 .bss.uxDeletedTasksWaitingCleanUp
                0x2000472c        0x4 ./Middlewares/Third_Party/FreeRTOS/Source/tasks.o
 .bss.uxCurrentNumberOfTasks
                0x20004730        0x4 ./Middlewares/Third_Party/FreeRTOS/Source/tasks.o
 .bss.pxCurrentTCB
                0x20004734        0x4 ./Middlewares/Third_Party/FreeRTOS/Source/tasks.o
                0x20004734                pxCurrentTCB
 .bss.xPendingReadyList
                0x20004738       0x14 ./Middlewares/Third_Party/FreeRTOS/Source/tasks.o
 .bss.xIdleTaskHandle
                0x2000474c        0x4 ./Middlewares/Third_Party/FreeRTOS/Source/tasks.o
 .bss.xTickCount
                0x20004750        0x4 ./Middlewares/Third_Party/FreeRTOS/Source/tasks.o
 .bss.xNextTaskUnblockTime
                0x20004754        0x4 ./Middlewares/Third_Party/FreeRTOS/Source/tasks.o
 .bss.uxTaskNumber
                0x20004758        0x4 ./Middlewares/Third_Party/FreeRTOS/Source/tasks.o
 .bss.xDelayedTaskList1
                0x2000475c       0x14 ./Middlewares/Third_Party/FreeRTOS/Source/tasks.o
 .bss.xDelayedTaskList2
                0x20004770       0x14 ./Middlewares/Third_Party/FreeRTOS/Source/tasks.o
 .bss.xSuspendedTaskList
                0x20004784       0x14 ./Middlewares/Third_Party/FreeRTOS/Source/tasks.o
 .bss.uxTopReadyPriority
                0x20004798        0x4 ./Middlewares/Third_Party/FreeRTOS/Source/tasks.o
 .bss.xYieldPending
                0x2000479c        0x4 ./Middlewares/Third_Party/FreeRTOS/Source/tasks.o
 .bss.i.8968    0x200047a0        0x1 ./MDK-ARM/bsp/bsp_can.o
 *fill*         0x200047a1        0x3 
 .bss.moto_chassis
                0x200047a4       0x70 ./MDK-ARM/bsp/bsp_can.o
                0x200047a4                moto_chassis
 .bss.__malloc_max_total_mem
                0x20004814        0x4 d:/potableprogram/gcc-arm-none-eabi-5_4/bin/../lib/gcc/arm-none-eabi/5.4.1/../../../../arm-none-eabi/lib/armv7e-m/fpu\libg.a(lib_a-mallocr.o)
                0x20004814                __malloc_max_total_mem
 .bss.__malloc_max_sbrked_mem
                0x20004818        0x4 d:/potableprogram/gcc-arm-none-eabi-5_4/bin/../lib/gcc/arm-none-eabi/5.4.1/../../../../arm-none-eabi/lib/armv7e-m/fpu\libg.a(lib_a-mallocr.o)
                0x20004818                __malloc_max_sbrked_mem
 .bss.__malloc_top_pad
                0x2000481c        0x4 d:/potableprogram/gcc-arm-none-eabi-5_4/bin/../lib/gcc/arm-none-eabi/5.4.1/../../../../arm-none-eabi/lib/armv7e-m/fpu\libg.a(lib_a-mallocr.o)
                0x2000481c                __malloc_top_pad
 .bss.__malloc_current_mallinfo
                0x20004820       0x28 d:/potableprogram/gcc-arm-none-eabi-5_4/bin/../lib/gcc/arm-none-eabi/5.4.1/../../../../arm-none-eabi/lib/armv7e-m/fpu\libg.a(lib_a-mallocr.o)
                0x20004820                __malloc_current_mallinfo
 *(COMMON)
 COMMON         0x20004848        0x4 ./System/newlib/_syscalls.o
                0x20004848                errno
 COMMON         0x2000484c       0x88 ./Src/can.o
                0x2000484c                hcan2
                0x20004890                hcan1
 COMMON         0x200048d4        0x4 ./Src/freertos.o
                0x200048d4                defaultTaskHandle
 COMMON         0x200048d8       0x58 ./Src/spi.o
                0x200048d8                hspi5
 COMMON         0x20004930       0x3c ./Src/stm32f4xx_hal_timebase_TIM.o
                0x20004930                htim6
 COMMON         0x2000496c      0x168 ./Src/tim.o
                0x2000496c                htim8
                0x200049a8                htim4
                0x200049e4                htim5
                0x20004a20                htim3
                0x20004a5c                htim2
                0x20004a98                htim12
 COMMON         0x20004ad4      0x280 ./Src/usart.o
                0x20004ad4                hdma_usart2_rx
                0x20004b34                hdma_usart6_rx
                0x20004b94                hdma_usart3_rx
                0x20004bf4                huart3
                0x20004c34                hdma_usart1_rx
                0x20004c94                huart1
                0x20004cd4                huart6
                0x20004d14                huart2
 COMMON         0x20004d54       0x58 ./MDK-ARM/bsp/bsp_can.o
                0x20004d54                yaw_zgyro_angle
                0x20004d58                moto_trigger
                0x20004d74                moto_pit
                0x20004d90                moto_yaw
 COMMON         0x20004dac       0x98 ./MDK-ARM/app/error_task.o
                0x20004dac                gRxErr
                0x20004e40                systime
 COMMON         0x20004e44        0x4 ./Drivers/STM32F4xx_HAL_Driver/Src/stm32f4xx_hal.o
                0x20004e44                uwTick
 *(.bss_end .bss_end.*)
 .bss_end       0x20004e48        0x4 ./System/newlib/_startup.o
                0x20004e4c                . = ALIGN (0x4)
                0x20004e4c                __bss_end__ = .
                0x20004e4c                _ebss = .

.noinit_CCMRAM
 *(.noinit.CCMRAM .noinit.CCMRAM.*)

.noinit         0x20004e4c        0x0
                0x20004e4c                _noinit = .
 *(.noinit .noinit.*)
                0x20004e4c                . = ALIGN (0x4)
                0x20004e4c                _end_noinit = .
                [!provide]                PROVIDE (end, _end_noinit)
                [!provide]                PROVIDE (_end, _end_noinit)
                [!provide]                PROVIDE (__end, _end_noinit)
                [!provide]                PROVIDE (__end__, _end_noinit)

._check_stack   0x20004e4c      0x100
                0x20004f4c                . = (. + _Minimum_Stack_Size)
 *fill*         0x20004e4c      0x100 

.b1text
 *(.b1text)
 *(.b1rodata)
 *(.b1rodata.*)

.eb0text
 *(.eb0text)
 *(.eb0rodata)
 *(.eb0rodata.*)

.eb1text
 *(.eb1text)
 *(.eb1rodata)
 *(.eb1rodata.*)

.eb2text
 *(.eb2text)
 *(.eb2rodata)
 *(.eb2rodata.*)

.eb3text
 *(.eb3text)
 *(.eb3rodata)
 *(.eb3rodata.*)

.stab
 *(.stab)

.stabstr
 *(.stabstr)

.stab.excl
 *(.stab.excl)

.stab.exclstr
 *(.stab.exclstr)

.stab.index
 *(.stab.index)

.stab.indexstr
 *(.stab.indexstr)

.comment        0x00000000       0x6e
 *(.comment)
 .comment       0x00000000       0x6e ./System/newlib/diag/Trace.o
                                 0x6f (size before relaxing)
 .comment       0x0000006e       0x6f ./System/newlib/diag/trace_impl.o
 .comment       0x0000006e       0x6f ./System/newlib/_exit.o
 .comment       0x0000006e       0x6f ./System/newlib/_sbrk.o
 .comment       0x0000006e       0x6f ./System/newlib/_startup.o
 .comment       0x0000006e       0x6f ./System/newlib/_syscalls.o
 .comment       0x0000006e       0x6f ./System/_initialize_hardware.o
 .comment       0x0000006e       0x6f ./System/exception_handlers.o
 .comment       0x0000006e       0x6f ./System/vectors_stm32f427xx.o
 .comment       0x0000006e       0x6f ./Src/can.o
 .comment       0x0000006e       0x6f ./Src/dma.o
 .comment       0x0000006e       0x6f ./Src/freertos.o
 .comment       0x0000006e       0x6f ./Src/gpio.o
 .comment       0x0000006e       0x6f ./Src/main.o
 .comment       0x0000006e       0x6f ./Src/spi.o
 .comment       0x0000006e       0x6f ./Src/stm32f4xx_hal_msp.o
 .comment       0x0000006e       0x6f ./Src/stm32f4xx_hal_timebase_TIM.o
 .comment       0x0000006e       0x6f ./Src/stm32f4xx_it.o
 .comment       0x0000006e       0x6f ./Src/system_stm32f4xx.o
 .comment       0x0000006e       0x6f ./Src/tim.o
 .comment       0x0000006e       0x6f ./Src/usart.o
 .comment       0x0000006e       0x6f ./Middlewares/Third_Party/FreeRTOS/Source/portable/MemMang/heap_4.o
 .comment       0x0000006e       0x6f ./Middlewares/Third_Party/FreeRTOS/Source/portable/GCC/ARM_CM4F/port.o
 .comment       0x0000006e       0x6f ./Middlewares/Third_Party/FreeRTOS/Source/CMSIS_RTOS/cmsis_os.o
 .comment       0x0000006e       0x6f ./Middlewares/Third_Party/FreeRTOS/Source/list.o
 .comment       0x0000006e       0x6f ./Middlewares/Third_Party/FreeRTOS/Source/tasks.o
 .comment       0x0000006e       0x6f ./MDK-ARM/bsp/bsp_can.o
 .comment       0x0000006e       0x6f ./MDK-ARM/app/error_task.o
 .comment       0x0000006e       0x6f ./Drivers/STM32F4xx_HAL_Driver/Src/stm32f4xx_hal.o
 .comment       0x0000006e       0x6f ./Drivers/STM32F4xx_HAL_Driver/Src/stm32f4xx_hal_can.o
 .comment       0x0000006e       0x6f ./Drivers/STM32F4xx_HAL_Driver/Src/stm32f4xx_hal_cortex.o
 .comment       0x0000006e       0x6f ./Drivers/STM32F4xx_HAL_Driver/Src/stm32f4xx_hal_dma.o
 .comment       0x0000006e       0x6f ./Drivers/STM32F4xx_HAL_Driver/Src/stm32f4xx_hal_gpio.o
 .comment       0x0000006e       0x6f ./Drivers/STM32F4xx_HAL_Driver/Src/stm32f4xx_hal_pwr_ex.o
 .comment       0x0000006e       0x6f ./Drivers/STM32F4xx_HAL_Driver/Src/stm32f4xx_hal_rcc.o
 .comment       0x0000006e       0x6f ./Drivers/STM32F4xx_HAL_Driver/Src/stm32f4xx_hal_spi.o
 .comment       0x0000006e       0x6f ./Drivers/STM32F4xx_HAL_Driver/Src/stm32f4xx_hal_tim.o
 .comment       0x0000006e       0x6f ./Drivers/STM32F4xx_HAL_Driver/Src/stm32f4xx_hal_tim_ex.o
 .comment       0x0000006e       0x6f ./Drivers/STM32F4xx_HAL_Driver/Src/stm32f4xx_hal_uart.o

.ARM.attributes
                0x00000000       0x37
 .ARM.attributes
                0x00000000       0x39 ./System/newlib/diag/Trace.o
 .ARM.attributes
                0x00000039       0x39 ./System/newlib/diag/trace_impl.o
 .ARM.attributes
                0x00000072       0x39 ./System/newlib/_exit.o
 .ARM.attributes
                0x000000ab       0x39 ./System/newlib/_sbrk.o
 .ARM.attributes
                0x000000e4       0x39 ./System/newlib/_startup.o
 .ARM.attributes
                0x0000011d       0x39 ./System/newlib/_syscalls.o
 .ARM.attributes
                0x00000156       0x39 ./System/_initialize_hardware.o
 .ARM.attributes
                0x0000018f       0x39 ./System/exception_handlers.o
 .ARM.attributes
                0x000001c8       0x39 ./System/vectors_stm32f427xx.o
 .ARM.attributes
                0x00000201       0x39 ./Src/can.o
 .ARM.attributes
                0x0000023a       0x39 ./Src/dma.o
 .ARM.attributes
                0x00000273       0x39 ./Src/freertos.o
 .ARM.attributes
                0x000002ac       0x39 ./Src/gpio.o
 .ARM.attributes
                0x000002e5       0x39 ./Src/main.o
 .ARM.attributes
                0x0000031e       0x39 ./Src/spi.o
 .ARM.attributes
                0x00000357       0x39 ./Src/stm32f4xx_hal_msp.o
 .ARM.attributes
                0x00000390       0x39 ./Src/stm32f4xx_hal_timebase_TIM.o
 .ARM.attributes
                0x000003c9       0x39 ./Src/stm32f4xx_it.o
 .ARM.attributes
                0x00000402       0x39 ./Src/system_stm32f4xx.o
 .ARM.attributes
                0x0000043b       0x39 ./Src/tim.o
 .ARM.attributes
                0x00000474       0x39 ./Src/usart.o
 .ARM.attributes
                0x000004ad       0x39 ./Middlewares/Third_Party/FreeRTOS/Source/portable/MemMang/heap_4.o
 .ARM.attributes
                0x000004e6       0x39 ./Middlewares/Third_Party/FreeRTOS/Source/portable/GCC/ARM_CM4F/port.o
 .ARM.attributes
                0x0000051f       0x39 ./Middlewares/Third_Party/FreeRTOS/Source/CMSIS_RTOS/cmsis_os.o
 .ARM.attributes
                0x00000558       0x39 ./Middlewares/Third_Party/FreeRTOS/Source/list.o
 .ARM.attributes
                0x00000591       0x39 ./Middlewares/Third_Party/FreeRTOS/Source/tasks.o
 .ARM.attributes
                0x000005ca       0x39 ./MDK-ARM/bsp/bsp_can.o
 .ARM.attributes
                0x00000603       0x39 ./MDK-ARM/app/error_task.o
 .ARM.attributes
                0x0000063c       0x39 ./Drivers/STM32F4xx_HAL_Driver/Src/stm32f4xx_hal.o
 .ARM.attributes
                0x00000675       0x39 ./Drivers/STM32F4xx_HAL_Driver/Src/stm32f4xx_hal_can.o
 .ARM.attributes
                0x000006ae       0x39 ./Drivers/STM32F4xx_HAL_Driver/Src/stm32f4xx_hal_cortex.o
 .ARM.attributes
                0x000006e7       0x39 ./Drivers/STM32F4xx_HAL_Driver/Src/stm32f4xx_hal_dma.o
 .ARM.attributes
                0x00000720       0x39 ./Drivers/STM32F4xx_HAL_Driver/Src/stm32f4xx_hal_gpio.o
 .ARM.attributes
                0x00000759       0x39 ./Drivers/STM32F4xx_HAL_Driver/Src/stm32f4xx_hal_pwr_ex.o
 .ARM.attributes
                0x00000792       0x39 ./Drivers/STM32F4xx_HAL_Driver/Src/stm32f4xx_hal_rcc.o
 .ARM.attributes
                0x000007cb       0x39 ./Drivers/STM32F4xx_HAL_Driver/Src/stm32f4xx_hal_spi.o
 .ARM.attributes
                0x00000804       0x39 ./Drivers/STM32F4xx_HAL_Driver/Src/stm32f4xx_hal_tim.o
 .ARM.attributes
                0x0000083d       0x39 ./Drivers/STM32F4xx_HAL_Driver/Src/stm32f4xx_hal_tim_ex.o
 .ARM.attributes
                0x00000876       0x39 ./Drivers/STM32F4xx_HAL_Driver/Src/stm32f4xx_hal_uart.o
 .ARM.attributes
                0x000008af       0x22 d:/potableprogram/gcc-arm-none-eabi-5_4/bin/../lib/gcc/arm-none-eabi/5.4.1/armv7e-m/fpu\libgcc.a(_arm_addsubdf3.o)
 .ARM.attributes
                0x000008d1       0x22 d:/potableprogram/gcc-arm-none-eabi-5_4/bin/../lib/gcc/arm-none-eabi/5.4.1/armv7e-m/fpu\libgcc.a(_arm_muldivdf3.o)
 .ARM.attributes
                0x000008f3       0x22 d:/potableprogram/gcc-arm-none-eabi-5_4/bin/../lib/gcc/arm-none-eabi/5.4.1/armv7e-m/fpu\libgcc.a(_arm_cmpdf2.o)
 .ARM.attributes
                0x00000915       0x34 d:/potableprogram/gcc-arm-none-eabi-5_4/bin/../lib/gcc/arm-none-eabi/5.4.1/../../../../arm-none-eabi/lib/armv7e-m/fpu\libg.a(lib_a-errno.o)
 .ARM.attributes
                0x00000949       0x34 d:/potableprogram/gcc-arm-none-eabi-5_4/bin/../lib/gcc/arm-none-eabi/5.4.1/../../../../arm-none-eabi/lib/armv7e-m/fpu\libg.a(lib_a-impure.o)
 .ARM.attributes
                0x0000097d       0x34 d:/potableprogram/gcc-arm-none-eabi-5_4/bin/../lib/gcc/arm-none-eabi/5.4.1/../../../../arm-none-eabi/lib/armv7e-m/fpu\libg.a(lib_a-mallocr.o)
 .ARM.attributes
                0x000009b1       0x20 d:/potableprogram/gcc-arm-none-eabi-5_4/bin/../lib/gcc/arm-none-eabi/5.4.1/../../../../arm-none-eabi/lib/armv7e-m/fpu\libg.a(lib_a-memcpy.o)
 .ARM.attributes
                0x000009d1       0x34 d:/potableprogram/gcc-arm-none-eabi-5_4/bin/../lib/gcc/arm-none-eabi/5.4.1/../../../../arm-none-eabi/lib/armv7e-m/fpu\libg.a(lib_a-memset.o)
 .ARM.attributes
                0x00000a05       0x34 d:/potableprogram/gcc-arm-none-eabi-5_4/bin/../lib/gcc/arm-none-eabi/5.4.1/../../../../arm-none-eabi/lib/armv7e-m/fpu\libg.a(lib_a-mlock.o)
 .ARM.attributes
                0x00000a39       0x34 d:/potableprogram/gcc-arm-none-eabi-5_4/bin/../lib/gcc/arm-none-eabi/5.4.1/../../../../arm-none-eabi/lib/armv7e-m/fpu\libg.a(lib_a-sbrkr.o)
 .ARM.attributes
                0x00000a6d       0x20 d:/potableprogram/gcc-arm-none-eabi-5_4/bin/../lib/gcc/arm-none-eabi/5.4.1/../../../../arm-none-eabi/lib/armv7e-m/fpu\libg.a(lib_a-strlen.o)
 .ARM.attributes
                0x00000a8d       0x34 d:/potableprogram/gcc-arm-none-eabi-5_4/bin/../lib/gcc/arm-none-eabi/5.4.1/../../../../arm-none-eabi/lib/armv7e-m/fpu\libg.a(lib_a-svfprintf.o)
 .ARM.attributes
                0x00000ac1       0x34 d:/potableprogram/gcc-arm-none-eabi-5_4/bin/../lib/gcc/arm-none-eabi/5.4.1/../../../../arm-none-eabi/lib/armv7e-m/fpu\libg.a(lib_a-vsnprintf.o)
 .ARM.attributes
                0x00000af5       0x34 d:/potableprogram/gcc-arm-none-eabi-5_4/bin/../lib/gcc/arm-none-eabi/5.4.1/../../../../arm-none-eabi/lib/armv7e-m/fpu\libg.a(lib_a-dtoa.o)
 .ARM.attributes
                0x00000b29       0x34 d:/potableprogram/gcc-arm-none-eabi-5_4/bin/../lib/gcc/arm-none-eabi/5.4.1/../../../../arm-none-eabi/lib/armv7e-m/fpu\libg.a(lib_a-freer.o)
 .ARM.attributes
                0x00000b5d       0x34 d:/potableprogram/gcc-arm-none-eabi-5_4/bin/../lib/gcc/arm-none-eabi/5.4.1/../../../../arm-none-eabi/lib/armv7e-m/fpu\libg.a(lib_a-localeconv.o)
 .ARM.attributes
                0x00000b91       0x20 d:/potableprogram/gcc-arm-none-eabi-5_4/bin/../lib/gcc/arm-none-eabi/5.4.1/../../../../arm-none-eabi/lib/armv7e-m/fpu\libg.a(lib_a-memchr.o)
 .ARM.attributes
                0x00000bb1       0x34 d:/potableprogram/gcc-arm-none-eabi-5_4/bin/../lib/gcc/arm-none-eabi/5.4.1/../../../../arm-none-eabi/lib/armv7e-m/fpu\libg.a(lib_a-mprec.o)
 .ARM.attributes
                0x00000be5       0x34 d:/potableprogram/gcc-arm-none-eabi-5_4/bin/../lib/gcc/arm-none-eabi/5.4.1/../../../../arm-none-eabi/lib/armv7e-m/fpu\libg.a(lib_a-svfiprintf.o)
 .ARM.attributes
                0x00000c19       0x34 d:/potableprogram/gcc-arm-none-eabi-5_4/bin/../lib/gcc/arm-none-eabi/5.4.1/../../../../arm-none-eabi/lib/armv7e-m/fpu\libg.a(lib_a-callocr.o)
 .ARM.attributes
                0x00000c4d       0x34 d:/potableprogram/gcc-arm-none-eabi-5_4/bin/../lib/gcc/arm-none-eabi/5.4.1/../../../../arm-none-eabi/lib/armv7e-m/fpu\libg.a(lib_a-locale.o)
 .ARM.attributes
                0x00000c81       0x34 d:/potableprogram/gcc-arm-none-eabi-5_4/bin/../lib/gcc/arm-none-eabi/5.4.1/../../../../arm-none-eabi/lib/armv7e-m/fpu\libg.a(lib_a-mbtowc_r.o)
 .ARM.attributes
                0x00000cb5       0x34 d:/potableprogram/gcc-arm-none-eabi-5_4/bin/../lib/gcc/arm-none-eabi/5.4.1/../../../../arm-none-eabi/lib/armv7e-m/fpu\libg.a(lib_a-memmove.o)
 .ARM.attributes
                0x00000ce9       0x34 d:/potableprogram/gcc-arm-none-eabi-5_4/bin/../lib/gcc/arm-none-eabi/5.4.1/../../../../arm-none-eabi/lib/armv7e-m/fpu\libg.a(lib_a-reallocr.o)
 .ARM.attributes
                0x00000d1d       0x34 d:/potableprogram/gcc-arm-none-eabi-5_4/bin/../lib/gcc/arm-none-eabi/5.4.1/../../../../arm-none-eabi/lib/armv7e-m/fpu\libg.a(lib_a-wctomb_r.o)
 .ARM.attributes
                0x00000d51       0x34 d:/potableprogram/gcc-arm-none-eabi-5_4/bin/../lib/gcc/arm-none-eabi/5.4.1/../../../../arm-none-eabi/lib/armv7e-m/fpu\libg.a(lib_a-ctype_.o)
 .ARM.attributes
                0x00000d85       0x22 d:/potableprogram/gcc-arm-none-eabi-5_4/bin/../lib/gcc/arm-none-eabi/5.4.1/armv7e-m/fpu\libgcc.a(_arm_unorddf2.o)
 .ARM.attributes
                0x00000da7       0x22 d:/potableprogram/gcc-arm-none-eabi-5_4/bin/../lib/gcc/arm-none-eabi/5.4.1/armv7e-m/fpu\libgcc.a(_arm_fixdfsi.o)
 .ARM.attributes
                0x00000dc9       0x22 d:/potableprogram/gcc-arm-none-eabi-5_4/bin/../lib/gcc/arm-none-eabi/5.4.1/armv7e-m/fpu\libgcc.a(_aeabi_uldivmod.o)
 .ARM.attributes
                0x00000deb       0x34 d:/potableprogram/gcc-arm-none-eabi-5_4/bin/../lib/gcc/arm-none-eabi/5.4.1/armv7e-m/fpu\libgcc.a(_udivmoddi4.o)
 .ARM.attributes
                0x00000e1f       0x22 d:/potableprogram/gcc-arm-none-eabi-5_4/bin/../lib/gcc/arm-none-eabi/5.4.1/armv7e-m/fpu\libgcc.a(_dvmd_tls.o)

.debug
 *(.debug)

.line
 *(.line)

.debug_srcinfo
 *(.debug_srcinfo)

.debug_sfnames
 *(.debug_sfnames)

.debug_aranges  0x00000000     0x15f8
 *(.debug_aranges)
 .debug_aranges
                0x00000000       0x38 ./System/newlib/diag/Trace.o
 .debug_aranges
                0x00000038       0x30 ./System/newlib/diag/trace_impl.o
 .debug_aranges
                0x00000068       0x28 ./System/newlib/_exit.o
 .debug_aranges
                0x00000090       0x20 ./System/newlib/_sbrk.o
 .debug_aranges
                0x000000b0       0x40 ./System/newlib/_startup.o
 .debug_aranges
                0x000000f0       0x30 ./System/newlib/_syscalls.o
 .debug_aranges
                0x00000120       0x28 ./System/_initialize_hardware.o
 .debug_aranges
                0x00000148       0x88 ./System/exception_handlers.o
 .debug_aranges
                0x000001d0       0x20 ./System/vectors_stm32f427xx.o
 .debug_aranges
                0x000001f0       0x38 ./Src/can.o
 .debug_aranges
                0x00000228       0x20 ./Src/dma.o
 .debug_aranges
                0x00000248       0x28 ./Src/freertos.o
 .debug_aranges
                0x00000270       0x20 ./Src/gpio.o
 .debug_aranges
                0x00000290       0x40 ./Src/main.o
 .debug_aranges
                0x000002d0       0x30 ./Src/spi.o
 .debug_aranges
                0x00000300       0x20 ./Src/stm32f4xx_hal_msp.o
 .debug_aranges
                0x00000320       0x30 ./Src/stm32f4xx_hal_timebase_TIM.o
 .debug_aranges
                0x00000350       0xb8 ./Src/stm32f4xx_it.o
 .debug_aranges
                0x00000408       0x28 ./Src/system_stm32f4xx.o
 .debug_aranges
                0x00000430       0x60 ./Src/tim.o
 .debug_aranges
                0x00000490       0x48 ./Src/usart.o
 .debug_aranges
                0x000004d8       0x50 ./Middlewares/Third_Party/FreeRTOS/Source/portable/MemMang/heap_4.o
 .debug_aranges
                0x00000528       0x80 ./Middlewares/Third_Party/FreeRTOS/Source/portable/GCC/ARM_CM4F/port.o
 .debug_aranges
                0x000005a8      0x1d8 ./Middlewares/Third_Party/FreeRTOS/Source/CMSIS_RTOS/cmsis_os.o
 .debug_aranges
                0x00000780       0x40 ./Middlewares/Third_Party/FreeRTOS/Source/list.o
 .debug_aranges
                0x000007c0      0x190 ./Middlewares/Third_Party/FreeRTOS/Source/tasks.o
 .debug_aranges
                0x00000950       0x38 ./MDK-ARM/bsp/bsp_can.o
 .debug_aranges
                0x00000988       0x30 ./MDK-ARM/app/error_task.o
 .debug_aranges
                0x000009b8       0xd8 ./Drivers/STM32F4xx_HAL_Driver/Src/stm32f4xx_hal.o
 .debug_aranges
                0x00000a90       0xb0 ./Drivers/STM32F4xx_HAL_Driver/Src/stm32f4xx_hal_can.o
 .debug_aranges
                0x00000b40       0xa8 ./Drivers/STM32F4xx_HAL_Driver/Src/stm32f4xx_hal_cortex.o
 .debug_aranges
                0x00000be8       0x90 ./Drivers/STM32F4xx_HAL_Driver/Src/stm32f4xx_hal_dma.o
 .debug_aranges
                0x00000c78       0x58 ./Drivers/STM32F4xx_HAL_Driver/Src/stm32f4xx_hal_gpio.o
 .debug_aranges
                0x00000cd0       0x60 ./Drivers/STM32F4xx_HAL_Driver/Src/stm32f4xx_hal_pwr_ex.o
 .debug_aranges
                0x00000d30       0x88 ./Drivers/STM32F4xx_HAL_Driver/Src/stm32f4xx_hal_rcc.o
 .debug_aranges
                0x00000db8      0x1c8 ./Drivers/STM32F4xx_HAL_Driver/Src/stm32f4xx_hal_spi.o
 .debug_aranges
                0x00000f80      0x368 ./Drivers/STM32F4xx_HAL_Driver/Src/stm32f4xx_hal_tim.o
 .debug_aranges
                0x000012e8      0x140 ./Drivers/STM32F4xx_HAL_Driver/Src/stm32f4xx_hal_tim_ex.o
 .debug_aranges
                0x00001428      0x1d0 ./Drivers/STM32F4xx_HAL_Driver/Src/stm32f4xx_hal_uart.o

.debug_pubnames
 *(.debug_pubnames)

.debug_info     0x00000000    0x1d7ed
 *(.debug_info .gnu.linkonce.wi.*)
 .debug_info    0x00000000      0x2e7 ./System/newlib/diag/Trace.o
 .debug_info    0x000002e7      0x3d7 ./System/newlib/diag/trace_impl.o
 .debug_info    0x000006be       0xef ./System/newlib/_exit.o
 .debug_info    0x000007ad      0x11f ./System/newlib/_sbrk.o
 .debug_info    0x000008cc      0x455 ./System/newlib/_startup.o
 .debug_info    0x00000d21      0x1c7 ./System/newlib/_syscalls.o
 .debug_info    0x00000ee8      0x2bf ./System/_initialize_hardware.o
 .debug_info    0x000011a7      0x7b7 ./System/exception_handlers.o
 .debug_info    0x0000195e       0xd1 ./System/vectors_stm32f427xx.o
 .debug_info    0x00001a2f      0xe30 ./Src/can.o
 .debug_info    0x0000285f      0x5ed ./Src/dma.o
 .debug_info    0x00002e4c      0x211 ./Src/freertos.o
 .debug_info    0x0000305d      0x5c5 ./Src/gpio.o
 .debug_info    0x00003622      0xeb2 ./Src/main.o
 .debug_info    0x000044d4      0x97f ./Src/spi.o
 .debug_info    0x00004e53      0x3fd ./Src/stm32f4xx_hal_msp.o
 .debug_info    0x00005250      0xb84 ./Src/stm32f4xx_hal_timebase_TIM.o
 .debug_info    0x00005dd4      0xf00 ./Src/stm32f4xx_it.o
 .debug_info    0x00006cd4      0x4f9 ./Src/system_stm32f4xx.o
 .debug_info    0x000071cd     0x155d ./Src/tim.o
 .debug_info    0x0000872a     0x1000 ./Src/usart.o
 .debug_info    0x0000972a      0x433 ./Middlewares/Third_Party/FreeRTOS/Source/portable/MemMang/heap_4.o
 .debug_info    0x00009b5d      0x51e ./Middlewares/Third_Party/FreeRTOS/Source/portable/GCC/ARM_CM4F/port.o
 .debug_info    0x0000a07b     0x1b07 ./Middlewares/Third_Party/FreeRTOS/Source/CMSIS_RTOS/cmsis_os.o
 .debug_info    0x0000bb82      0x29a ./Middlewares/Third_Party/FreeRTOS/Source/list.o
 .debug_info    0x0000be1c     0x2103 ./Middlewares/Third_Party/FreeRTOS/Source/tasks.o
 .debug_info    0x0000df1f      0xb03 ./MDK-ARM/bsp/bsp_can.o
 .debug_info    0x0000ea22      0x422 ./MDK-ARM/app/error_task.o
 .debug_info    0x0000ee44      0x9d6 ./Drivers/STM32F4xx_HAL_Driver/Src/stm32f4xx_hal.o
 .debug_info    0x0000f81a      0xfad ./Drivers/STM32F4xx_HAL_Driver/Src/stm32f4xx_hal_can.o
 .debug_info    0x000107c7     0x119e ./Drivers/STM32F4xx_HAL_Driver/Src/stm32f4xx_hal_cortex.o
 .debug_info    0x00011965      0xc1c ./Drivers/STM32F4xx_HAL_Driver/Src/stm32f4xx_hal_dma.o
 .debug_info    0x00012581      0x884 ./Drivers/STM32F4xx_HAL_Driver/Src/stm32f4xx_hal_gpio.o
 .debug_info    0x00012e05      0x97d ./Drivers/STM32F4xx_HAL_Driver/Src/stm32f4xx_hal_pwr_ex.o
 .debug_info    0x00013782      0xf71 ./Drivers/STM32F4xx_HAL_Driver/Src/stm32f4xx_hal_rcc.o
 .debug_info    0x000146f3     0x1bc5 ./Drivers/STM32F4xx_HAL_Driver/Src/stm32f4xx_hal_spi.o
 .debug_info    0x000162b8     0x4315 ./Drivers/STM32F4xx_HAL_Driver/Src/stm32f4xx_hal_tim.o
 .debug_info    0x0001a5cd     0x18aa ./Drivers/STM32F4xx_HAL_Driver/Src/stm32f4xx_hal_tim_ex.o
 .debug_info    0x0001be77     0x1976 ./Drivers/STM32F4xx_HAL_Driver/Src/stm32f4xx_hal_uart.o

.debug_abbrev   0x00000000     0x45ea
 *(.debug_abbrev)
 .debug_abbrev  0x00000000      0x156 ./System/newlib/diag/Trace.o
 .debug_abbrev  0x00000156      0x188 ./System/newlib/diag/trace_impl.o
 .debug_abbrev  0x000002de       0x8e ./System/newlib/_exit.o
 .debug_abbrev  0x0000036c       0xb9 ./System/newlib/_sbrk.o
 .debug_abbrev  0x00000425      0x1ac ./System/newlib/_startup.o
 .debug_abbrev  0x000005d1       0xec ./System/newlib/_syscalls.o
 .debug_abbrev  0x000006bd       0xea ./System/_initialize_hardware.o
 .debug_abbrev  0x000007a7      0x1d4 ./System/exception_handlers.o
 .debug_abbrev  0x0000097b       0x9d ./System/vectors_stm32f427xx.o
 .debug_abbrev  0x00000a18      0x1b6 ./Src/can.o
 .debug_abbrev  0x00000bce      0x126 ./Src/dma.o
 .debug_abbrev  0x00000cf4      0x140 ./Src/freertos.o
 .debug_abbrev  0x00000e34      0x148 ./Src/gpio.o
 .debug_abbrev  0x00000f7c      0x22e ./Src/main.o
 .debug_abbrev  0x000011aa      0x1a8 ./Src/spi.o
 .debug_abbrev  0x00001352       0xc2 ./Src/stm32f4xx_hal_msp.o
 .debug_abbrev  0x00001414      0x1d4 ./Src/stm32f4xx_hal_timebase_TIM.o
 .debug_abbrev  0x000015e8      0x1dc ./Src/stm32f4xx_it.o
 .debug_abbrev  0x000017c4      0x104 ./Src/system_stm32f4xx.o
 .debug_abbrev  0x000018c8      0x1f8 ./Src/tim.o
 .debug_abbrev  0x00001ac0      0x1f4 ./Src/usart.o
 .debug_abbrev  0x00001cb4      0x1fe ./Middlewares/Third_Party/FreeRTOS/Source/portable/MemMang/heap_4.o
 .debug_abbrev  0x00001eb2      0x21c ./Middlewares/Third_Party/FreeRTOS/Source/portable/GCC/ARM_CM4F/port.o
 .debug_abbrev  0x000020ce      0x2fe ./Middlewares/Third_Party/FreeRTOS/Source/CMSIS_RTOS/cmsis_os.o
 .debug_abbrev  0x000023cc       0xdf ./Middlewares/Third_Party/FreeRTOS/Source/list.o
 .debug_abbrev  0x000024ab      0x309 ./Middlewares/Third_Party/FreeRTOS/Source/tasks.o
 .debug_abbrev  0x000027b4      0x1fd ./MDK-ARM/bsp/bsp_can.o
 .debug_abbrev  0x000029b1      0x1e3 ./MDK-ARM/app/error_task.o
 .debug_abbrev  0x00002b94      0x25c ./Drivers/STM32F4xx_HAL_Driver/Src/stm32f4xx_hal.o
 .debug_abbrev  0x00002df0      0x233 ./Drivers/STM32F4xx_HAL_Driver/Src/stm32f4xx_hal_can.o
 .debug_abbrev  0x00003023      0x324 ./Drivers/STM32F4xx_HAL_Driver/Src/stm32f4xx_hal_cortex.o
 .debug_abbrev  0x00003347      0x29f ./Drivers/STM32F4xx_HAL_Driver/Src/stm32f4xx_hal_dma.o
 .debug_abbrev  0x000035e6      0x204 ./Drivers/STM32F4xx_HAL_Driver/Src/stm32f4xx_hal_gpio.o
 .debug_abbrev  0x000037ea      0x25d ./Drivers/STM32F4xx_HAL_Driver/Src/stm32f4xx_hal_pwr_ex.o
 .debug_abbrev  0x00003a47      0x2c1 ./Drivers/STM32F4xx_HAL_Driver/Src/stm32f4xx_hal_rcc.o
 .debug_abbrev  0x00003d08      0x23d ./Drivers/STM32F4xx_HAL_Driver/Src/stm32f4xx_hal_spi.o
 .debug_abbrev  0x00003f45      0x21b ./Drivers/STM32F4xx_HAL_Driver/Src/stm32f4xx_hal_tim.o
 .debug_abbrev  0x00004160      0x21b ./Drivers/STM32F4xx_HAL_Driver/Src/stm32f4xx_hal_tim_ex.o
 .debug_abbrev  0x0000437b      0x26f ./Drivers/STM32F4xx_HAL_Driver/Src/stm32f4xx_hal_uart.o

.debug_line     0x00000000    0x15cdc
 *(.debug_line)
 .debug_line    0x00000000      0x353 ./System/newlib/diag/Trace.o
 .debug_line    0x00000353      0x6fb ./System/newlib/diag/trace_impl.o
 .debug_line    0x00000a4e      0x2f4 ./System/newlib/_exit.o
 .debug_line    0x00000d42      0x2a6 ./System/newlib/_sbrk.o
 .debug_line    0x00000fe8      0x35c ./System/newlib/_startup.o
 .debug_line    0x00001344      0x3b0 ./System/newlib/_syscalls.o
 .debug_line    0x000016f4      0x68f ./System/_initialize_hardware.o
 .debug_line    0x00001d83      0x77b ./System/exception_handlers.o
 .debug_line    0x000024fe       0xd0 ./System/vectors_stm32f427xx.o
 .debug_line    0x000025ce      0x6ef ./Src/can.o
 .debug_line    0x00002cbd      0x67a ./Src/dma.o
 .debug_line    0x00003337      0x2c3 ./Src/freertos.o
 .debug_line    0x000035fa      0x699 ./Src/gpio.o
 .debug_line    0x00003c93      0x8d8 ./Src/main.o
 .debug_line    0x0000456b      0x6b5 ./Src/spi.o
 .debug_line    0x00004c20      0x67b ./Src/stm32f4xx_hal_msp.o
 .debug_line    0x0000529b      0x6ae ./Src/stm32f4xx_hal_timebase_TIM.o
 .debug_line    0x00005949      0x987 ./Src/stm32f4xx_it.o
 .debug_line    0x000062d0      0x69e ./Src/system_stm32f4xx.o
 .debug_line    0x0000696e      0x7e9 ./Src/tim.o
 .debug_line    0x00007157      0x76f ./Src/usart.o
 .debug_line    0x000078c6      0x4d9 ./Middlewares/Third_Party/FreeRTOS/Source/portable/MemMang/heap_4.o
 .debug_line    0x00007d9f      0x3b5 ./Middlewares/Third_Party/FreeRTOS/Source/portable/GCC/ARM_CM4F/port.o
 .debug_line    0x00008154      0xa3b ./Middlewares/Third_Party/FreeRTOS/Source/CMSIS_RTOS/cmsis_os.o
 .debug_line    0x00008b8f      0x420 ./Middlewares/Third_Party/FreeRTOS/Source/list.o
 .debug_line    0x00008faf      0xc6f ./Middlewares/Third_Party/FreeRTOS/Source/tasks.o
 .debug_line    0x00009c1e      0x9b5 ./MDK-ARM/bsp/bsp_can.o
 .debug_line    0x0000a5d3      0x989 ./MDK-ARM/app/error_task.o
 .debug_line    0x0000af5c      0x855 ./Drivers/STM32F4xx_HAL_Driver/Src/stm32f4xx_hal.o
 .debug_line    0x0000b7b1      0xcbf ./Drivers/STM32F4xx_HAL_Driver/Src/stm32f4xx_hal_can.o
 .debug_line    0x0000c470      0x92b ./Drivers/STM32F4xx_HAL_Driver/Src/stm32f4xx_hal_cortex.o
 .debug_line    0x0000cd9b      0xb1f ./Drivers/STM32F4xx_HAL_Driver/Src/stm32f4xx_hal_dma.o
 .debug_line    0x0000d8ba      0x9e5 ./Drivers/STM32F4xx_HAL_Driver/Src/stm32f4xx_hal_gpio.o
 .debug_line    0x0000e29f      0x806 ./Drivers/STM32F4xx_HAL_Driver/Src/stm32f4xx_hal_pwr_ex.o
 .debug_line    0x0000eaa5      0xaf4 ./Drivers/STM32F4xx_HAL_Driver/Src/stm32f4xx_hal_rcc.o
 .debug_line    0x0000f599     0x1107 ./Drivers/STM32F4xx_HAL_Driver/Src/stm32f4xx_hal_spi.o
 .debug_line    0x000106a0     0x33d4 ./Drivers/STM32F4xx_HAL_Driver/Src/stm32f4xx_hal_tim.o
 .debug_line    0x00013a74     0x111a ./Drivers/STM32F4xx_HAL_Driver/Src/stm32f4xx_hal_tim_ex.o
 .debug_line    0x00014b8e     0x114e ./Drivers/STM32F4xx_HAL_Driver/Src/stm32f4xx_hal_uart.o

.debug_frame    0x00000000     0x4194
 *(.debug_frame)
 .debug_frame   0x00000000       0x94 ./System/newlib/diag/Trace.o
 .debug_frame   0x00000094       0x54 ./System/newlib/diag/trace_impl.o
 .debug_frame   0x000000e8       0x38 ./System/newlib/_exit.o